Archive member included to satisfy reference by file (symbol)

/home/saicharan/arm/lib/gcc/arm-none-eabi/6.3.0/../../../../arm-none-eabi/lib/libc_s.a(lib_a-exit.o)
                              /home/saicharan/arm/lib/gcc/arm-none-eabi/6.3.0/../../../../arm-none-eabi/lib/crt0.o (exit)
/home/saicharan/arm/lib/gcc/arm-none-eabi/6.3.0/../../../../arm-none-eabi/lib/libc_s.a(lib_a-impure.o)
                              /home/saicharan/arm/lib/gcc/arm-none-eabi/6.3.0/../../../../arm-none-eabi/lib/libc_s.a(lib_a-exit.o) (_global_impure_ptr)
/home/saicharan/arm/lib/gcc/arm-none-eabi/6.3.0/../../../../arm-none-eabi/lib/libc_s.a(lib_a-init.o)
                              /home/saicharan/arm/lib/gcc/arm-none-eabi/6.3.0/../../../../arm-none-eabi/lib/crt0.o (__libc_init_array)
/home/saicharan/arm/lib/gcc/arm-none-eabi/6.3.0/../../../../arm-none-eabi/lib/libc_s.a(lib_a-memset.o)
                              /home/saicharan/arm/lib/gcc/arm-none-eabi/6.3.0/../../../../arm-none-eabi/lib/crt0.o (memset)
/home/saicharan/arm/lib/gcc/arm-none-eabi/6.3.0/../../../../arm-none-eabi/lib/libnosys.a(_exit.o)
                              /home/saicharan/arm/lib/gcc/arm-none-eabi/6.3.0/../../../../arm-none-eabi/lib/libc_s.a(lib_a-exit.o) (_exit)

Allocating common symbols
Common symbol       size              file

slave_cmd_byte_received
                    0x1               build/main.o
uwTick              0x4               build/stm32f3xx_hal.o
dali_slave_array_receive_buffer
                    0x11              build/main.o
pFlash              0x20              build/stm32f3xx_hal_flash.o
slave_addr_byte_received
                    0x1               build/main.o
htim2               0x40              build/main.o

Discarded input sections

 .text          0x0000000000000000        0x0 /home/saicharan/arm/lib/gcc/arm-none-eabi/6.3.0/crti.o
 .data          0x0000000000000000        0x0 /home/saicharan/arm/lib/gcc/arm-none-eabi/6.3.0/crti.o
 .bss           0x0000000000000000        0x0 /home/saicharan/arm/lib/gcc/arm-none-eabi/6.3.0/crti.o
 .data          0x0000000000000000        0x4 /home/saicharan/arm/lib/gcc/arm-none-eabi/6.3.0/crtbegin.o
 .text          0x0000000000000000       0x74 /home/saicharan/arm/lib/gcc/arm-none-eabi/6.3.0/../../../../arm-none-eabi/lib/crt0.o
 .data          0x0000000000000000        0x0 /home/saicharan/arm/lib/gcc/arm-none-eabi/6.3.0/../../../../arm-none-eabi/lib/crt0.o
 .bss           0x0000000000000000        0x0 /home/saicharan/arm/lib/gcc/arm-none-eabi/6.3.0/../../../../arm-none-eabi/lib/crt0.o
 .ARM.extab     0x0000000000000000        0x0 /home/saicharan/arm/lib/gcc/arm-none-eabi/6.3.0/../../../../arm-none-eabi/lib/crt0.o
 .ARM.exidx     0x0000000000000000        0x8 /home/saicharan/arm/lib/gcc/arm-none-eabi/6.3.0/../../../../arm-none-eabi/lib/crt0.o
 .debug_line    0x0000000000000000       0x97 /home/saicharan/arm/lib/gcc/arm-none-eabi/6.3.0/../../../../arm-none-eabi/lib/crt0.o
 .debug_info    0x0000000000000000       0xab /home/saicharan/arm/lib/gcc/arm-none-eabi/6.3.0/../../../../arm-none-eabi/lib/crt0.o
 .debug_abbrev  0x0000000000000000       0x14 /home/saicharan/arm/lib/gcc/arm-none-eabi/6.3.0/../../../../arm-none-eabi/lib/crt0.o
 .debug_aranges
                0x0000000000000000       0x20 /home/saicharan/arm/lib/gcc/arm-none-eabi/6.3.0/../../../../arm-none-eabi/lib/crt0.o
 .ARM.attributes
                0x0000000000000000       0x25 /home/saicharan/arm/lib/gcc/arm-none-eabi/6.3.0/../../../../arm-none-eabi/lib/crt0.o
 .text          0x0000000000000000        0x0 build/stm32f3xx_hal_pwr_ex.o
 .data          0x0000000000000000        0x0 build/stm32f3xx_hal_pwr_ex.o
 .bss           0x0000000000000000        0x0 build/stm32f3xx_hal_pwr_ex.o
 .text.HAL_PWR_ConfigPVD
                0x0000000000000000       0xe0 build/stm32f3xx_hal_pwr_ex.o
 .text.HAL_PWR_EnablePVD
                0x0000000000000000       0x10 build/stm32f3xx_hal_pwr_ex.o
 .text.HAL_PWR_DisablePVD
                0x0000000000000000       0x10 build/stm32f3xx_hal_pwr_ex.o
 .text.HAL_PWR_PVDCallback
                0x0000000000000000        0x2 build/stm32f3xx_hal_pwr_ex.o
 .text.HAL_PWR_PVD_IRQHandler
                0x0000000000000000       0x20 build/stm32f3xx_hal_pwr_ex.o
 .rodata.HAL_PWR_ConfigPVD.str1.4
                0x0000000000000000       0x38 build/stm32f3xx_hal_pwr_ex.o
 .debug_info    0x0000000000000000      0xc52 build/stm32f3xx_hal_pwr_ex.o
 .debug_abbrev  0x0000000000000000      0x223 build/stm32f3xx_hal_pwr_ex.o
 .debug_loc     0x0000000000000000       0x5e build/stm32f3xx_hal_pwr_ex.o
 .debug_aranges
                0x0000000000000000       0x40 build/stm32f3xx_hal_pwr_ex.o
 .debug_ranges  0x0000000000000000       0x30 build/stm32f3xx_hal_pwr_ex.o
 .debug_line    0x0000000000000000      0x2ee build/stm32f3xx_hal_pwr_ex.o
 .debug_str     0x0000000000000000      0x719 build/stm32f3xx_hal_pwr_ex.o
 .comment       0x0000000000000000       0x12 build/stm32f3xx_hal_pwr_ex.o
[...]
Memory Configuration

Name             Origin             Length             Attributes
RAM              0x0000000020000000 0x000000000000a000 xrw
CCMRAM           0x0000000010000000 0x0000000000002000 rw
FLASH            0x0000000008000000 0x0000000000040000 xr
*default*        0x0000000000000000 0xffffffffffffffff

Linker script and memory map

LOAD /home/saicharan/arm/lib/gcc/arm-none-eabi/6.3.0/crti.o
LOAD /home/saicharan/arm/lib/gcc/arm-none-eabi/6.3.0/crtbegin.o
LOAD /home/saicharan/arm/lib/gcc/arm-none-eabi/6.3.0/../../../../arm-none-eabi/lib/crt0.o
LOAD build/stm32f3xx_hal_pwr_ex.o
LOAD build/stm32f3xx_hal_i2c_ex.o
LOAD build/stm32f3xx_hal_dma.o
LOAD build/stm32f3xx_hal_tim.o
LOAD build/system_stm32f3xx.o
LOAD build/stm32f3xx_hal_msp.o
LOAD build/main.o
LOAD build/stm32f3xx_hal_flash_ex.o
LOAD build/stm32f3xx_hal.o
LOAD build/stm32f3xx_hal_i2c.o
LOAD build/stm32f3xx_hal_gpio.o
LOAD build/stm32f3xx_hal_tim_ex.o
LOAD build/stm32f3xx_hal_flash.o
LOAD build/stm32f3xx_hal_rcc_ex.o
LOAD build/stm32f3xx_hal_pwr.o
LOAD build/stm32f3xx_hal_cortex.o
LOAD build/stm32f3xx_hal_rcc.o
LOAD build/stm32f3xx_it.o
LOAD build/startup_stm32f303xc.o
LOAD /home/saicharan/arm/lib/gcc/arm-none-eabi/6.3.0/../../../../arm-none-eabi/lib/libc_s.a
LOAD /home/saicharan/arm/lib/gcc/arm-none-eabi/6.3.0/../../../../arm-none-eabi/lib/libm.a
LOAD /home/saicharan/arm/lib/gcc/arm-none-eabi/6.3.0/../../../../arm-none-eabi/lib/libnosys.a
START GROUP
LOAD /home/saicharan/arm/lib/gcc/arm-none-eabi/6.3.0/libgcc.a
LOAD /home/saicharan/arm/lib/gcc/arm-none-eabi/6.3.0/../../../../arm-none-eabi/lib/libc_s.a
END GROUP
START GROUP
LOAD /home/saicharan/arm/lib/gcc/arm-none-eabi/6.3.0/libgcc.a
LOAD /home/saicharan/arm/lib/gcc/arm-none-eabi/6.3.0/../../../../arm-none-eabi/lib/libc_s.a
END GROUP
LOAD /home/saicharan/arm/lib/gcc/arm-none-eabi/6.3.0/crtend.o
LOAD /home/saicharan/arm/lib/gcc/arm-none-eabi/6.3.0/crtn.o
                0x000000002000a000                _estack = 0x2000a000
                0x0000000000000200                _Min_Heap_Size = 0x200
                0x0000000000000400                _Min_Stack_Size = 0x400

.isr_vector     0x0000000008000000      0x188
                0x0000000008000000                . = ALIGN (0x4)
 *(.isr_vector)
 .isr_vector    0x0000000008000000      0x188 build/startup_stm32f303xc.o
                0x0000000008000000                g_pfnVectors
                0x0000000008000188                . = ALIGN (0x4)

.text           0x0000000008000188     0x201c
                0x0000000008000188                . = ALIGN (0x4)
 *(.text)
 .text          0x0000000008000188       0xa4 /home/saicharan/arm/lib/gcc/arm-none-eabi/6.3.0/crtbegin.o
 .text          0x000000000800022c       0x50 /home/saicharan/arm/lib/gcc/arm-none-eabi/6.3.0/../../../../arm-none-eabi/lib/libc_s.a(lib_a-init.o)
                0x000000000800022c                __libc_init_array
 *(.text*)
 .text.TIM_TI1_ConfigInputStage
                0x000000000800027c       0x26 build/stm32f3xx_hal_tim.o
 .text.TIM_TI2_ConfigInputStage
                0x00000000080002a2       0x28 build/stm32f3xx_hal_tim.o
 .text.TIM_ITRx_SetConfig
                0x00000000080002ca       0x10 build/stm32f3xx_hal_tim.o
 *fill*         0x00000000080002da        0x2 
 .text.HAL_TIM_Base_Start_IT
                0x00000000080002dc       0x7c build/stm32f3xx_hal_tim.o
                0x00000000080002dc                HAL_TIM_Base_Start_IT
 .text.HAL_TIM_Base_Stop_IT
                0x0000000008000358       0x90 build/stm32f3xx_hal_tim.o
                0x0000000008000358                HAL_TIM_Base_Stop_IT
 .text.HAL_TIM_OC_DelayElapsedCallback
                0x00000000080003e8        0x2 build/stm32f3xx_hal_tim.o
                0x00000000080003e8                HAL_TIM_OC_DelayElapsedCallback
 .text.HAL_TIM_IC_CaptureCallback
                0x00000000080003ea        0x2 build/stm32f3xx_hal_tim.o
                0x00000000080003ea                HAL_TIM_IC_CaptureCallback
 .text.HAL_TIM_PWM_PulseFinishedCallback
                0x00000000080003ec        0x2 build/stm32f3xx_hal_tim.o
                0x00000000080003ec                HAL_TIM_PWM_PulseFinishedCallback
 .text.HAL_TIM_TriggerCallback
                0x00000000080003ee        0x2 build/stm32f3xx_hal_tim.o
                0x00000000080003ee                HAL_TIM_TriggerCallback
 .text.HAL_TIM_IRQHandler
                0x00000000080003f0      0x19a build/stm32f3xx_hal_tim.o
                0x00000000080003f0                HAL_TIM_IRQHandler
 *fill*         0x000000000800058a        0x2 
 .text.TIM_Base_SetConfig
                0x000000000800058c       0xb8 build/stm32f3xx_hal_tim.o
                0x000000000800058c                TIM_Base_SetConfig
 .text.HAL_TIM_Base_Init
                0x0000000008000644       0xd8 build/stm32f3xx_hal_tim.o
                0x0000000008000644                HAL_TIM_Base_Init
 .text.TIM_ETR_SetConfig
                0x000000000800071c       0x18 build/stm32f3xx_hal_tim.o
                0x000000000800071c                TIM_ETR_SetConfig
 .text.HAL_TIM_ConfigClockSource
                0x0000000008000734      0x4dc build/stm32f3xx_hal_tim.o
                0x0000000008000734                HAL_TIM_ConfigClockSource
 .text.SystemInit
                0x0000000008000c10       0x68 build/system_stm32f3xx.o
                0x0000000008000c10                SystemInit
 .text.HAL_MspInit
                0x0000000008000c78       0x7c build/stm32f3xx_hal_msp.o
                0x0000000008000c78                HAL_MspInit
 .text.HAL_TIM_Base_MspInit
                0x0000000008000cf4       0x3a build/stm32f3xx_hal_msp.o
                0x0000000008000cf4                HAL_TIM_Base_MspInit
 *fill*         0x0000000008000d2e        0x2 
 .text.MX_GPIO_Init
                0x0000000008000d30       0xcc build/main.o
 .text.Forward_Frame_Received
                0x0000000008000dfc       0x84 build/main.o
                0x0000000008000dfc                Forward_Frame_Received
 .text._Error_Handler
                0x0000000008000e80        0x2 build/main.o
                0x0000000008000e80                _Error_Handler
 *fill*         0x0000000008000e82        0x2 
 .text.MX_TIM2_Init
                0x0000000008000e84       0x6c build/main.o
 .text.SystemClock_Config
                0x0000000008000ef0       0x80 build/main.o
                0x0000000008000ef0                SystemClock_Config
 .text.main     0x0000000008000f70       0x38 build/main.o
                0x0000000008000f70                main
 .text.DALI_Slave_Receiving_Data
                0x0000000008000fa8       0x94 build/main.o
                0x0000000008000fa8                DALI_Slave_Receiving_Data
 .text.HAL_TIM_PeriodElapsedCallback
                0x000000000800103c        0x8 build/main.o
                0x000000000800103c                HAL_TIM_PeriodElapsedCallback
 .text.assert_failed
                0x0000000008001044        0x2 build/main.o
                0x0000000008001044                assert_failed
 *fill*         0x0000000008001046        0x2 
 .text.HAL_InitTick
                0x0000000008001048       0x2c build/stm32f3xx_hal.o
                0x0000000008001048                HAL_InitTick
 .text.HAL_Init
                0x0000000008001074       0x24 build/stm32f3xx_hal.o
                0x0000000008001074                HAL_Init
 .text.HAL_IncTick
                0x0000000008001098       0x10 build/stm32f3xx_hal.o
                0x0000000008001098                HAL_IncTick
 .text.HAL_GetTick
                0x00000000080010a8        0xc build/stm32f3xx_hal.o
                0x00000000080010a8                HAL_GetTick
 .text.HAL_GPIO_Init
                0x00000000080010b4      0x2c0 build/stm32f3xx_hal_gpio.o
                0x00000000080010b4                HAL_GPIO_Init
 .text.HAL_GPIO_ReadPin
                0x0000000008001374       0x28 build/stm32f3xx_hal_gpio.o
                0x0000000008001374                HAL_GPIO_ReadPin
 .text.HAL_GPIO_WritePin
                0x000000000800139c       0x34 build/stm32f3xx_hal_gpio.o
                0x000000000800139c                HAL_GPIO_WritePin
 .text.HAL_GPIO_EXTI_Callback
                0x00000000080013d0        0x2 build/stm32f3xx_hal_gpio.o
                0x00000000080013d0                HAL_GPIO_EXTI_Callback
 *fill*         0x00000000080013d2        0x2 
 .text.HAL_GPIO_EXTI_IRQHandler
                0x00000000080013d4       0x1c build/stm32f3xx_hal_gpio.o
                0x00000000080013d4                HAL_GPIO_EXTI_IRQHandler
 .text.HAL_TIMEx_MasterConfigSynchronization
                0x00000000080013f0      0x14c build/stm32f3xx_hal_tim_ex.o
                0x00000000080013f0                HAL_TIMEx_MasterConfigSynchronization
 .text.HAL_TIMEx_CommutationCallback
                0x000000000800153c        0x2 build/stm32f3xx_hal_tim_ex.o
                0x000000000800153c                HAL_TIMEx_CommutationCallback
 .text.HAL_TIMEx_BreakCallback
                0x000000000800153e        0x2 build/stm32f3xx_hal_tim_ex.o
                0x000000000800153e                HAL_TIMEx_BreakCallback
 .text.HAL_TIMEx_Break2Callback
                0x0000000008001540        0x2 build/stm32f3xx_hal_tim_ex.o
                0x0000000008001540                HAL_TIMEx_Break2Callback
 *fill*         0x0000000008001542        0x2 
 .text.HAL_NVIC_SetPriorityGrouping
                0x0000000008001544       0x3c build/stm32f3xx_hal_cortex.o
                0x0000000008001544                HAL_NVIC_SetPriorityGrouping
 .text.HAL_NVIC_SetPriority
                0x0000000008001580       0x88 build/stm32f3xx_hal_cortex.o
                0x0000000008001580                HAL_NVIC_SetPriority
 .text.HAL_NVIC_EnableIRQ
                0x0000000008001608       0x2c build/stm32f3xx_hal_cortex.o
                0x0000000008001608                HAL_NVIC_EnableIRQ
 .text.HAL_SYSTICK_Config
                0x0000000008001634       0x2c build/stm32f3xx_hal_cortex.o
                0x0000000008001634                HAL_SYSTICK_Config
 .text.HAL_SYSTICK_CLKSourceConfig
                0x0000000008001660       0x3c build/stm32f3xx_hal_cortex.o
                0x0000000008001660                HAL_SYSTICK_CLKSourceConfig
 .text.HAL_SYSTICK_Callback
                0x000000000800169c        0x2 build/stm32f3xx_hal_cortex.o
                0x000000000800169c                HAL_SYSTICK_Callback
 .text.HAL_SYSTICK_IRQHandler
                0x000000000800169e        0x8 build/stm32f3xx_hal_cortex.o
                0x000000000800169e                HAL_SYSTICK_IRQHandler
 *fill*         0x00000000080016a6        0x2 
 .text.HAL_RCC_OscConfig
                0x00000000080016a8      0x730 build/stm32f3xx_hal_rcc.o
                0x00000000080016a8                HAL_RCC_OscConfig
 .text.HAL_RCC_GetSysClockFreq
                0x0000000008001dd8       0x70 build/stm32f3xx_hal_rcc.o
                0x0000000008001dd8                HAL_RCC_GetSysClockFreq
 .text.HAL_RCC_ClockConfig
                0x0000000008001e48      0x298 build/stm32f3xx_hal_rcc.o
                0x0000000008001e48                HAL_RCC_ClockConfig
 .text.HAL_RCC_GetHCLKFreq
                0x00000000080020e0        0xc build/stm32f3xx_hal_rcc.o
                0x00000000080020e0                HAL_RCC_GetHCLKFreq
 .text.NMI_Handler
                0x00000000080020ec        0x2 build/stm32f3xx_it.o
                0x00000000080020ec                NMI_Handler
 .text.HardFault_Handler
                0x00000000080020ee        0x2 build/stm32f3xx_it.o
                0x00000000080020ee                HardFault_Handler
 .text.MemManage_Handler
                0x00000000080020f0        0x2 build/stm32f3xx_it.o
                0x00000000080020f0                MemManage_Handler
 .text.BusFault_Handler
                0x00000000080020f2        0x2 build/stm32f3xx_it.o
                0x00000000080020f2                BusFault_Handler
 .text.UsageFault_Handler
                0x00000000080020f4        0x2 build/stm32f3xx_it.o
                0x00000000080020f4                UsageFault_Handler
 .text.SVC_Handler
                0x00000000080020f6        0x2 build/stm32f3xx_it.o
                0x00000000080020f6                SVC_Handler
 .text.DebugMon_Handler
                0x00000000080020f8        0x2 build/stm32f3xx_it.o
                0x00000000080020f8                DebugMon_Handler
 .text.PendSV_Handler
                0x00000000080020fa        0x2 build/stm32f3xx_it.o
                0x00000000080020fa                PendSV_Handler
 .text.SysTick_Handler
                0x00000000080020fc        0xc build/stm32f3xx_it.o
                0x00000000080020fc                SysTick_Handler
 .text.EXTI0_IRQHandler
                0x0000000008002108        0xa build/stm32f3xx_it.o
                0x0000000008002108                EXTI0_IRQHandler
 *fill*         0x0000000008002112        0x2 
 .text.EXTI4_IRQHandler
                0x0000000008002114       0x14 build/stm32f3xx_it.o
                0x0000000008002114                EXTI4_IRQHandler
 .text.TIM2_IRQHandler
                0x0000000008002128       0x10 build/stm32f3xx_it.o
                0x0000000008002128                TIM2_IRQHandler
 .text.Reset_Handler
                0x0000000008002138       0x50 build/startup_stm32f303xc.o
                0x0000000008002138                Reset_Handler
 .text.Default_Handler
                0x0000000008002188        0x2 build/startup_stm32f303xc.o
                0x0000000008002188                RTC_Alarm_IRQHandler
                0x0000000008002188                TIM8_TRG_COM_IRQHandler
                0x0000000008002188                TIM8_CC_IRQHandler
                0x0000000008002188                TIM1_CC_IRQHandler
                0x0000000008002188                USB_HP_IRQHandler
                0x0000000008002188                PVD_IRQHandler
                0x0000000008002188                TAMP_STAMP_IRQHandler
                0x0000000008002188                EXTI3_IRQHandler
                0x0000000008002188                USB_HP_CAN_TX_IRQHandler
                0x0000000008002188                I2C2_EV_IRQHandler
                0x0000000008002188                FPU_IRQHandler
                0x0000000008002188                TIM1_UP_TIM16_IRQHandler
                0x0000000008002188                ADC1_2_IRQHandler
                0x0000000008002188                SPI1_IRQHandler
                0x0000000008002188                CAN_SCE_IRQHandler
                0x0000000008002188                TIM6_DAC_IRQHandler
                0x0000000008002188                TIM8_UP_IRQHandler
                0x0000000008002188                DMA2_Channel2_IRQHandler
                0x0000000008002188                DMA1_Channel4_IRQHandler
                0x0000000008002188                USART3_IRQHandler
                0x0000000008002188                DMA1_Channel7_IRQHandler
                0x0000000008002188                UART5_IRQHandler
                0x0000000008002188                ADC3_IRQHandler
                0x0000000008002188                TIM4_IRQHandler
                0x0000000008002188                CAN_RX1_IRQHandler
                0x0000000008002188                DMA2_Channel1_IRQHandler
                0x0000000008002188                I2C1_EV_IRQHandler
                0x0000000008002188                DMA1_Channel6_IRQHandler
                0x0000000008002188                UART4_IRQHandler
                0x0000000008002188                DMA2_Channel4_IRQHandler
                0x0000000008002188                TIM3_IRQHandler
                0x0000000008002188                RCC_IRQHandler
                0x0000000008002188                DMA1_Channel1_IRQHandler
                0x0000000008002188                Default_Handler
                0x0000000008002188                USBWakeUp_RMP_IRQHandler
                0x0000000008002188                EXTI15_10_IRQHandler
                0x0000000008002188                TIM7_IRQHandler
                0x0000000008002188                EXTI9_5_IRQHandler
                0x0000000008002188                RTC_WKUP_IRQHandler
                0x0000000008002188                SPI2_IRQHandler
                0x0000000008002188                USB_LP_CAN_RX0_IRQHandler
                0x0000000008002188                DMA2_Channel5_IRQHandler
                0x0000000008002188                DMA1_Channel5_IRQHandler
                0x0000000008002188                USB_LP_IRQHandler
                0x0000000008002188                TIM1_TRG_COM_TIM17_IRQHandler
                0x0000000008002188                DMA1_Channel3_IRQHandler
                0x0000000008002188                ADC4_IRQHandler
                0x0000000008002188                WWDG_IRQHandler
                0x0000000008002188                COMP7_IRQHandler
                0x0000000008002188                COMP1_2_3_IRQHandler
                0x0000000008002188                EXTI1_IRQHandler
                0x0000000008002188                USART2_IRQHandler
                0x0000000008002188                COMP4_5_6_IRQHandler
                0x0000000008002188                I2C2_ER_IRQHandler
                0x0000000008002188                DMA1_Channel2_IRQHandler
                0x0000000008002188                TIM8_BRK_IRQHandler
                0x0000000008002188                FLASH_IRQHandler
                0x0000000008002188                USART1_IRQHandler
                0x0000000008002188                SPI3_IRQHandler
                0x0000000008002188                I2C1_ER_IRQHandler
                0x0000000008002188                USBWakeUp_IRQHandler
                0x0000000008002188                DMA2_Channel3_IRQHandler
                0x0000000008002188                EXTI2_TSC_IRQHandler
                0x0000000008002188                TIM1_BRK_TIM15_IRQHandler
 *(.glue_7)
 .glue_7        0x000000000800218a        0x0 linker stubs
 *(.glue_7t)
 .glue_7t       0x000000000800218a        0x0 linker stubs
 *(.eh_frame)
 *fill*         0x000000000800218a        0x2 
 .eh_frame      0x000000000800218c        0x0 /home/saicharan/arm/lib/gcc/arm-none-eabi/6.3.0/crtbegin.o
 *(.init)
 .init          0x000000000800218c        0x4 /home/saicharan/arm/lib/gcc/arm-none-eabi/6.3.0/crti.o
                0x000000000800218c                _init
 .init          0x0000000008002190        0x8 /home/saicharan/arm/lib/gcc/arm-none-eabi/6.3.0/crtn.o
 *(.fini)
 .fini          0x0000000008002198        0x4 /home/saicharan/arm/lib/gcc/arm-none-eabi/6.3.0/crti.o
                0x0000000008002198                _fini
 .fini          0x000000000800219c        0x8 /home/saicharan/arm/lib/gcc/arm-none-eabi/6.3.0/crtn.o
                0x00000000080021a4                . = ALIGN (0x4)
                0x00000000080021a4                _etext = .

.vfp11_veneer   0x00000000080021a4        0x0
 .vfp11_veneer  0x00000000080021a4        0x0 linker stubs

.v4_bx          0x00000000080021a4        0x0
 .v4_bx         0x00000000080021a4        0x0 linker stubs

.iplt           0x00000000080021a4        0x0
 .iplt          0x00000000080021a4        0x0 /home/saicharan/arm/lib/gcc/arm-none-eabi/6.3.0/crtbegin.o

.rodata         0x00000000080021a4      0x154
                0x00000000080021a4                . = ALIGN (0x4)
 *(.rodata)
 *(.rodata*)
 .rodata.HAL_TIM_Base_DeInit.str1.4
                0x00000000080021a4       0x35 build/stm32f3xx_hal_tim.o
 *fill*         0x00000000080021d9        0x3 
 .rodata.AHBPrescTable
                0x00000000080021dc       0x10 build/system_stm32f3xx.o
                0x00000000080021dc                AHBPrescTable
 .rodata.MX_TIM2_Init.str1.4
                0x00000000080021ec        0xb build/main.o
 *fill*         0x00000000080021f7        0x1 
 .rodata.HAL_GPIO_Init.str1.4
                0x00000000080021f8       0x36 build/stm32f3xx_hal_gpio.o
 *fill*         0x000000000800222e        0x2 
 .rodata.HAL_TIMEx_HallSensor_Init.str1.4
                0x0000000008002230       0x38 build/stm32f3xx_hal_tim_ex.o
 .rodata.HAL_NVIC_SetPriorityGrouping.str1.4
                0x0000000008002268       0x38 build/stm32f3xx_hal_cortex.o
 .rodata.HAL_RCC_OscConfig.str1.4
                0x00000000080022a0       0x38 build/stm32f3xx_hal_rcc.o
                                         0x35 (size before relaxing)
 .rodata.aPLLMULFactorTable
                0x00000000080022d8       0x10 build/stm32f3xx_hal_rcc.o
                0x00000000080022d8                aPLLMULFactorTable
 .rodata.aPredivFactorTable
                0x00000000080022e8       0x10 build/stm32f3xx_hal_rcc.o
                0x00000000080022e8                aPredivFactorTable
                0x00000000080022f8                . = ALIGN (0x4)

.rel.dyn        0x00000000080022f8        0x0
 .rel.iplt      0x00000000080022f8        0x0 /home/saicharan/arm/lib/gcc/arm-none-eabi/6.3.0/crtbegin.o

.ARM.extab
 *(.ARM.extab* .gnu.linkonce.armextab.*)

.ARM            0x00000000080022f8        0x0
                0x00000000080022f8                __exidx_start = .
 *(.ARM.exidx*)
                0x00000000080022f8                __exidx_end = .

.preinit_array  0x00000000080022f8        0x0
                0x00000000080022f8                PROVIDE (__preinit_array_start, .)
 *(.preinit_array*)
                0x00000000080022f8                PROVIDE (__preinit_array_end, .)

.init_array     0x00000000080022f8        0x4
                0x00000000080022f8                PROVIDE (__init_array_start, .)
 *(SORT(.init_array.*))
 *(.init_array*)
 .init_array    0x00000000080022f8        0x4 /home/saicharan/arm/lib/gcc/arm-none-eabi/6.3.0/crtbegin.o
                0x00000000080022fc                PROVIDE (__init_array_end, .)

.fini_array     0x00000000080022fc        0x4
                [!provide]                        PROVIDE (__fini_array_start, .)
 *(SORT(.fini_array.*))
 *(.fini_array*)
 .fini_array    0x00000000080022fc        0x4 /home/saicharan/arm/lib/gcc/arm-none-eabi/6.3.0/crtbegin.o
                [!provide]                        PROVIDE (__fini_array_end, .)
                0x0000000008002300                _sidata = LOADADDR (.data)

.data           0x0000000020000000        0x4 load address 0x0000000008002300
                0x0000000020000000                . = ALIGN (0x4)
                0x0000000020000000                _sdata = .
 *(.data)
 *(.data*)
 .data.SystemCoreClock
                0x0000000020000000        0x4 build/system_stm32f3xx.o
                0x0000000020000000                SystemCoreClock
                0x0000000020000004                . = ALIGN (0x4)
                0x0000000020000004                _edata = .
                0x0000000008002304                _siccmram = LOADADDR (.ccmram)

.jcr            0x0000000020000004        0x0 load address 0x0000000008002304
 .jcr           0x0000000020000004        0x0 /home/saicharan/arm/lib/gcc/arm-none-eabi/6.3.0/crtbegin.o

.tm_clone_table
                0x0000000020000004        0x0 load address 0x0000000008002304
 .tm_clone_table
                0x0000000020000004        0x0 /home/saicharan/arm/lib/gcc/arm-none-eabi/6.3.0/crtbegin.o
 .tm_clone_table
                0x0000000020000004        0x0 /home/saicharan/arm/lib/gcc/arm-none-eabi/6.3.0/crtend.o

.igot.plt       0x0000000020000004        0x0 load address 0x0000000008002304
 .igot.plt      0x0000000020000004        0x0 /home/saicharan/arm/lib/gcc/arm-none-eabi/6.3.0/crtbegin.o

.ccmram         0x0000000010000000        0x0 load address 0x0000000008002304
                0x0000000010000000                . = ALIGN (0x4)
                0x0000000010000000                _sccmram = .
 *(.ccmram)
 *(.ccmram*)
                0x0000000010000000                . = ALIGN (0x4)
                0x0000000010000000                _eccmram = .
                0x0000000010000000                . = ALIGN (0x4)

.bss            0x0000000020000004       0x80
                0x0000000020000004                _sbss = .
                0x0000000020000004                __bss_start__ = _sbss
 *(.bss)
 .bss           0x0000000020000004       0x1c /home/saicharan/arm/lib/gcc/arm-none-eabi/6.3.0/crtbegin.o
 *(.bss*)
 .bss.bit_count
                0x0000000020000020        0x1 build/main.o
                0x0000000020000020                bit_count
 .bss.start_timer
                0x0000000020000021        0x1 build/main.o
                0x0000000020000021                start_timer
 *fill*         0x0000000020000022        0x2 
 .bss.tick_count
                0x0000000020000024        0x4 build/main.o
                0x0000000020000024                tick_count
 *(COMMON)
 COMMON         0x0000000020000028       0x58 build/main.o
                0x0000000020000028                slave_cmd_byte_received
                0x000000002000002c                dali_slave_array_receive_buffer
                0x000000002000003d                slave_addr_byte_received
                0x0000000020000040                htim2
 COMMON         0x0000000020000080        0x4 build/stm32f3xx_hal.o
                0x0000000020000080                uwTick
                0x0000000020000084                . = ALIGN (0x4)
                0x0000000020000084                _ebss = .
                0x0000000020000084                __bss_end__ = _ebss

._user_heap_stack
                0x0000000020000084      0x604
                0x0000000020000088                . = ALIGN (0x8)
 *fill*         0x0000000020000084        0x4 
                [!provide]                        PROVIDE (end, .)
                [!provide]                        PROVIDE (_end, .)
                0x0000000020000288                . = (. + _Min_Heap_Size)
 *fill*         0x0000000020000088      0x200 
                0x0000000020000688                . = (. + _Min_Stack_Size)
 *fill*         0x0000000020000288      0x400 
                0x0000000020000688                . = ALIGN (0x8)

/DISCARD/
 libc.a(*)
 libm.a(*)
 libgcc.a(*)

.ARM.attributes
                0x0000000000000000       0x35
 *(.ARM.attributes)
 .ARM.attributes
                0x0000000000000000       0x27 /home/saicharan/arm/lib/gcc/arm-none-eabi/6.3.0/crti.o
 .ARM.attributes
                0x0000000000000027       0x39 /home/saicharan/arm/lib/gcc/arm-none-eabi/6.3.0/crtbegin.o
 .ARM.attributes
                0x0000000000000060       0x39 build/stm32f3xx_hal_tim.o
 .ARM.attributes
                0x0000000000000099       0x39 build/system_stm32f3xx.o
 .ARM.attributes
                0x00000000000000d2       0x39 build/stm32f3xx_hal_msp.o
 .ARM.attributes
                0x000000000000010b       0x39 build/main.o
 .ARM.attributes
                0x0000000000000144       0x39 build/stm32f3xx_hal.o
 .ARM.attributes
                0x000000000000017d       0x39 build/stm32f3xx_hal_gpio.o
 .ARM.attributes
                0x00000000000001b6       0x39 build/stm32f3xx_hal_tim_ex.o
 .ARM.attributes
                0x00000000000001ef       0x39 build/stm32f3xx_hal_cortex.o
 .ARM.attributes
                0x0000000000000228       0x39 build/stm32f3xx_hal_rcc.o
 .ARM.attributes
                0x0000000000000261       0x39 build/stm32f3xx_it.o
 .ARM.attributes
                0x000000000000029a       0x21 build/startup_stm32f303xc.o
 .ARM.attributes
                0x00000000000002bb       0x39 /home/saicharan/arm/lib/gcc/arm-none-eabi/6.3.0/../../../../arm-none-eabi/lib/libc_s.a(lib_a-init.o)
 .ARM.attributes
                0x00000000000002f4       0x39 /home/saicharan/arm/lib/gcc/arm-none-eabi/6.3.0/crtend.o
 .ARM.attributes
                0x000000000000032d       0x27 /home/saicharan/arm/lib/gcc/arm-none-eabi/6.3.0/crtn.o
OUTPUT(build/Basic_DALI_Transaction_Loop_SLAVE.elf elf32-littlearm)

.comment        0x0000000000000000       0x11
 .comment       0x0000000000000000       0x11 /home/saicharan/arm/lib/gcc/arm-none-eabi/6.3.0/crtbegin.o
                                         0x12 (size before relaxing)
 .comment       0x0000000000000011       0x12 build/stm32f3xx_hal_tim.o
 .comment       0x0000000000000011       0x12 build/system_stm32f3xx.o
 .comment       0x0000000000000011       0x12 build/stm32f3xx_hal_msp.o
 .comment       0x0000000000000011       0x12 build/main.o
 .comment       0x0000000000000011       0x12 build/stm32f3xx_hal.o
 .comment       0x0000000000000011       0x12 build/stm32f3xx_hal_gpio.o
 .comment       0x0000000000000011       0x12 build/stm32f3xx_hal_tim_ex.o
 .comment       0x0000000000000011       0x12 build/stm32f3xx_hal_cortex.o
 .comment       0x0000000000000011       0x12 build/stm32f3xx_hal_rcc.o
 .comment       0x0000000000000011       0x12 build/stm32f3xx_it.o
 .comment       0x0000000000000011       0x12 /home/saicharan/arm/lib/gcc/arm-none-eabi/6.3.0/../../../../arm-none-eabi/lib/libc_s.a(lib_a-init.o)
 .comment       0x0000000000000011       0x12 /home/saicharan/arm/lib/gcc/arm-none-eabi/6.3.0/crtend.o

.debug_info     0x0000000000000000    0x12afc
 .debug_info    0x0000000000000000     0x5249 build/stm32f3xx_hal_tim.o
 .debug_info    0x0000000000005249      0xd51 build/system_stm32f3xx.o
 .debug_info    0x0000000000005f9a     0x13d9 build/stm32f3xx_hal_msp.o
 .debug_info    0x0000000000007373     0x1bb6 build/main.o
 .debug_info    0x0000000000008f29     0x1137 build/stm32f3xx_hal.o
 .debug_info    0x000000000000a060     0x120d build/stm32f3xx_hal_gpio.o
 .debug_info    0x000000000000b26d     0x2b54 build/stm32f3xx_hal_tim_ex.o
 .debug_info    0x000000000000ddc1     0x1a8e build/stm32f3xx_hal_cortex.o
 .debug_info    0x000000000000f84f     0x1ffc build/stm32f3xx_hal_rcc.o
 .debug_info    0x000000000001184b     0x10e6 build/stm32f3xx_it.o
 .debug_info    0x0000000000012931       0xbf build/startup_stm32f303xc.o
 .debug_info    0x00000000000129f0      0x10c /home/saicharan/arm/lib/gcc/arm-none-eabi/6.3.0/../../../../arm-none-eabi/lib/libc_s.a(lib_a-init.o)

.debug_abbrev   0x0000000000000000     0x1bfb
 .debug_abbrev  0x0000000000000000      0x303 build/stm32f3xx_hal_tim.o
 .debug_abbrev  0x0000000000000303      0x1dd build/system_stm32f3xx.o
 .debug_abbrev  0x00000000000004e0      0x229 build/stm32f3xx_hal_msp.o
 .debug_abbrev  0x0000000000000709      0x2cb build/main.o
 .debug_abbrev  0x00000000000009d4      0x2af build/stm32f3xx_hal.o
 .debug_abbrev  0x0000000000000c83      0x2cf build/stm32f3xx_hal_gpio.o
 .debug_abbrev  0x0000000000000f52      0x2eb build/stm32f3xx_hal_tim_ex.o
 .debug_abbrev  0x000000000000123d      0x397 build/stm32f3xx_hal_cortex.o
 .debug_abbrev  0x00000000000015d4      0x350 build/stm32f3xx_hal_rcc.o
 .debug_abbrev  0x0000000000001924      0x20d build/stm32f3xx_it.o
 .debug_abbrev  0x0000000000001b31       0x12 build/startup_stm32f303xc.o
 .debug_abbrev  0x0000000000001b43       0xb8 /home/saicharan/arm/lib/gcc/arm-none-eabi/6.3.0/../../../../arm-none-eabi/lib/libc_s.a(lib_a-init.o)

.debug_loc      0x0000000000000000     0x6b57
 .debug_loc     0x0000000000000000     0x34d4 build/stm32f3xx_hal_tim.o
 .debug_loc     0x00000000000034d4       0xff build/system_stm32f3xx.o
 .debug_loc     0x00000000000035d3       0xeb build/stm32f3xx_hal_msp.o
 .debug_loc     0x00000000000036be      0x18d build/main.o
 .debug_loc     0x000000000000384b      0x101 build/stm32f3xx_hal.o
 .debug_loc     0x000000000000394c      0x600 build/stm32f3xx_hal_gpio.o
 .debug_loc     0x0000000000003f4c     0x17d7 build/stm32f3xx_hal_tim_ex.o
 .debug_loc     0x0000000000005723      0x830 build/stm32f3xx_hal_cortex.o
 .debug_loc     0x0000000000005f53      0xad6 build/stm32f3xx_hal_rcc.o
 .debug_loc     0x0000000000006a29       0x80 build/stm32f3xx_it.o
 .debug_loc     0x0000000000006aa9       0xae /home/saicharan/arm/lib/gcc/arm-none-eabi/6.3.0/../../../../arm-none-eabi/lib/libc_s.a(lib_a-init.o)

.debug_aranges  0x0000000000000000      0x8b8
 .debug_aranges
                0x0000000000000000      0x378 build/stm32f3xx_hal_tim.o
 .debug_aranges
                0x0000000000000378       0x28 build/system_stm32f3xx.o
 .debug_aranges
                0x00000000000003a0       0x30 build/stm32f3xx_hal_msp.o
 .debug_aranges
                0x00000000000003d0       0x60 build/main.o
 .debug_aranges
                0x0000000000000430       0xc8 build/stm32f3xx_hal.o
 .debug_aranges
                0x00000000000004f8       0x58 build/stm32f3xx_hal_gpio.o
 .debug_aranges
                0x0000000000000550      0x178 build/stm32f3xx_hal_tim_ex.o
 .debug_aranges
                0x00000000000006c8       0xa8 build/stm32f3xx_hal_cortex.o
 .debug_aranges
                0x0000000000000770       0x88 build/stm32f3xx_hal_rcc.o
 .debug_aranges
                0x00000000000007f8       0x78 build/stm32f3xx_it.o
 .debug_aranges
                0x0000000000000870       0x28 build/startup_stm32f303xc.o
 .debug_aranges
                0x0000000000000898       0x20 /home/saicharan/arm/lib/gcc/arm-none-eabi/6.3.0/../../../../arm-none-eabi/lib/libc_s.a(lib_a-init.o)

.debug_ranges   0x0000000000000000      0x870
 .debug_ranges  0x0000000000000000      0x368 build/stm32f3xx_hal_tim.o
 .debug_ranges  0x0000000000000368       0x18 build/system_stm32f3xx.o
 .debug_ranges  0x0000000000000380       0x20 build/stm32f3xx_hal_msp.o
 .debug_ranges  0x00000000000003a0       0x50 build/main.o
 .debug_ranges  0x00000000000003f0       0xb8 build/stm32f3xx_hal.o
 .debug_ranges  0x00000000000004a8       0x48 build/stm32f3xx_hal_gpio.o
 .debug_ranges  0x00000000000004f0      0x168 build/stm32f3xx_hal_tim_ex.o
 .debug_ranges  0x0000000000000658       0xf8 build/stm32f3xx_hal_cortex.o
 .debug_ranges  0x0000000000000750       0x98 build/stm32f3xx_hal_rcc.o
 .debug_ranges  0x00000000000007e8       0x68 build/stm32f3xx_it.o
 .debug_ranges  0x0000000000000850       0x20 build/startup_stm32f303xc.o

.debug_line     0x0000000000000000     0x6a41
 .debug_line    0x0000000000000000     0x3484 build/stm32f3xx_hal_tim.o
 .debug_line    0x0000000000003484      0x1ff build/system_stm32f3xx.o
 .debug_line    0x0000000000003683      0x27f build/stm32f3xx_hal_msp.o
 .debug_line    0x0000000000003902      0x39c build/main.o
 .debug_line    0x0000000000003c9e      0x3b5 build/stm32f3xx_hal.o
 .debug_line    0x0000000000004053      0x4c0 build/stm32f3xx_hal_gpio.o
 .debug_line    0x0000000000004513     0x131e build/stm32f3xx_hal_tim_ex.o
 .debug_line    0x0000000000005831      0x4df build/stm32f3xx_hal_cortex.o
 .debug_line    0x0000000000005d10      0x8a9 build/stm32f3xx_hal_rcc.o
 .debug_line    0x00000000000065b9      0x328 build/stm32f3xx_it.o
 .debug_line    0x00000000000068e1       0x74 build/startup_stm32f303xc.o
 .debug_line    0x0000000000006955       0xec /home/saicharan/arm/lib/gcc/arm-none-eabi/6.3.0/../../../../arm-none-eabi/lib/libc_s.a(lib_a-init.o)

.debug_str      0x0000000000000000     0x3016
 .debug_str     0x0000000000000000     0x1725 build/stm32f3xx_hal_tim.o
                                       0x181f (size before relaxing)
 .debug_str     0x0000000000001725      0x108 build/system_stm32f3xx.o
                                        0x6f1 (size before relaxing)
 .debug_str     0x000000000000182d      0x4b9 build/stm32f3xx_hal_msp.o
                                        0xeea (size before relaxing)
 .debug_str     0x0000000000001ce6      0x3b6 build/main.o
                                       0x133b (size before relaxing)
 .debug_str     0x000000000000209c      0x22c build/stm32f3xx_hal.o
                                        0xd37 (size before relaxing)
 .debug_str     0x00000000000022c8      0x143 build/stm32f3xx_hal_gpio.o
                                        0x8a3 (size before relaxing)
 .debug_str     0x000000000000240b      0x51b build/stm32f3xx_hal_tim_ex.o
                                       0x125a (size before relaxing)
 .debug_str     0x0000000000002926      0x347 build/stm32f3xx_hal_cortex.o
                                        0xfac (size before relaxing)
 .debug_str     0x0000000000002c6d      0x1c8 build/stm32f3xx_hal_rcc.o
                                        0xa82 (size before relaxing)
 .debug_str     0x0000000000002e35       0xd5 build/stm32f3xx_it.o
                                        0xaf5 (size before relaxing)
 .debug_str     0x0000000000002f0a      0x10c /home/saicharan/arm/lib/gcc/arm-none-eabi/6.3.0/../../../../arm-none-eabi/lib/libc_s.a(lib_a-init.o)
                                        0x1b0 (size before relaxing)

.debug_frame    0x0000000000000000     0x1a3c
 .debug_frame   0x0000000000000000      0xc48 build/stm32f3xx_hal_tim.o
 .debug_frame   0x0000000000000c48       0x30 build/system_stm32f3xx.o
 .debug_frame   0x0000000000000c78       0x64 build/stm32f3xx_hal_msp.o
 .debug_frame   0x0000000000000cdc      0x10c build/main.o
 .debug_frame   0x0000000000000de8      0x1a8 build/stm32f3xx_hal.o
 .debug_frame   0x0000000000000f90      0x120 build/stm32f3xx_hal_gpio.o
 .debug_frame   0x00000000000010b0      0x54c build/stm32f3xx_hal_tim_ex.o
 .debug_frame   0x00000000000015fc      0x1a0 build/stm32f3xx_hal_cortex.o
 .debug_frame   0x000000000000179c      0x174 build/stm32f3xx_hal_rcc.o
 .debug_frame   0x0000000000001910      0x100 build/stm32f3xx_it.o
 .debug_frame   0x0000000000001a10       0x2c /home/saicharan/arm/lib/gcc/arm-none-eabi/6.3.0/../../../../arm-none-eabi/lib/libc_s.a(lib_a-init.o)

Cross Reference Table

Symbol                                            File
ADC1_2_IRQHandler                                 build/startup_stm32f303xc.o
ADC3_IRQHandler                                   build/startup_stm32f303xc.o
ADC4_IRQHandler                                   build/startup_stm32f303xc.o
AHBPrescTable                                     build/system_stm32f3xx.o
                                                  build/stm32f3xx_hal_rcc.o
APBPrescTable                                     build/system_stm32f3xx.o
                                                  build/stm32f3xx_hal_rcc.o
BusFault_Handler                                  build/stm32f3xx_it.o
CAN_RX1_IRQHandler                                build/startup_stm32f303xc.o
CAN_SCE_IRQHandler                                build/startup_stm32f303xc.o
COMP1_2_3_IRQHandler                              build/startup_stm32f303xc.o
COMP4_5_6_IRQHandler                              build/startup_stm32f303xc.o
COMP7_IRQHandler                                  build/startup_stm32f303xc.o
DALI_Slave_Receiving_Data                         build/main.o
DMA1_Channel1_IRQHandler                          build/startup_stm32f303xc.o
DMA1_Channel2_IRQHandler                          build/startup_stm32f303xc.o
DMA1_Channel3_IRQHandler                          build/startup_stm32f303xc.o
DMA1_Channel4_IRQHandler                          build/startup_stm32f303xc.o
DMA1_Channel5_IRQHandler                          build/startup_stm32f303xc.o
DMA1_Channel6_IRQHandler                          build/startup_stm32f303xc.o
DMA1_Channel7_IRQHandler                          build/startup_stm32f303xc.o
DMA2_Channel1_IRQHandler                          build/startup_stm32f303xc.o
DMA2_Channel2_IRQHandler                          build/startup_stm32f303xc.o
DMA2_Channel3_IRQHandler                          build/startup_stm32f303xc.o
DMA2_Channel4_IRQHandler                          build/startup_stm32f303xc.o
DMA2_Channel5_IRQHandler                          build/startup_stm32f303xc.o
DebugMon_Handler                                  build/stm32f3xx_it.o
Default_Handler                                   build/startup_stm32f303xc.o
EXTI0_IRQHandler                                  build/stm32f3xx_it.o
EXTI15_10_IRQHandler                              build/startup_stm32f303xc.o
EXTI1_IRQHandler                                  build/startup_stm32f303xc.o
EXTI2_TSC_IRQHandler                              build/startup_stm32f303xc.o
EXTI3_IRQHandler                                  build/startup_stm32f303xc.o
EXTI4_IRQHandler                                  build/stm32f3xx_it.o
EXTI9_5_IRQHandler                                build/startup_stm32f303xc.o
FLASH_IRQHandler                                  build/startup_stm32f303xc.o
FLASH_PageErase                                   build/stm32f3xx_hal_flash_ex.o
                                                  build/stm32f3xx_hal_flash.o
FLASH_WaitForLastOperation                        build/stm32f3xx_hal_flash.o
                                                  build/stm32f3xx_hal_flash_ex.o
FPU_IRQHandler                                    build/startup_stm32f303xc.o
Forward_Frame_Received                            build/main.o
HAL_DBGMCU_DisableDBGSleepMode                    build/stm32f3xx_hal.o
HAL_DBGMCU_DisableDBGStandbyMode                  build/stm32f3xx_hal.o
HAL_DBGMCU_DisableDBGStopMode                     build/stm32f3xx_hal.o
HAL_DBGMCU_EnableDBGSleepMode                     build/stm32f3xx_hal.o
HAL_DBGMCU_EnableDBGStandbyMode                   build/stm32f3xx_hal.o
HAL_DBGMCU_EnableDBGStopMode                      build/stm32f3xx_hal.o
HAL_DMA_Abort                                     build/stm32f3xx_hal_dma.o
                                                  build/stm32f3xx_hal_tim.o
HAL_DMA_Abort_IT                                  build/stm32f3xx_hal_dma.o
                                                  build/stm32f3xx_hal_i2c.o
HAL_DMA_DeInit                                    build/stm32f3xx_hal_dma.o
HAL_DMA_GetError                                  build/stm32f3xx_hal_dma.o
HAL_DMA_GetState                                  build/stm32f3xx_hal_dma.o
HAL_DMA_IRQHandler                                build/stm32f3xx_hal_dma.o
HAL_DMA_Init                                      build/stm32f3xx_hal_dma.o
HAL_DMA_PollForTransfer                           build/stm32f3xx_hal_dma.o
HAL_DMA_RegisterCallback                          build/stm32f3xx_hal_dma.o
HAL_DMA_Start                                     build/stm32f3xx_hal_dma.o
HAL_DMA_Start_IT                                  build/stm32f3xx_hal_dma.o
                                                  build/stm32f3xx_hal_tim_ex.o
                                                  build/stm32f3xx_hal_i2c.o
                                                  build/stm32f3xx_hal_tim.o
HAL_DMA_UnRegisterCallback                        build/stm32f3xx_hal_dma.o
HAL_DeInit                                        build/stm32f3xx_hal.o
HAL_Delay                                         build/stm32f3xx_hal.o
HAL_FLASHEx_Erase                                 build/stm32f3xx_hal_flash_ex.o
HAL_FLASHEx_Erase_IT                              build/stm32f3xx_hal_flash_ex.o
HAL_FLASHEx_OBErase                               build/stm32f3xx_hal_flash_ex.o
HAL_FLASHEx_OBGetConfig                           build/stm32f3xx_hal_flash_ex.o
HAL_FLASHEx_OBGetUserData                         build/stm32f3xx_hal_flash_ex.o
HAL_FLASHEx_OBProgram                             build/stm32f3xx_hal_flash_ex.o
HAL_FLASH_EndOfOperationCallback                  build/stm32f3xx_hal_flash.o
HAL_FLASH_GetError                                build/stm32f3xx_hal_flash.o
HAL_FLASH_IRQHandler                              build/stm32f3xx_hal_flash.o
HAL_FLASH_Lock                                    build/stm32f3xx_hal_flash.o
HAL_FLASH_OB_Launch                               build/stm32f3xx_hal_flash.o
HAL_FLASH_OB_Lock                                 build/stm32f3xx_hal_flash.o
HAL_FLASH_OB_Unlock                               build/stm32f3xx_hal_flash.o
HAL_FLASH_OperationErrorCallback                  build/stm32f3xx_hal_flash.o
HAL_FLASH_Program                                 build/stm32f3xx_hal_flash.o
HAL_FLASH_Program_IT                              build/stm32f3xx_hal_flash.o
HAL_FLASH_Unlock                                  build/stm32f3xx_hal_flash.o
HAL_GPIO_DeInit                                   build/stm32f3xx_hal_gpio.o
HAL_GPIO_EXTI_Callback                            build/stm32f3xx_hal_gpio.o
HAL_GPIO_EXTI_IRQHandler                          build/stm32f3xx_hal_gpio.o
                                                  build/stm32f3xx_it.o
HAL_GPIO_Init                                     build/stm32f3xx_hal_gpio.o
                                                  build/stm32f3xx_hal_rcc.o
                                                  build/main.o
HAL_GPIO_LockPin                                  build/stm32f3xx_hal_gpio.o
HAL_GPIO_ReadPin                                  build/stm32f3xx_hal_gpio.o
                                                  build/main.o
HAL_GPIO_TogglePin                                build/stm32f3xx_hal_gpio.o
HAL_GPIO_WritePin                                 build/stm32f3xx_hal_gpio.o
                                                  build/main.o
HAL_GetDEVID                                      build/stm32f3xx_hal.o
HAL_GetHalVersion                                 build/stm32f3xx_hal.o
HAL_GetREVID                                      build/stm32f3xx_hal.o
HAL_GetTick                                       build/stm32f3xx_hal.o
                                                  build/stm32f3xx_hal_rcc.o
                                                  build/stm32f3xx_hal_rcc_ex.o
                                                  build/stm32f3xx_hal_flash.o
                                                  build/stm32f3xx_hal_i2c.o
                                                  build/stm32f3xx_hal_dma.o
HAL_GetUIDw0                                      build/stm32f3xx_hal.o
HAL_GetUIDw1                                      build/stm32f3xx_hal.o
HAL_GetUIDw2                                      build/stm32f3xx_hal.o
HAL_I2CEx_ConfigAnalogFilter                      build/stm32f3xx_hal_i2c_ex.o
HAL_I2CEx_ConfigDigitalFilter                     build/stm32f3xx_hal_i2c_ex.o
HAL_I2CEx_DisableFastModePlus                     build/stm32f3xx_hal_i2c_ex.o
HAL_I2CEx_DisableWakeUp                           build/stm32f3xx_hal_i2c_ex.o
HAL_I2CEx_EnableFastModePlus                      build/stm32f3xx_hal_i2c_ex.o
HAL_I2CEx_EnableWakeUp                            build/stm32f3xx_hal_i2c_ex.o
HAL_I2C_AbortCpltCallback                         build/stm32f3xx_hal_i2c.o
HAL_I2C_AddrCallback                              build/stm32f3xx_hal_i2c.o
HAL_I2C_DeInit                                    build/stm32f3xx_hal_i2c.o
HAL_I2C_DisableListen_IT                          build/stm32f3xx_hal_i2c.o
HAL_I2C_ER_IRQHandler                             build/stm32f3xx_hal_i2c.o
HAL_I2C_EV_IRQHandler                             build/stm32f3xx_hal_i2c.o
HAL_I2C_EnableListen_IT                           build/stm32f3xx_hal_i2c.o
HAL_I2C_ErrorCallback                             build/stm32f3xx_hal_i2c.o
HAL_I2C_GetError                                  build/stm32f3xx_hal_i2c.o
HAL_I2C_GetMode                                   build/stm32f3xx_hal_i2c.o
HAL_I2C_GetState                                  build/stm32f3xx_hal_i2c.o
HAL_I2C_Init                                      build/stm32f3xx_hal_i2c.o
HAL_I2C_IsDeviceReady                             build/stm32f3xx_hal_i2c.o
HAL_I2C_ListenCpltCallback                        build/stm32f3xx_hal_i2c.o
HAL_I2C_MasterRxCpltCallback                      build/stm32f3xx_hal_i2c.o
HAL_I2C_MasterTxCpltCallback                      build/stm32f3xx_hal_i2c.o
HAL_I2C_Master_Abort_IT                           build/stm32f3xx_hal_i2c.o
HAL_I2C_Master_Receive                            build/stm32f3xx_hal_i2c.o
HAL_I2C_Master_Receive_DMA                        build/stm32f3xx_hal_i2c.o
HAL_I2C_Master_Receive_IT                         build/stm32f3xx_hal_i2c.o
HAL_I2C_Master_Sequential_Receive_IT              build/stm32f3xx_hal_i2c.o
HAL_I2C_Master_Sequential_Transmit_IT             build/stm32f3xx_hal_i2c.o
HAL_I2C_Master_Transmit                           build/stm32f3xx_hal_i2c.o
HAL_I2C_Master_Transmit_DMA                       build/stm32f3xx_hal_i2c.o
HAL_I2C_Master_Transmit_IT                        build/stm32f3xx_hal_i2c.o
HAL_I2C_MemRxCpltCallback                         build/stm32f3xx_hal_i2c.o
HAL_I2C_MemTxCpltCallback                         build/stm32f3xx_hal_i2c.o
HAL_I2C_Mem_Read                                  build/stm32f3xx_hal_i2c.o
HAL_I2C_Mem_Read_DMA                              build/stm32f3xx_hal_i2c.o
HAL_I2C_Mem_Read_IT                               build/stm32f3xx_hal_i2c.o
HAL_I2C_Mem_Write                                 build/stm32f3xx_hal_i2c.o
HAL_I2C_Mem_Write_DMA                             build/stm32f3xx_hal_i2c.o
HAL_I2C_Mem_Write_IT                              build/stm32f3xx_hal_i2c.o
HAL_I2C_MspDeInit                                 build/stm32f3xx_hal_i2c.o
HAL_I2C_MspInit                                   build/stm32f3xx_hal_i2c.o
HAL_I2C_SlaveRxCpltCallback                       build/stm32f3xx_hal_i2c.o
HAL_I2C_SlaveTxCpltCallback                       build/stm32f3xx_hal_i2c.o
HAL_I2C_Slave_Receive                             build/stm32f3xx_hal_i2c.o
HAL_I2C_Slave_Receive_DMA                         build/stm32f3xx_hal_i2c.o
HAL_I2C_Slave_Receive_IT                          build/stm32f3xx_hal_i2c.o
HAL_I2C_Slave_Sequential_Receive_IT               build/stm32f3xx_hal_i2c.o
HAL_I2C_Slave_Sequential_Transmit_IT              build/stm32f3xx_hal_i2c.o
HAL_I2C_Slave_Transmit                            build/stm32f3xx_hal_i2c.o
HAL_I2C_Slave_Transmit_DMA                        build/stm32f3xx_hal_i2c.o
HAL_I2C_Slave_Transmit_IT                         build/stm32f3xx_hal_i2c.o
HAL_IncTick                                       build/stm32f3xx_hal.o
                                                  build/stm32f3xx_it.o
HAL_Init                                          build/stm32f3xx_hal.o
                                                  build/main.o
HAL_InitTick                                      build/stm32f3xx_hal.o
                                                  build/stm32f3xx_hal_rcc.o
HAL_MPU_ConfigRegion                              build/stm32f3xx_hal_cortex.o
HAL_MPU_Disable                                   build/stm32f3xx_hal_cortex.o
HAL_MPU_Enable                                    build/stm32f3xx_hal_cortex.o
HAL_MspDeInit                                     build/stm32f3xx_hal.o
HAL_MspInit                                       build/stm32f3xx_hal_msp.o
HAL_NVIC_ClearPendingIRQ                          build/stm32f3xx_hal_cortex.o
HAL_NVIC_DisableIRQ                               build/stm32f3xx_hal_cortex.o
                                                  build/stm32f3xx_hal_msp.o
HAL_NVIC_EnableIRQ                                build/stm32f3xx_hal_cortex.o
                                                  build/main.o
                                                  build/stm32f3xx_hal_msp.o
HAL_NVIC_GetActive                                build/stm32f3xx_hal_cortex.o
HAL_NVIC_GetPendingIRQ                            build/stm32f3xx_hal_cortex.o
HAL_NVIC_GetPriority                              build/stm32f3xx_hal_cortex.o
HAL_NVIC_GetPriorityGrouping                      build/stm32f3xx_hal_cortex.o
HAL_NVIC_SetPendingIRQ                            build/stm32f3xx_hal_cortex.o
HAL_NVIC_SetPriority                              build/stm32f3xx_hal_cortex.o
                                                  build/stm32f3xx_hal.o
                                                  build/main.o
                                                  build/stm32f3xx_hal_msp.o
HAL_NVIC_SetPriorityGrouping                      build/stm32f3xx_hal_cortex.o
                                                  build/stm32f3xx_hal.o
                                                  build/stm32f3xx_hal_msp.o
HAL_NVIC_SystemReset                              build/stm32f3xx_hal_cortex.o
HAL_PWR_ConfigPVD                                 build/stm32f3xx_hal_pwr_ex.o
HAL_PWR_DeInit                                    build/stm32f3xx_hal_pwr.o
HAL_PWR_DisableBkUpAccess                         build/stm32f3xx_hal_pwr.o
HAL_PWR_DisablePVD                                build/stm32f3xx_hal_pwr_ex.o
HAL_PWR_DisableSEVOnPend                          build/stm32f3xx_hal_pwr.o
HAL_PWR_DisableSleepOnExit                        build/stm32f3xx_hal_pwr.o
HAL_PWR_DisableWakeUpPin                          build/stm32f3xx_hal_pwr.o
HAL_PWR_EnableBkUpAccess                          build/stm32f3xx_hal_pwr.o
HAL_PWR_EnablePVD                                 build/stm32f3xx_hal_pwr_ex.o
HAL_PWR_EnableSEVOnPend                           build/stm32f3xx_hal_pwr.o
HAL_PWR_EnableSleepOnExit                         build/stm32f3xx_hal_pwr.o
HAL_PWR_EnableWakeUpPin                           build/stm32f3xx_hal_pwr.o
HAL_PWR_EnterSLEEPMode                            build/stm32f3xx_hal_pwr.o
HAL_PWR_EnterSTANDBYMode                          build/stm32f3xx_hal_pwr.o
HAL_PWR_EnterSTOPMode                             build/stm32f3xx_hal_pwr.o
HAL_PWR_PVDCallback                               build/stm32f3xx_hal_pwr_ex.o
HAL_PWR_PVD_IRQHandler                            build/stm32f3xx_hal_pwr_ex.o
HAL_RCCEx_GetPeriphCLKConfig                      build/stm32f3xx_hal_rcc_ex.o
HAL_RCCEx_GetPeriphCLKFreq                        build/stm32f3xx_hal_rcc_ex.o
HAL_RCCEx_PeriphCLKConfig                         build/stm32f3xx_hal_rcc_ex.o
HAL_RCC_CSSCallback                               build/stm32f3xx_hal_rcc.o
HAL_RCC_ClockConfig                               build/stm32f3xx_hal_rcc.o
                                                  build/main.o
HAL_RCC_DeInit                                    build/stm32f3xx_hal_rcc.o
HAL_RCC_DisableCSS                                build/stm32f3xx_hal_rcc.o
HAL_RCC_EnableCSS                                 build/stm32f3xx_hal_rcc.o
HAL_RCC_GetClockConfig                            build/stm32f3xx_hal_rcc.o
HAL_RCC_GetHCLKFreq                               build/stm32f3xx_hal_rcc.o
                                                  build/main.o
HAL_RCC_GetOscConfig                              build/stm32f3xx_hal_rcc.o
HAL_RCC_GetPCLK1Freq                              build/stm32f3xx_hal_rcc.o
                                                  build/stm32f3xx_hal_rcc_ex.o
HAL_RCC_GetPCLK2Freq                              build/stm32f3xx_hal_rcc.o
                                                  build/stm32f3xx_hal_rcc_ex.o
HAL_RCC_GetSysClockFreq                           build/stm32f3xx_hal_rcc.o
                                                  build/stm32f3xx_hal_rcc_ex.o
HAL_RCC_MCOConfig                                 build/stm32f3xx_hal_rcc.o
HAL_RCC_NMI_IRQHandler                            build/stm32f3xx_hal_rcc.o
HAL_RCC_OscConfig                                 build/stm32f3xx_hal_rcc.o
                                                  build/main.o
HAL_ResumeTick                                    build/stm32f3xx_hal.o
HAL_SYSTICK_CLKSourceConfig                       build/stm32f3xx_hal_cortex.o
                                                  build/main.o
HAL_SYSTICK_Callback                              build/stm32f3xx_hal_cortex.o
HAL_SYSTICK_Config                                build/stm32f3xx_hal_cortex.o
                                                  build/stm32f3xx_hal.o
                                                  build/main.o
HAL_SYSTICK_IRQHandler                            build/stm32f3xx_hal_cortex.o
                                                  build/stm32f3xx_it.o
HAL_SuspendTick                                   build/stm32f3xx_hal.o
HAL_TIMEx_Break2Callback                          build/stm32f3xx_hal_tim_ex.o
                                                  build/stm32f3xx_hal_tim.o
HAL_TIMEx_BreakCallback                           build/stm32f3xx_hal_tim_ex.o
                                                  build/stm32f3xx_hal_tim.o
HAL_TIMEx_CommutationCallback                     build/stm32f3xx_hal_tim_ex.o
                                                  build/stm32f3xx_hal_tim.o
HAL_TIMEx_ConfigBreakDeadTime                     build/stm32f3xx_hal_tim_ex.o
HAL_TIMEx_ConfigCommutationEvent                  build/stm32f3xx_hal_tim_ex.o
HAL_TIMEx_ConfigCommutationEvent_DMA              build/stm32f3xx_hal_tim_ex.o
HAL_TIMEx_ConfigCommutationEvent_IT               build/stm32f3xx_hal_tim_ex.o
HAL_TIMEx_GroupChannel5                           build/stm32f3xx_hal_tim_ex.o
HAL_TIMEx_HallSensor_DeInit                       build/stm32f3xx_hal_tim_ex.o
HAL_TIMEx_HallSensor_GetState                     build/stm32f3xx_hal_tim_ex.o
HAL_TIMEx_HallSensor_Init                         build/stm32f3xx_hal_tim_ex.o
HAL_TIMEx_HallSensor_MspDeInit                    build/stm32f3xx_hal_tim_ex.o
HAL_TIMEx_HallSensor_MspInit                      build/stm32f3xx_hal_tim_ex.o
HAL_TIMEx_HallSensor_Start                        build/stm32f3xx_hal_tim_ex.o
HAL_TIMEx_HallSensor_Start_DMA                    build/stm32f3xx_hal_tim_ex.o
HAL_TIMEx_HallSensor_Start_IT                     build/stm32f3xx_hal_tim_ex.o
HAL_TIMEx_HallSensor_Stop                         build/stm32f3xx_hal_tim_ex.o
HAL_TIMEx_HallSensor_Stop_DMA                     build/stm32f3xx_hal_tim_ex.o
HAL_TIMEx_HallSensor_Stop_IT                      build/stm32f3xx_hal_tim_ex.o
HAL_TIMEx_MasterConfigSynchronization             build/stm32f3xx_hal_tim_ex.o
                                                  build/main.o
HAL_TIMEx_OCN_Start                               build/stm32f3xx_hal_tim_ex.o
HAL_TIMEx_OCN_Start_DMA                           build/stm32f3xx_hal_tim_ex.o
HAL_TIMEx_OCN_Start_IT                            build/stm32f3xx_hal_tim_ex.o
HAL_TIMEx_OCN_Stop                                build/stm32f3xx_hal_tim_ex.o
HAL_TIMEx_OCN_Stop_DMA                            build/stm32f3xx_hal_tim_ex.o
HAL_TIMEx_OCN_Stop_IT                             build/stm32f3xx_hal_tim_ex.o
HAL_TIMEx_OnePulseN_Start                         build/stm32f3xx_hal_tim_ex.o
HAL_TIMEx_OnePulseN_Start_IT                      build/stm32f3xx_hal_tim_ex.o
HAL_TIMEx_OnePulseN_Stop                          build/stm32f3xx_hal_tim_ex.o
HAL_TIMEx_OnePulseN_Stop_IT                       build/stm32f3xx_hal_tim_ex.o
HAL_TIMEx_PWMN_Start                              build/stm32f3xx_hal_tim_ex.o
HAL_TIMEx_PWMN_Start_DMA                          build/stm32f3xx_hal_tim_ex.o
HAL_TIMEx_PWMN_Start_IT                           build/stm32f3xx_hal_tim_ex.o
HAL_TIMEx_PWMN_Stop                               build/stm32f3xx_hal_tim_ex.o
HAL_TIMEx_PWMN_Stop_DMA                           build/stm32f3xx_hal_tim_ex.o
HAL_TIMEx_PWMN_Stop_IT                            build/stm32f3xx_hal_tim_ex.o
HAL_TIMEx_RemapConfig                             build/stm32f3xx_hal_tim_ex.o
HAL_TIM_Base_DeInit                               build/stm32f3xx_hal_tim.o
HAL_TIM_Base_GetState                             build/stm32f3xx_hal_tim.o
HAL_TIM_Base_Init                                 build/stm32f3xx_hal_tim.o
                                                  build/main.o
HAL_TIM_Base_MspDeInit                            build/stm32f3xx_hal_msp.o
                                                  build/stm32f3xx_hal_tim.o
HAL_TIM_Base_MspInit                              build/stm32f3xx_hal_msp.o
                                                  build/stm32f3xx_hal_tim.o
HAL_TIM_Base_Start                                build/stm32f3xx_hal_tim.o
HAL_TIM_Base_Start_DMA                            build/stm32f3xx_hal_tim.o
HAL_TIM_Base_Start_IT                             build/stm32f3xx_hal_tim.o
                                                  build/main.o
HAL_TIM_Base_Stop                                 build/stm32f3xx_hal_tim.o
HAL_TIM_Base_Stop_DMA                             build/stm32f3xx_hal_tim.o
HAL_TIM_Base_Stop_IT                              build/stm32f3xx_hal_tim.o
                                                  build/main.o
HAL_TIM_ConfigClockSource                         build/stm32f3xx_hal_tim.o
                                                  build/main.o
HAL_TIM_ConfigOCrefClear                          build/stm32f3xx_hal_tim_ex.o
                                                  build/stm32f3xx_hal_tim.o
HAL_TIM_ConfigTI1Input                            build/stm32f3xx_hal_tim.o
HAL_TIM_DMABurst_MultiReadStart                   build/stm32f3xx_hal_tim.o
HAL_TIM_DMABurst_MultiWriteStart                  build/stm32f3xx_hal_tim.o
HAL_TIM_DMABurst_ReadStart                        build/stm32f3xx_hal_tim.o
HAL_TIM_DMABurst_ReadStop                         build/stm32f3xx_hal_tim.o
HAL_TIM_DMABurst_WriteStart                       build/stm32f3xx_hal_tim.o
HAL_TIM_DMABurst_WriteStop                        build/stm32f3xx_hal_tim.o
HAL_TIM_Encoder_DeInit                            build/stm32f3xx_hal_tim.o
HAL_TIM_Encoder_GetState                          build/stm32f3xx_hal_tim.o
HAL_TIM_Encoder_Init                              build/stm32f3xx_hal_tim.o
HAL_TIM_Encoder_MspDeInit                         build/stm32f3xx_hal_tim.o
HAL_TIM_Encoder_MspInit                           build/stm32f3xx_hal_tim.o
HAL_TIM_Encoder_Start                             build/stm32f3xx_hal_tim.o
HAL_TIM_Encoder_Start_DMA                         build/stm32f3xx_hal_tim.o
HAL_TIM_Encoder_Start_IT                          build/stm32f3xx_hal_tim.o
HAL_TIM_Encoder_Stop                              build/stm32f3xx_hal_tim.o
HAL_TIM_Encoder_Stop_DMA                          build/stm32f3xx_hal_tim.o
HAL_TIM_Encoder_Stop_IT                           build/stm32f3xx_hal_tim.o
HAL_TIM_ErrorCallback                             build/stm32f3xx_hal_tim.o
HAL_TIM_GenerateEvent                             build/stm32f3xx_hal_tim.o
HAL_TIM_IC_CaptureCallback                        build/stm32f3xx_hal_tim.o
HAL_TIM_IC_ConfigChannel                          build/stm32f3xx_hal_tim.o
HAL_TIM_IC_DeInit                                 build/stm32f3xx_hal_tim.o
HAL_TIM_IC_GetState                               build/stm32f3xx_hal_tim.o
HAL_TIM_IC_Init                                   build/stm32f3xx_hal_tim.o
HAL_TIM_IC_MspDeInit                              build/stm32f3xx_hal_tim.o
HAL_TIM_IC_MspInit                                build/stm32f3xx_hal_tim.o
HAL_TIM_IC_Start                                  build/stm32f3xx_hal_tim.o
HAL_TIM_IC_Start_DMA                              build/stm32f3xx_hal_tim.o
HAL_TIM_IC_Start_IT                               build/stm32f3xx_hal_tim.o
HAL_TIM_IC_Stop                                   build/stm32f3xx_hal_tim.o
HAL_TIM_IC_Stop_DMA                               build/stm32f3xx_hal_tim.o
HAL_TIM_IC_Stop_IT                                build/stm32f3xx_hal_tim.o
HAL_TIM_IRQHandler                                build/stm32f3xx_hal_tim.o
                                                  build/stm32f3xx_it.o
HAL_TIM_OC_ConfigChannel                          build/stm32f3xx_hal_tim_ex.o
                                                  build/stm32f3xx_hal_tim.o
HAL_TIM_OC_DeInit                                 build/stm32f3xx_hal_tim.o
HAL_TIM_OC_DelayElapsedCallback                   build/stm32f3xx_hal_tim.o
HAL_TIM_OC_GetState                               build/stm32f3xx_hal_tim.o
HAL_TIM_OC_Init                                   build/stm32f3xx_hal_tim.o
HAL_TIM_OC_MspDeInit                              build/stm32f3xx_hal_tim.o
HAL_TIM_OC_MspInit                                build/stm32f3xx_hal_tim.o
HAL_TIM_OC_Start                                  build/stm32f3xx_hal_tim.o
HAL_TIM_OC_Start_DMA                              build/stm32f3xx_hal_tim.o
HAL_TIM_OC_Start_IT                               build/stm32f3xx_hal_tim.o
HAL_TIM_OC_Stop                                   build/stm32f3xx_hal_tim.o
HAL_TIM_OC_Stop_DMA                               build/stm32f3xx_hal_tim.o
HAL_TIM_OC_Stop_IT                                build/stm32f3xx_hal_tim.o
HAL_TIM_OnePulse_ConfigChannel                    build/stm32f3xx_hal_tim.o
HAL_TIM_OnePulse_DeInit                           build/stm32f3xx_hal_tim.o
HAL_TIM_OnePulse_GetState                         build/stm32f3xx_hal_tim.o
HAL_TIM_OnePulse_Init                             build/stm32f3xx_hal_tim.o
HAL_TIM_OnePulse_MspDeInit                        build/stm32f3xx_hal_tim.o
HAL_TIM_OnePulse_MspInit                          build/stm32f3xx_hal_tim.o
HAL_TIM_OnePulse_Start                            build/stm32f3xx_hal_tim.o
HAL_TIM_OnePulse_Start_IT                         build/stm32f3xx_hal_tim.o
HAL_TIM_OnePulse_Stop                             build/stm32f3xx_hal_tim.o
HAL_TIM_OnePulse_Stop_IT                          build/stm32f3xx_hal_tim.o
HAL_TIM_PWM_ConfigChannel                         build/stm32f3xx_hal_tim_ex.o
                                                  build/stm32f3xx_hal_tim.o
HAL_TIM_PWM_DeInit                                build/stm32f3xx_hal_tim.o
HAL_TIM_PWM_GetState                              build/stm32f3xx_hal_tim.o
HAL_TIM_PWM_Init                                  build/stm32f3xx_hal_tim.o
HAL_TIM_PWM_MspDeInit                             build/stm32f3xx_hal_tim.o
HAL_TIM_PWM_MspInit                               build/stm32f3xx_hal_tim.o
HAL_TIM_PWM_PulseFinishedCallback                 build/stm32f3xx_hal_tim.o
HAL_TIM_PWM_Start                                 build/stm32f3xx_hal_tim.o
HAL_TIM_PWM_Start_DMA                             build/stm32f3xx_hal_tim.o
HAL_TIM_PWM_Start_IT                              build/stm32f3xx_hal_tim.o
HAL_TIM_PWM_Stop                                  build/stm32f3xx_hal_tim.o
HAL_TIM_PWM_Stop_DMA                              build/stm32f3xx_hal_tim.o
HAL_TIM_PWM_Stop_IT                               build/stm32f3xx_hal_tim.o
HAL_TIM_PeriodElapsedCallback                     build/main.o
                                                  build/stm32f3xx_hal_tim.o
HAL_TIM_ReadCapturedValue                         build/stm32f3xx_hal_tim.o
HAL_TIM_SlaveConfigSynchronization                build/stm32f3xx_hal_tim.o
HAL_TIM_SlaveConfigSynchronization_IT             build/stm32f3xx_hal_tim.o
HAL_TIM_TriggerCallback                           build/stm32f3xx_hal_tim.o
HardFault_Handler                                 build/stm32f3xx_it.o
I2C1_ER_IRQHandler                                build/startup_stm32f303xc.o
I2C1_EV_IRQHandler                                build/startup_stm32f303xc.o
I2C2_ER_IRQHandler                                build/startup_stm32f303xc.o
I2C2_EV_IRQHandler                                build/startup_stm32f303xc.o
MemManage_Handler                                 build/stm32f3xx_it.o
NMI_Handler                                       build/stm32f3xx_it.o
PVD_IRQHandler                                    build/startup_stm32f303xc.o
PendSV_Handler                                    build/stm32f3xx_it.o
RCC_IRQHandler                                    build/startup_stm32f303xc.o
RTC_Alarm_IRQHandler                              build/startup_stm32f303xc.o
RTC_WKUP_IRQHandler                               build/startup_stm32f303xc.o
Reset_Handler                                     build/startup_stm32f303xc.o
SPI1_IRQHandler                                   build/startup_stm32f303xc.o
SPI2_IRQHandler                                   build/startup_stm32f303xc.o
SPI3_IRQHandler                                   build/startup_stm32f303xc.o
SVC_Handler                                       build/stm32f3xx_it.o
SysTick_Handler                                   build/stm32f3xx_it.o
SystemClock_Config                                build/main.o
SystemCoreClock                                   build/system_stm32f3xx.o
                                                  build/stm32f3xx_hal_rcc.o
                                                  build/stm32f3xx_hal_rcc_ex.o
                                                  build/stm32f3xx_hal.o
SystemCoreClockUpdate                             build/system_stm32f3xx.o
SystemInit                                        build/system_stm32f3xx.o
                                                  build/startup_stm32f303xc.o
TAMP_STAMP_IRQHandler                             build/startup_stm32f303xc.o
TIM1_BRK_TIM15_IRQHandler                         build/startup_stm32f303xc.o
TIM1_CC_IRQHandler                                build/startup_stm32f303xc.o
TIM1_TRG_COM_TIM17_IRQHandler                     build/startup_stm32f303xc.o
TIM1_UP_TIM16_IRQHandler                          build/startup_stm32f303xc.o
TIM2_IRQHandler                                   build/stm32f3xx_it.o
TIM3_IRQHandler                                   build/startup_stm32f303xc.o
TIM4_IRQHandler                                   build/startup_stm32f303xc.o
TIM6_DAC_IRQHandler                               build/startup_stm32f303xc.o
TIM7_IRQHandler                                   build/startup_stm32f303xc.o
TIM8_BRK_IRQHandler                               build/startup_stm32f303xc.o
TIM8_CC_IRQHandler                                build/startup_stm32f303xc.o
TIM8_TRG_COM_IRQHandler                           build/startup_stm32f303xc.o
TIM8_UP_IRQHandler                                build/startup_stm32f303xc.o
TIMEx_DMACommutationCplt                          build/stm32f3xx_hal_tim_ex.o
                                                  build/stm32f3xx_hal_tim.o
TIM_Base_SetConfig                                build/stm32f3xx_hal_tim.o
                                                  build/stm32f3xx_hal_tim_ex.o
TIM_CCxChannelCmd                                 build/stm32f3xx_hal_tim.o
                                                  build/stm32f3xx_hal_tim_ex.o
TIM_DMACaptureCplt                                build/stm32f3xx_hal_tim.o
                                                  build/stm32f3xx_hal_tim_ex.o
TIM_DMADelayPulseCplt                             build/stm32f3xx_hal_tim.o
                                                  build/stm32f3xx_hal_tim_ex.o
TIM_DMAError                                      build/stm32f3xx_hal_tim.o
                                                  build/stm32f3xx_hal_tim_ex.o
TIM_ETR_SetConfig                                 build/stm32f3xx_hal_tim.o
                                                  build/stm32f3xx_hal_tim_ex.o
TIM_OC1_SetConfig                                 build/stm32f3xx_hal_tim.o
                                                  build/stm32f3xx_hal_tim_ex.o
TIM_OC2_SetConfig                                 build/stm32f3xx_hal_tim.o
                                                  build/stm32f3xx_hal_tim_ex.o
TIM_OC3_SetConfig                                 build/stm32f3xx_hal_tim.o
                                                  build/stm32f3xx_hal_tim_ex.o
TIM_OC4_SetConfig                                 build/stm32f3xx_hal_tim.o
                                                  build/stm32f3xx_hal_tim_ex.o
TIM_TI1_SetConfig                                 build/stm32f3xx_hal_tim.o
                                                  build/stm32f3xx_hal_tim_ex.o
UART4_IRQHandler                                  build/startup_stm32f303xc.o
UART5_IRQHandler                                  build/startup_stm32f303xc.o
USART1_IRQHandler                                 build/startup_stm32f303xc.o
USART2_IRQHandler                                 build/startup_stm32f303xc.o
USART3_IRQHandler                                 build/startup_stm32f303xc.o
USBWakeUp_IRQHandler                              build/startup_stm32f303xc.o
USBWakeUp_RMP_IRQHandler                          build/startup_stm32f303xc.o
USB_HP_CAN_TX_IRQHandler                          build/startup_stm32f303xc.o
USB_HP_IRQHandler                                 build/startup_stm32f303xc.o
USB_LP_CAN_RX0_IRQHandler                         build/startup_stm32f303xc.o
USB_LP_IRQHandler                                 build/startup_stm32f303xc.o
UsageFault_Handler                                build/stm32f3xx_it.o
WWDG_IRQHandler                                   build/startup_stm32f303xc.o
_Error_Handler                                    build/main.o
_ITM_deregisterTMCloneTable                       /home/saicharan/arm/lib/gcc/arm-none-eabi/6.3.0/crtbegin.o
_ITM_registerTMCloneTable                         /home/saicharan/arm/lib/gcc/arm-none-eabi/6.3.0/crtbegin.o
_Jv_RegisterClasses                               /home/saicharan/arm/lib/gcc/arm-none-eabi/6.3.0/crtbegin.o
__TMC_END__                                       /home/saicharan/arm/lib/gcc/arm-none-eabi/6.3.0/crtend.o
                                                  /home/saicharan/arm/lib/gcc/arm-none-eabi/6.3.0/crtbegin.o
__bss_end__                                       /home/saicharan/arm/lib/gcc/arm-none-eabi/6.3.0/../../../../arm-none-eabi/lib/crt0.o
__bss_start__                                     /home/saicharan/arm/lib/gcc/arm-none-eabi/6.3.0/../../../../arm-none-eabi/lib/crt0.o
__call_exitprocs                                  /home/saicharan/arm/lib/gcc/arm-none-eabi/6.3.0/../../../../arm-none-eabi/lib/libc_s.a(lib_a-exit.o)
__deregister_frame_info                           /home/saicharan/arm/lib/gcc/arm-none-eabi/6.3.0/crtbegin.o
__dso_handle                                      /home/saicharan/arm/lib/gcc/arm-none-eabi/6.3.0/crtbegin.o
__init_array_end                                  /home/saicharan/arm/lib/gcc/arm-none-eabi/6.3.0/../../../../arm-none-eabi/lib/libc_s.a(lib_a-init.o)
__init_array_start                                /home/saicharan/arm/lib/gcc/arm-none-eabi/6.3.0/../../../../arm-none-eabi/lib/libc_s.a(lib_a-init.o)
__libc_fini_array                                 /home/saicharan/arm/lib/gcc/arm-none-eabi/6.3.0/../../../../arm-none-eabi/lib/crt0.o
__libc_init_array                                 /home/saicharan/arm/lib/gcc/arm-none-eabi/6.3.0/../../../../arm-none-eabi/lib/libc_s.a(lib_a-init.o)
                                                  build/startup_stm32f303xc.o
                                                  /home/saicharan/arm/lib/gcc/arm-none-eabi/6.3.0/../../../../arm-none-eabi/lib/crt0.o
__preinit_array_end                               /home/saicharan/arm/lib/gcc/arm-none-eabi/6.3.0/../../../../arm-none-eabi/lib/libc_s.a(lib_a-init.o)
__preinit_array_start                             /home/saicharan/arm/lib/gcc/arm-none-eabi/6.3.0/../../../../arm-none-eabi/lib/libc_s.a(lib_a-init.o)
__register_frame_info                             /home/saicharan/arm/lib/gcc/arm-none-eabi/6.3.0/crtbegin.o
__sf_fake_stderr                                  /home/saicharan/arm/lib/gcc/arm-none-eabi/6.3.0/../../../../arm-none-eabi/lib/libc_s.a(lib_a-impure.o)
__sf_fake_stdin                                   /home/saicharan/arm/lib/gcc/arm-none-eabi/6.3.0/../../../../arm-none-eabi/lib/libc_s.a(lib_a-impure.o)
__sf_fake_stdout                                  /home/saicharan/arm/lib/gcc/arm-none-eabi/6.3.0/../../../../arm-none-eabi/lib/libc_s.a(lib_a-impure.o)
__stack                                           /home/saicharan/arm/lib/gcc/arm-none-eabi/6.3.0/../../../../arm-none-eabi/lib/crt0.o
_ebss                                             build/startup_stm32f303xc.o
_edata                                            build/startup_stm32f303xc.o
_estack                                           build/startup_stm32f303xc.o
_exit                                             /home/saicharan/arm/lib/gcc/arm-none-eabi/6.3.0/../../../../arm-none-eabi/lib/libnosys.a(_exit.o)
                                                  /home/saicharan/arm/lib/gcc/arm-none-eabi/6.3.0/../../../../arm-none-eabi/lib/libc_s.a(lib_a-exit.o)
_fini                                             /home/saicharan/arm/lib/gcc/arm-none-eabi/6.3.0/crti.o
_global_impure_ptr                                /home/saicharan/arm/lib/gcc/arm-none-eabi/6.3.0/../../../../arm-none-eabi/lib/libc_s.a(lib_a-impure.o)
                                                  /home/saicharan/arm/lib/gcc/arm-none-eabi/6.3.0/../../../../arm-none-eabi/lib/libc_s.a(lib_a-exit.o)
_impure_ptr                                       /home/saicharan/arm/lib/gcc/arm-none-eabi/6.3.0/../../../../arm-none-eabi/lib/libc_s.a(lib_a-impure.o)
_init                                             /home/saicharan/arm/lib/gcc/arm-none-eabi/6.3.0/crti.o
                                                  /home/saicharan/arm/lib/gcc/arm-none-eabi/6.3.0/../../../../arm-none-eabi/lib/libc_s.a(lib_a-init.o)
_mainCRTStartup                                   /home/saicharan/arm/lib/gcc/arm-none-eabi/6.3.0/../../../../arm-none-eabi/lib/crt0.o
_sbss                                             build/startup_stm32f303xc.o
_sdata                                            build/startup_stm32f303xc.o
_sidata                                           build/startup_stm32f303xc.o
_start                                            /home/saicharan/arm/lib/gcc/arm-none-eabi/6.3.0/../../../../arm-none-eabi/lib/crt0.o
aPLLMULFactorTable                                build/stm32f3xx_hal_rcc.o
aPredivFactorTable                                build/stm32f3xx_hal_rcc.o
assert_failed                                     build/main.o
                                                  build/stm32f3xx_hal_rcc.o
                                                  build/stm32f3xx_hal_cortex.o
                                                  build/stm32f3xx_hal_pwr.o
                                                  build/stm32f3xx_hal_rcc_ex.o
                                                  build/stm32f3xx_hal_flash.o
                                                  build/stm32f3xx_hal_tim_ex.o
                                                  build/stm32f3xx_hal_gpio.o
                                                  build/stm32f3xx_hal_i2c.o
                                                  build/stm32f3xx_hal_flash_ex.o
                                                  build/stm32f3xx_hal_tim.o
                                                  build/stm32f3xx_hal_dma.o
                                                  build/stm32f3xx_hal_i2c_ex.o
                                                  build/stm32f3xx_hal_pwr_ex.o
atexit                                            /home/saicharan/arm/lib/gcc/arm-none-eabi/6.3.0/../../../../arm-none-eabi/lib/crt0.o
bit_count                                         build/main.o
dali_slave_array_receive_buffer                   build/main.o
exit                                              /home/saicharan/arm/lib/gcc/arm-none-eabi/6.3.0/../../../../arm-none-eabi/lib/libc_s.a(lib_a-exit.o)
                                                  /home/saicharan/arm/lib/gcc/arm-none-eabi/6.3.0/../../../../arm-none-eabi/lib/crt0.o
g_pfnVectors                                      build/startup_stm32f303xc.o
hardware_init_hook                                /home/saicharan/arm/lib/gcc/arm-none-eabi/6.3.0/../../../../arm-none-eabi/lib/crt0.o
htim2                                             build/main.o
                                                  build/stm32f3xx_it.o
main                                              build/main.o
                                                  build/startup_stm32f303xc.o
                                                  /home/saicharan/arm/lib/gcc/arm-none-eabi/6.3.0/../../../../arm-none-eabi/lib/crt0.o
memset                                            /home/saicharan/arm/lib/gcc/arm-none-eabi/6.3.0/../../../../arm-none-eabi/lib/libc_s.a(lib_a-memset.o)
                                                  /home/saicharan/arm/lib/gcc/arm-none-eabi/6.3.0/../../../../arm-none-eabi/lib/crt0.o
pFlash                                            build/stm32f3xx_hal_flash.o
                                                  build/stm32f3xx_hal_flash_ex.o
slave_addr_byte_received                          build/main.o
slave_cmd_byte_received                           build/main.o
software_init_hook                                /home/saicharan/arm/lib/gcc/arm-none-eabi/6.3.0/../../../../arm-none-eabi/lib/crt0.o
start_timer                                       build/main.o
                                                  build/stm32f3xx_it.o
tick_count                                        build/main.o
uwTick                                            build/stm32f3xx_hal.o
