Archive member included to satisfy reference by file (symbol)

/home/saicharan/arm/lib/gcc/arm-none-eabi/6.3.0/../../../../arm-none-eabi/lib/libc_s.a(lib_a-exit.o)
                              /home/saicharan/arm/lib/gcc/arm-none-eabi/6.3.0/../../../../arm-none-eabi/lib/crt0.o (exit)
/home/saicharan/arm/lib/gcc/arm-none-eabi/6.3.0/../../../../arm-none-eabi/lib/libc_s.a(lib_a-impure.o)
                              /home/saicharan/arm/lib/gcc/arm-none-eabi/6.3.0/../../../../arm-none-eabi/lib/libc_s.a(lib_a-exit.o) (_global_impure_ptr)
/home/saicharan/arm/lib/gcc/arm-none-eabi/6.3.0/../../../../arm-none-eabi/lib/libc_s.a(lib_a-init.o)
                              /home/saicharan/arm/lib/gcc/arm-none-eabi/6.3.0/../../../../arm-none-eabi/lib/crt0.o (__libc_init_array)
/home/saicharan/arm/lib/gcc/arm-none-eabi/6.3.0/../../../../arm-none-eabi/lib/libc_s.a(lib_a-memset.o)
                              /home/saicharan/arm/lib/gcc/arm-none-eabi/6.3.0/../../../../arm-none-eabi/lib/crt0.o (memset)
/home/saicharan/arm/lib/gcc/arm-none-eabi/6.3.0/../../../../arm-none-eabi/lib/libnosys.a(_exit.o)
                              /home/saicharan/arm/lib/gcc/arm-none-eabi/6.3.0/../../../../arm-none-eabi/lib/libc_s.a(lib_a-exit.o) (_exit)

Allocating common symbols
Common symbol       size              file

uwTick              0x4               build/stm32f3xx_hal.o
pFlash              0x20              build/stm32f3xx_hal_flash.o

Discarded input sections

 .text          0x0000000000000000        0x0 /home/saicharan/arm/lib/gcc/arm-none-eabi/6.3.0/crti.o
 .data          0x0000000000000000        0x0 /home/saicharan/arm/lib/gcc/arm-none-eabi/6.3.0/crti.o
 .bss           0x0000000000000000        0x0 /home/saicharan/arm/lib/gcc/arm-none-eabi/6.3.0/crti.o
 .data          0x0000000000000000        0x4 /home/saicharan/arm/lib/gcc/arm-none-eabi/6.3.0/crtbegin.o
 .text          0x0000000000000000       0x74 /home/saicharan/arm/lib/gcc/arm-none-eabi/6.3.0/../../../../arm-none-eabi/lib/crt0.o
 .data          0x0000000000000000        0x0 /home/saicharan/arm/lib/gcc/arm-none-eabi/6.3.0/../../../../arm-none-eabi/lib/crt0.o
 .bss           0x0000000000000000        0x0 /home/saicharan/arm/lib/gcc/arm-none-eabi/6.3.0/../../../../arm-none-eabi/lib/crt0.o
 .ARM.extab     0x0000000000000000        0x0 /home/saicharan/arm/lib/gcc/arm-none-eabi/6.3.0/../../../../arm-none-eabi/lib/crt0.o
 .ARM.exidx     0x0000000000000000        0x8 /home/saicharan/arm/lib/gcc/arm-none-eabi/6.3.0/../../../../arm-none-eabi/lib/crt0.o
 .debug_line    0x0000000000000000       0x97 /home/saicharan/arm/lib/gcc/arm-none-eabi/6.3.0/../../../../arm-none-eabi/lib/crt0.o
 .debug_info    0x0000000000000000       0xab /home/saicharan/arm/lib/gcc/arm-none-eabi/6.3.0/../../../../arm-none-eabi/lib/crt0.o
 .debug_abbrev  0x0000000000000000       0x14 /home/saicharan/arm/lib/gcc/arm-none-eabi/6.3.0/../../../../arm-none-eabi/lib/crt0.o
 .debug_aranges
                0x0000000000000000       0x20 /home/saicharan/arm/lib/gcc/arm-none-eabi/6.3.0/../../../../arm-none-eabi/lib/crt0.o
 .ARM.attributes
                0x0000000000000000       0x25 /home/saicharan/arm/lib/gcc/arm-none-eabi/6.3.0/../../../../arm-none-eabi/lib/crt0.o
 .text          0x0000000000000000        0x0 build/stm32f3xx_hal_i2c_ex.o
 .data          0x0000000000000000        0x0 build/stm32f3xx_hal_i2c_ex.o
 .bss           0x0000000000000000        0x0 build/stm32f3xx_hal_i2c_ex.o
 .text.HAL_I2CEx_ConfigAnalogFilter
                0x0000000000000000       0x90 build/stm32f3xx_hal_i2c_ex.o
 .text.HAL_I2CEx_ConfigDigitalFilter
                0x0000000000000000       0x8c build/stm32f3xx_hal_i2c_ex.o
 .text.HAL_I2CEx_EnableWakeUp
                0x0000000000000000       0x78 build/stm32f3xx_hal_i2c_ex.o
 .text.HAL_I2CEx_DisableWakeUp
                0x0000000000000000       0x78 build/stm32f3xx_hal_i2c_ex.o
 .text.HAL_I2CEx_EnableFastModePlus
                0x0000000000000000       0x58 build/stm32f3xx_hal_i2c_ex.o
 .text.HAL_I2CEx_DisableFastModePlus
                0x0000000000000000       0x58 build/stm32f3xx_hal_i2c_ex.o
 .rodata.HAL_I2CEx_ConfigAnalogFilter.str1.4
                0x0000000000000000       0x38 build/stm32f3xx_hal_i2c_ex.o
 .debug_info    0x0000000000000000     0x1328 build/stm32f3xx_hal_i2c_ex.o
 .debug_abbrev  0x0000000000000000      0x24b build/stm32f3xx_hal_i2c_ex.o
 .debug_loc     0x0000000000000000      0x2b8 build/stm32f3xx_hal_i2c_ex.o
 .debug_aranges
                0x0000000000000000       0x48 build/stm32f3xx_hal_i2c_ex.o
 .debug_ranges  0x0000000000000000       0x38 build/stm32f3xx_hal_i2c_ex.o
 .debug_line    0x0000000000000000      0x41f build/stm32f3xx_hal_i2c_ex.o
 .debug_str     0x0000000000000000      0xc2b build/stm32f3xx_hal_i2c_ex.o
 .comment       0x0000000000000000       0x12 build/stm32f3xx_hal_i2c_ex.o
 .debug_frame   0x0000000000000000       0xc8 build/stm32f3xx_hal_i2c_ex.o
 .ARM.attributes
[...]
Memory Configuration

Name             Origin             Length             Attributes
RAM              0x0000000020000000 0x000000000000a000 xrw
CCMRAM           0x0000000010000000 0x0000000000002000 rw
FLASH            0x0000000008000000 0x0000000000040000 xr
*default*        0x0000000000000000 0xffffffffffffffff

Linker script and memory map

LOAD /home/saicharan/arm/lib/gcc/arm-none-eabi/6.3.0/crti.o
LOAD /home/saicharan/arm/lib/gcc/arm-none-eabi/6.3.0/crtbegin.o
LOAD /home/saicharan/arm/lib/gcc/arm-none-eabi/6.3.0/../../../../arm-none-eabi/lib/crt0.o
LOAD build/stm32f3xx_hal_i2c_ex.o
LOAD build/stm32f3xx_hal_flash.o
LOAD build/stm32f3xx_hal_dma.o
LOAD build/stm32f3xx_hal_tim_ex.o
LOAD build/stm32f3xx_hal_pwr.o
LOAD build/stm32f3xx_hal_flash_ex.o
LOAD build/stm32f3xx_hal_rcc.o
LOAD build/stm32f3xx_hal_rcc_ex.o
LOAD build/stm32f3xx_hal_msp.o
LOAD build/stm32f3xx_hal_tim.o
LOAD build/stm32f3xx_hal_gpio.o
LOAD build/stm32f3xx_hal_i2c.o
LOAD build/main.o
LOAD build/dwt_stm32_delay.o
LOAD build/stm32f3xx_it.o
LOAD build/stm32f3xx_hal_cortex.o
LOAD build/stm32f3xx_hal_pwr_ex.o
LOAD build/system_stm32f3xx.o
LOAD build/stm32f3xx_hal.o
LOAD build/startup_stm32f303xc.o
LOAD /home/saicharan/arm/lib/gcc/arm-none-eabi/6.3.0/../../../../arm-none-eabi/lib/libc_s.a
LOAD /home/saicharan/arm/lib/gcc/arm-none-eabi/6.3.0/../../../../arm-none-eabi/lib/libm.a
LOAD /home/saicharan/arm/lib/gcc/arm-none-eabi/6.3.0/../../../../arm-none-eabi/lib/libnosys.a
START GROUP
LOAD /home/saicharan/arm/lib/gcc/arm-none-eabi/6.3.0/libgcc.a
LOAD /home/saicharan/arm/lib/gcc/arm-none-eabi/6.3.0/../../../../arm-none-eabi/lib/libc_s.a
END GROUP
START GROUP
LOAD /home/saicharan/arm/lib/gcc/arm-none-eabi/6.3.0/libgcc.a
LOAD /home/saicharan/arm/lib/gcc/arm-none-eabi/6.3.0/../../../../arm-none-eabi/lib/libc_s.a
END GROUP
LOAD /home/saicharan/arm/lib/gcc/arm-none-eabi/6.3.0/crtend.o
LOAD /home/saicharan/arm/lib/gcc/arm-none-eabi/6.3.0/crtn.o
                0x000000002000a000                _estack = 0x2000a000
                0x0000000000000200                _Min_Heap_Size = 0x200
                0x0000000000000400                _Min_Stack_Size = 0x400

.isr_vector     0x0000000008000000      0x188
                0x0000000008000000                . = ALIGN (0x4)
 *(.isr_vector)
 .isr_vector    0x0000000008000000      0x188 build/startup_stm32f303xc.o
                0x0000000008000000                g_pfnVectors
                0x0000000008000188                . = ALIGN (0x4)

.text           0x0000000008000188     0x14fc
                0x0000000008000188                . = ALIGN (0x4)
 *(.text)
 .text          0x0000000008000188       0xa4 /home/saicharan/arm/lib/gcc/arm-none-eabi/6.3.0/crtbegin.o
 .text          0x000000000800022c       0x50 /home/saicharan/arm/lib/gcc/arm-none-eabi/6.3.0/../../../../arm-none-eabi/lib/libc_s.a(lib_a-init.o)
                0x000000000800022c                __libc_init_array
 *(.text*)
 .text.HAL_RCC_OscConfig
                0x000000000800027c      0x730 build/stm32f3xx_hal_rcc.o
                0x000000000800027c                HAL_RCC_OscConfig
 .text.HAL_RCC_GetSysClockFreq
                0x00000000080009ac       0x70 build/stm32f3xx_hal_rcc.o
                0x00000000080009ac                HAL_RCC_GetSysClockFreq
 .text.HAL_RCC_ClockConfig
                0x0000000008000a1c      0x298 build/stm32f3xx_hal_rcc.o
                0x0000000008000a1c                HAL_RCC_ClockConfig
 .text.HAL_RCC_GetHCLKFreq
                0x0000000008000cb4        0xc build/stm32f3xx_hal_rcc.o
                0x0000000008000cb4                HAL_RCC_GetHCLKFreq
 .text.HAL_MspInit
                0x0000000008000cc0       0x7c build/stm32f3xx_hal_msp.o
                0x0000000008000cc0                HAL_MspInit
 .text.HAL_GPIO_Init
                0x0000000008000d3c      0x2c0 build/stm32f3xx_hal_gpio.o
                0x0000000008000d3c                HAL_GPIO_Init
 .text.HAL_GPIO_WritePin
                0x0000000008000ffc       0x34 build/stm32f3xx_hal_gpio.o
                0x0000000008000ffc                HAL_GPIO_WritePin
 .text.HAL_GPIO_TogglePin
                0x0000000008001030       0x20 build/stm32f3xx_hal_gpio.o
                0x0000000008001030                HAL_GPIO_TogglePin
 .text.HAL_GPIO_EXTI_Callback
                0x0000000008001050        0x2 build/stm32f3xx_hal_gpio.o
                0x0000000008001050                HAL_GPIO_EXTI_Callback
 *fill*         0x0000000008001052        0x2 
 .text.HAL_GPIO_EXTI_IRQHandler
                0x0000000008001054       0x1c build/stm32f3xx_hal_gpio.o
                0x0000000008001054                HAL_GPIO_EXTI_IRQHandler
 .text.MX_GPIO_Init
                0x0000000008001070       0xb8 build/main.o
 .text.DWT_Delay_us
                0x0000000008001128       0x38 build/main.o
 .text.Manch_Tx
                0x0000000008001160       0xfc build/main.o
 .text._Error_Handler
                0x000000000800125c       0x14 build/main.o
                0x000000000800125c                _Error_Handler
 .text.SystemClock_Config
                0x0000000008001270       0x80 build/main.o
                0x0000000008001270                SystemClock_Config
 .text.main     0x00000000080012f0       0x48 build/main.o
                0x00000000080012f0                main
 .text.assert_failed
                0x0000000008001338        0x2 build/main.o
                0x0000000008001338                assert_failed
 *fill*         0x000000000800133a        0x2 
 .text.DWT_Delay_Init
                0x000000000800133c       0x44 build/dwt_stm32_delay.o
                0x000000000800133c                DWT_Delay_Init
 .text.NMI_Handler
                0x0000000008001380        0x2 build/stm32f3xx_it.o
                0x0000000008001380                NMI_Handler
 .text.HardFault_Handler
                0x0000000008001382        0x2 build/stm32f3xx_it.o
                0x0000000008001382                HardFault_Handler
 .text.MemManage_Handler
                0x0000000008001384        0x2 build/stm32f3xx_it.o
                0x0000000008001384                MemManage_Handler
 .text.BusFault_Handler
                0x0000000008001386        0x2 build/stm32f3xx_it.o
                0x0000000008001386                BusFault_Handler
 .text.UsageFault_Handler
                0x0000000008001388        0x2 build/stm32f3xx_it.o
                0x0000000008001388                UsageFault_Handler
 .text.SVC_Handler
                0x000000000800138a        0x2 build/stm32f3xx_it.o
                0x000000000800138a                SVC_Handler
 .text.DebugMon_Handler
                0x000000000800138c        0x2 build/stm32f3xx_it.o
                0x000000000800138c                DebugMon_Handler
 .text.PendSV_Handler
                0x000000000800138e        0x2 build/stm32f3xx_it.o
                0x000000000800138e                PendSV_Handler
 .text.SysTick_Handler
                0x0000000008001390        0xc build/stm32f3xx_it.o
                0x0000000008001390                SysTick_Handler
 .text.EXTI0_IRQHandler
                0x000000000800139c       0x20 build/stm32f3xx_it.o
                0x000000000800139c                EXTI0_IRQHandler
 .text.HAL_NVIC_SetPriorityGrouping
                0x00000000080013bc       0x3c build/stm32f3xx_hal_cortex.o
                0x00000000080013bc                HAL_NVIC_SetPriorityGrouping
 .text.HAL_NVIC_SetPriority
                0x00000000080013f8       0x88 build/stm32f3xx_hal_cortex.o
                0x00000000080013f8                HAL_NVIC_SetPriority
 .text.HAL_NVIC_EnableIRQ
                0x0000000008001480       0x2c build/stm32f3xx_hal_cortex.o
                0x0000000008001480                HAL_NVIC_EnableIRQ
 .text.HAL_SYSTICK_Config
                0x00000000080014ac       0x2c build/stm32f3xx_hal_cortex.o
                0x00000000080014ac                HAL_SYSTICK_Config
 .text.HAL_SYSTICK_CLKSourceConfig
                0x00000000080014d8       0x3c build/stm32f3xx_hal_cortex.o
                0x00000000080014d8                HAL_SYSTICK_CLKSourceConfig
 .text.HAL_SYSTICK_Callback
                0x0000000008001514        0x2 build/stm32f3xx_hal_cortex.o
                0x0000000008001514                HAL_SYSTICK_Callback
 .text.HAL_SYSTICK_IRQHandler
                0x0000000008001516        0x8 build/stm32f3xx_hal_cortex.o
                0x0000000008001516                HAL_SYSTICK_IRQHandler
 *fill*         0x000000000800151e        0x2 
 .text.SystemInit
                0x0000000008001520       0x68 build/system_stm32f3xx.o
                0x0000000008001520                SystemInit
 .text.HAL_InitTick
                0x0000000008001588       0x2c build/stm32f3xx_hal.o
                0x0000000008001588                HAL_InitTick
 .text.HAL_Init
                0x00000000080015b4       0x24 build/stm32f3xx_hal.o
                0x00000000080015b4                HAL_Init
 .text.HAL_IncTick
                0x00000000080015d8       0x10 build/stm32f3xx_hal.o
                0x00000000080015d8                HAL_IncTick
 .text.HAL_GetTick
                0x00000000080015e8        0xc build/stm32f3xx_hal.o
                0x00000000080015e8                HAL_GetTick
 .text.HAL_Delay
                0x00000000080015f4       0x24 build/stm32f3xx_hal.o
                0x00000000080015f4                HAL_Delay
 .text.Reset_Handler
                0x0000000008001618       0x50 build/startup_stm32f303xc.o
                0x0000000008001618                Reset_Handler
 .text.Default_Handler
                0x0000000008001668        0x2 build/startup_stm32f303xc.o
                0x0000000008001668                RTC_Alarm_IRQHandler
                0x0000000008001668                TIM8_TRG_COM_IRQHandler
                0x0000000008001668                TIM8_CC_IRQHandler
                0x0000000008001668                TIM1_CC_IRQHandler
                0x0000000008001668                USB_HP_IRQHandler
                0x0000000008001668                PVD_IRQHandler
                0x0000000008001668                TAMP_STAMP_IRQHandler
                0x0000000008001668                EXTI3_IRQHandler
                0x0000000008001668                USB_HP_CAN_TX_IRQHandler
                0x0000000008001668                I2C2_EV_IRQHandler
                0x0000000008001668                FPU_IRQHandler
                0x0000000008001668                TIM1_UP_TIM16_IRQHandler
                0x0000000008001668                ADC1_2_IRQHandler
                0x0000000008001668                SPI1_IRQHandler
                0x0000000008001668                CAN_SCE_IRQHandler
                0x0000000008001668                TIM6_DAC_IRQHandler
                0x0000000008001668                TIM8_UP_IRQHandler
                0x0000000008001668                DMA2_Channel2_IRQHandler
                0x0000000008001668                DMA1_Channel4_IRQHandler
                0x0000000008001668                USART3_IRQHandler
                0x0000000008001668                DMA1_Channel7_IRQHandler
                0x0000000008001668                UART5_IRQHandler
                0x0000000008001668                ADC3_IRQHandler
                0x0000000008001668                TIM4_IRQHandler
                0x0000000008001668                CAN_RX1_IRQHandler
                0x0000000008001668                DMA2_Channel1_IRQHandler
                0x0000000008001668                I2C1_EV_IRQHandler
                0x0000000008001668                DMA1_Channel6_IRQHandler
                0x0000000008001668                UART4_IRQHandler
                0x0000000008001668                DMA2_Channel4_IRQHandler
                0x0000000008001668                TIM3_IRQHandler
                0x0000000008001668                RCC_IRQHandler
                0x0000000008001668                DMA1_Channel1_IRQHandler
                0x0000000008001668                Default_Handler
                0x0000000008001668                USBWakeUp_RMP_IRQHandler
                0x0000000008001668                EXTI15_10_IRQHandler
                0x0000000008001668                TIM7_IRQHandler
                0x0000000008001668                EXTI9_5_IRQHandler
                0x0000000008001668                RTC_WKUP_IRQHandler
                0x0000000008001668                SPI2_IRQHandler
                0x0000000008001668                USB_LP_CAN_RX0_IRQHandler
                0x0000000008001668                DMA2_Channel5_IRQHandler
                0x0000000008001668                DMA1_Channel5_IRQHandler
                0x0000000008001668                USB_LP_IRQHandler
                0x0000000008001668                EXTI4_IRQHandler
                0x0000000008001668                TIM1_TRG_COM_TIM17_IRQHandler
                0x0000000008001668                DMA1_Channel3_IRQHandler
                0x0000000008001668                ADC4_IRQHandler
                0x0000000008001668                WWDG_IRQHandler
                0x0000000008001668                TIM2_IRQHandler
                0x0000000008001668                COMP7_IRQHandler
                0x0000000008001668                COMP1_2_3_IRQHandler
                0x0000000008001668                EXTI1_IRQHandler
                0x0000000008001668                USART2_IRQHandler
                0x0000000008001668                COMP4_5_6_IRQHandler
                0x0000000008001668                I2C2_ER_IRQHandler
                0x0000000008001668                DMA1_Channel2_IRQHandler
                0x0000000008001668                TIM8_BRK_IRQHandler
                0x0000000008001668                FLASH_IRQHandler
                0x0000000008001668                USART1_IRQHandler
                0x0000000008001668                SPI3_IRQHandler
                0x0000000008001668                I2C1_ER_IRQHandler
                0x0000000008001668                USBWakeUp_IRQHandler
                0x0000000008001668                DMA2_Channel3_IRQHandler
                0x0000000008001668                EXTI2_TSC_IRQHandler
                0x0000000008001668                TIM1_BRK_TIM15_IRQHandler
 *(.glue_7)
 .glue_7        0x000000000800166a        0x0 linker stubs
 *(.glue_7t)
 .glue_7t       0x000000000800166a        0x0 linker stubs
 *(.eh_frame)
 *fill*         0x000000000800166a        0x2 
 .eh_frame      0x000000000800166c        0x0 /home/saicharan/arm/lib/gcc/arm-none-eabi/6.3.0/crtbegin.o
 *(.init)
 .init          0x000000000800166c        0x4 /home/saicharan/arm/lib/gcc/arm-none-eabi/6.3.0/crti.o
                0x000000000800166c                _init
 .init          0x0000000008001670        0x8 /home/saicharan/arm/lib/gcc/arm-none-eabi/6.3.0/crtn.o
 *(.fini)
 .fini          0x0000000008001678        0x4 /home/saicharan/arm/lib/gcc/arm-none-eabi/6.3.0/crti.o
                0x0000000008001678                _fini
 .fini          0x000000000800167c        0x8 /home/saicharan/arm/lib/gcc/arm-none-eabi/6.3.0/crtn.o
                0x0000000008001684                . = ALIGN (0x4)
                0x0000000008001684                _etext = .

.vfp11_veneer   0x0000000008001684        0x0
 .vfp11_veneer  0x0000000008001684        0x0 linker stubs

.v4_bx          0x0000000008001684        0x0
 .v4_bx         0x0000000008001684        0x0 linker stubs

.iplt           0x0000000008001684        0x0
 .iplt          0x0000000008001684        0x0 /home/saicharan/arm/lib/gcc/arm-none-eabi/6.3.0/crtbegin.o

.rodata         0x0000000008001684       0xe4
                0x0000000008001684                . = ALIGN (0x4)
 *(.rodata)
 *(.rodata*)
 .rodata.HAL_RCC_OscConfig.str1.4
                0x0000000008001684       0x35 build/stm32f3xx_hal_rcc.o
 *fill*         0x00000000080016b9        0x3 
 .rodata.aPLLMULFactorTable
                0x00000000080016bc       0x10 build/stm32f3xx_hal_rcc.o
                0x00000000080016bc                aPLLMULFactorTable
 .rodata.aPredivFactorTable
                0x00000000080016cc       0x10 build/stm32f3xx_hal_rcc.o
                0x00000000080016cc                aPredivFactorTable
 .rodata.HAL_GPIO_Init.str1.4
                0x00000000080016dc       0x36 build/stm32f3xx_hal_gpio.o
 *fill*         0x0000000008001712        0x2 
 .rodata.SystemClock_Config.str1.4
                0x0000000008001714        0xb build/main.o
 *fill*         0x000000000800171f        0x1 
 .rodata.HAL_NVIC_SetPriorityGrouping.str1.4
                0x0000000008001720       0x38 build/stm32f3xx_hal_cortex.o
 .rodata.AHBPrescTable
                0x0000000008001758       0x10 build/system_stm32f3xx.o
                0x0000000008001758                AHBPrescTable
                0x0000000008001768                . = ALIGN (0x4)

.rel.dyn        0x0000000008001768        0x0
 .rel.iplt      0x0000000008001768        0x0 /home/saicharan/arm/lib/gcc/arm-none-eabi/6.3.0/crtbegin.o

.ARM.extab
 *(.ARM.extab* .gnu.linkonce.armextab.*)

.ARM            0x0000000008001768        0x0
                0x0000000008001768                __exidx_start = .
 *(.ARM.exidx*)
                0x0000000008001768                __exidx_end = .

.preinit_array  0x0000000008001768        0x0
                0x0000000008001768                PROVIDE (__preinit_array_start, .)
 *(.preinit_array*)
                0x0000000008001768                PROVIDE (__preinit_array_end, .)

.init_array     0x0000000008001768        0x4
                0x0000000008001768                PROVIDE (__init_array_start, .)
 *(SORT(.init_array.*))
 *(.init_array*)
 .init_array    0x0000000008001768        0x4 /home/saicharan/arm/lib/gcc/arm-none-eabi/6.3.0/crtbegin.o
                0x000000000800176c                PROVIDE (__init_array_end, .)

.fini_array     0x000000000800176c        0x4
                [!provide]                        PROVIDE (__fini_array_start, .)
 *(SORT(.fini_array.*))
 *(.fini_array*)
 .fini_array    0x000000000800176c        0x4 /home/saicharan/arm/lib/gcc/arm-none-eabi/6.3.0/crtbegin.o
                [!provide]                        PROVIDE (__fini_array_end, .)
                0x0000000008001770                _sidata = LOADADDR (.data)

.data           0x0000000020000000        0x4 load address 0x0000000008001770
                0x0000000020000000                . = ALIGN (0x4)
                0x0000000020000000                _sdata = .
 *(.data)
 *(.data*)
 .data.SystemCoreClock
                0x0000000020000000        0x4 build/system_stm32f3xx.o
                0x0000000020000000                SystemCoreClock
                0x0000000020000004                . = ALIGN (0x4)
                0x0000000020000004                _edata = .
                0x0000000008001774                _siccmram = LOADADDR (.ccmram)

.jcr            0x0000000020000004        0x0 load address 0x0000000008001774
 .jcr           0x0000000020000004        0x0 /home/saicharan/arm/lib/gcc/arm-none-eabi/6.3.0/crtbegin.o

.tm_clone_table
                0x0000000020000004        0x0 load address 0x0000000008001774
 .tm_clone_table
                0x0000000020000004        0x0 /home/saicharan/arm/lib/gcc/arm-none-eabi/6.3.0/crtbegin.o
 .tm_clone_table
                0x0000000020000004        0x0 /home/saicharan/arm/lib/gcc/arm-none-eabi/6.3.0/crtend.o

.igot.plt       0x0000000020000004        0x0 load address 0x0000000008001774
 .igot.plt      0x0000000020000004        0x0 /home/saicharan/arm/lib/gcc/arm-none-eabi/6.3.0/crtbegin.o

.ccmram         0x0000000010000000        0x0 load address 0x0000000008001774
                0x0000000010000000                . = ALIGN (0x4)
                0x0000000010000000                _sccmram = .
 *(.ccmram)
 *(.ccmram*)
                0x0000000010000000                . = ALIGN (0x4)
                0x0000000010000000                _eccmram = .
                0x0000000010000000                . = ALIGN (0x4)

.bss            0x0000000020000004       0x24
                0x0000000020000004                _sbss = .
                0x0000000020000004                __bss_start__ = _sbss
 *(.bss)
 .bss           0x0000000020000004       0x1c /home/saicharan/arm/lib/gcc/arm-none-eabi/6.3.0/crtbegin.o
 *(.bss*)
 .bss.interrupt_detected
                0x0000000020000020        0x1 build/main.o
                0x0000000020000020                interrupt_detected
 *(COMMON)
 *fill*         0x0000000020000021        0x3 
 COMMON         0x0000000020000024        0x4 build/stm32f3xx_hal.o
                0x0000000020000024                uwTick
                0x0000000020000028                . = ALIGN (0x4)
                0x0000000020000028                _ebss = .
                0x0000000020000028                __bss_end__ = _ebss

._user_heap_stack
                0x0000000020000028      0x600
                0x0000000020000028                . = ALIGN (0x8)
                [!provide]                        PROVIDE (end, .)
                [!provide]                        PROVIDE (_end, .)
                0x0000000020000228                . = (. + _Min_Heap_Size)
 *fill*         0x0000000020000028      0x200 
                0x0000000020000628                . = (. + _Min_Stack_Size)
 *fill*         0x0000000020000228      0x400 
                0x0000000020000628                . = ALIGN (0x8)

/DISCARD/
 libc.a(*)
 libm.a(*)
 libgcc.a(*)

.ARM.attributes
                0x0000000000000000       0x35
 *(.ARM.attributes)
 .ARM.attributes
                0x0000000000000000       0x27 /home/saicharan/arm/lib/gcc/arm-none-eabi/6.3.0/crti.o
 .ARM.attributes
                0x0000000000000027       0x39 /home/saicharan/arm/lib/gcc/arm-none-eabi/6.3.0/crtbegin.o
 .ARM.attributes
                0x0000000000000060       0x39 build/stm32f3xx_hal_rcc.o
 .ARM.attributes
                0x0000000000000099       0x39 build/stm32f3xx_hal_msp.o
 .ARM.attributes
                0x00000000000000d2       0x39 build/stm32f3xx_hal_gpio.o
 .ARM.attributes
                0x000000000000010b       0x39 build/main.o
 .ARM.attributes
                0x0000000000000144       0x39 build/dwt_stm32_delay.o
 .ARM.attributes
                0x000000000000017d       0x39 build/stm32f3xx_it.o
 .ARM.attributes
                0x00000000000001b6       0x39 build/stm32f3xx_hal_cortex.o
 .ARM.attributes
                0x00000000000001ef       0x39 build/system_stm32f3xx.o
 .ARM.attributes
                0x0000000000000228       0x39 build/stm32f3xx_hal.o
 .ARM.attributes
                0x0000000000000261       0x21 build/startup_stm32f303xc.o
 .ARM.attributes
                0x0000000000000282       0x39 /home/saicharan/arm/lib/gcc/arm-none-eabi/6.3.0/../../../../arm-none-eabi/lib/libc_s.a(lib_a-init.o)
 .ARM.attributes
                0x00000000000002bb       0x39 /home/saicharan/arm/lib/gcc/arm-none-eabi/6.3.0/crtend.o
 .ARM.attributes
                0x00000000000002f4       0x27 /home/saicharan/arm/lib/gcc/arm-none-eabi/6.3.0/crtn.o
OUTPUT(build/Manchester_Coding.elf elf32-littlearm)

.comment        0x0000000000000000       0x11
 .comment       0x0000000000000000       0x11 /home/saicharan/arm/lib/gcc/arm-none-eabi/6.3.0/crtbegin.o
                                         0x12 (size before relaxing)
 .comment       0x0000000000000011       0x12 build/stm32f3xx_hal_rcc.o
 .comment       0x0000000000000011       0x12 build/stm32f3xx_hal_msp.o
 .comment       0x0000000000000011       0x12 build/stm32f3xx_hal_gpio.o
 .comment       0x0000000000000011       0x12 build/main.o
 .comment       0x0000000000000011       0x12 build/dwt_stm32_delay.o
 .comment       0x0000000000000011       0x12 build/stm32f3xx_it.o
 .comment       0x0000000000000011       0x12 build/stm32f3xx_hal_cortex.o
 .comment       0x0000000000000011       0x12 build/system_stm32f3xx.o
 .comment       0x0000000000000011       0x12 build/stm32f3xx_hal.o
 .comment       0x0000000000000011       0x12 /home/saicharan/arm/lib/gcc/arm-none-eabi/6.3.0/../../../../arm-none-eabi/lib/libc_s.a(lib_a-init.o)
 .comment       0x0000000000000011       0x12 /home/saicharan/arm/lib/gcc/arm-none-eabi/6.3.0/crtend.o

.debug_info     0x0000000000000000     0xaaaf
 .debug_info    0x0000000000000000     0x1ffc build/stm32f3xx_hal_rcc.o
 .debug_info    0x0000000000001ffc      0xdf3 build/stm32f3xx_hal_msp.o
 .debug_info    0x0000000000002def     0x120d build/stm32f3xx_hal_gpio.o
 .debug_info    0x0000000000003ffc     0x1770 build/main.o
 .debug_info    0x000000000000576c      0xc07 build/dwt_stm32_delay.o
 .debug_info    0x0000000000006373      0xc6b build/stm32f3xx_it.o
 .debug_info    0x0000000000006fde     0x1a8e build/stm32f3xx_hal_cortex.o
 .debug_info    0x0000000000008a6c      0xd51 build/system_stm32f3xx.o
 .debug_info    0x00000000000097bd     0x1137 build/stm32f3xx_hal.o
 .debug_info    0x000000000000a8f4       0xaf build/startup_stm32f303xc.o
 .debug_info    0x000000000000a9a3      0x10c /home/saicharan/arm/lib/gcc/arm-none-eabi/6.3.0/../../../../arm-none-eabi/lib/libc_s.a(lib_a-init.o)

.debug_abbrev   0x0000000000000000     0x1818
 .debug_abbrev  0x0000000000000000      0x350 build/stm32f3xx_hal_rcc.o
 .debug_abbrev  0x0000000000000350      0x20b build/stm32f3xx_hal_msp.o
 .debug_abbrev  0x000000000000055b      0x2cf build/stm32f3xx_hal_gpio.o
 .debug_abbrev  0x000000000000082a      0x36b build/main.o
 .debug_abbrev  0x0000000000000b95      0x18b build/dwt_stm32_delay.o
 .debug_abbrev  0x0000000000000d20      0x20b build/stm32f3xx_it.o
 .debug_abbrev  0x0000000000000f2b      0x397 build/stm32f3xx_hal_cortex.o
 .debug_abbrev  0x00000000000012c2      0x1dd build/system_stm32f3xx.o
 .debug_abbrev  0x000000000000149f      0x2af build/stm32f3xx_hal.o
 .debug_abbrev  0x000000000000174e       0x12 build/startup_stm32f303xc.o
 .debug_abbrev  0x0000000000001760       0xb8 /home/saicharan/arm/lib/gcc/arm-none-eabi/6.3.0/../../../../arm-none-eabi/lib/libc_s.a(lib_a-init.o)

.debug_loc      0x0000000000000000     0x1e56
 .debug_loc     0x0000000000000000      0xad6 build/stm32f3xx_hal_rcc.o
 .debug_loc     0x0000000000000ad6       0x38 build/stm32f3xx_hal_msp.o
 .debug_loc     0x0000000000000b0e      0x600 build/stm32f3xx_hal_gpio.o
 .debug_loc     0x000000000000110e      0x22a build/main.o
 .debug_loc     0x0000000000001338       0x40 build/stm32f3xx_it.o
 .debug_loc     0x0000000000001378      0x830 build/stm32f3xx_hal_cortex.o
 .debug_loc     0x0000000000001ba8       0xff build/system_stm32f3xx.o
 .debug_loc     0x0000000000001ca7      0x101 build/stm32f3xx_hal.o
 .debug_loc     0x0000000000001da8       0xae /home/saicharan/arm/lib/gcc/arm-none-eabi/6.3.0/../../../../arm-none-eabi/lib/libc_s.a(lib_a-init.o)

.debug_aranges  0x0000000000000000      0x3b8
 .debug_aranges
                0x0000000000000000       0x88 build/stm32f3xx_hal_rcc.o
 .debug_aranges
                0x0000000000000088       0x20 build/stm32f3xx_hal_msp.o
 .debug_aranges
                0x00000000000000a8       0x58 build/stm32f3xx_hal_gpio.o
 .debug_aranges
                0x0000000000000100       0x50 build/main.o
 .debug_aranges
                0x0000000000000150       0x20 build/dwt_stm32_delay.o
 .debug_aranges
                0x0000000000000170       0x68 build/stm32f3xx_it.o
 .debug_aranges
                0x00000000000001d8       0xa8 build/stm32f3xx_hal_cortex.o
 .debug_aranges
                0x0000000000000280       0x28 build/system_stm32f3xx.o
 .debug_aranges
                0x00000000000002a8       0xc8 build/stm32f3xx_hal.o
 .debug_aranges
                0x0000000000000370       0x28 build/startup_stm32f303xc.o
 .debug_aranges
                0x0000000000000398       0x20 /home/saicharan/arm/lib/gcc/arm-none-eabi/6.3.0/../../../../arm-none-eabi/lib/libc_s.a(lib_a-init.o)

.debug_ranges   0x0000000000000000      0x380
 .debug_ranges  0x0000000000000000       0x98 build/stm32f3xx_hal_rcc.o
 .debug_ranges  0x0000000000000098       0x10 build/stm32f3xx_hal_msp.o
 .debug_ranges  0x00000000000000a8       0x48 build/stm32f3xx_hal_gpio.o
 .debug_ranges  0x00000000000000f0       0x40 build/main.o
 .debug_ranges  0x0000000000000130       0x10 build/dwt_stm32_delay.o
 .debug_ranges  0x0000000000000140       0x58 build/stm32f3xx_it.o
 .debug_ranges  0x0000000000000198       0xf8 build/stm32f3xx_hal_cortex.o
 .debug_ranges  0x0000000000000290       0x18 build/system_stm32f3xx.o
 .debug_ranges  0x00000000000002a8       0xb8 build/stm32f3xx_hal.o
 .debug_ranges  0x0000000000000360       0x20 build/startup_stm32f303xc.o

.debug_line     0x0000000000000000     0x235a
 .debug_line    0x0000000000000000      0x8a9 build/stm32f3xx_hal_rcc.o
 .debug_line    0x00000000000008a9      0x210 build/stm32f3xx_hal_msp.o
 .debug_line    0x0000000000000ab9      0x4c0 build/stm32f3xx_hal_gpio.o
 .debug_line    0x0000000000000f79      0x366 build/main.o
 .debug_line    0x00000000000012df      0x1c6 build/dwt_stm32_delay.o
 .debug_line    0x00000000000014a5      0x2c2 build/stm32f3xx_it.o
 .debug_line    0x0000000000001767      0x4df build/stm32f3xx_hal_cortex.o
 .debug_line    0x0000000000001c46      0x1ff build/system_stm32f3xx.o
 .debug_line    0x0000000000001e45      0x3b5 build/stm32f3xx_hal.o
 .debug_line    0x00000000000021fa       0x74 build/startup_stm32f303xc.o
 .debug_line    0x000000000000226e       0xec /home/saicharan/arm/lib/gcc/arm-none-eabi/6.3.0/../../../../arm-none-eabi/lib/libc_s.a(lib_a-init.o)

.debug_str      0x0000000000000000     0x1979
 .debug_str     0x0000000000000000      0x9d8 build/stm32f3xx_hal_rcc.o
                                        0xa72 (size before relaxing)
 .debug_str     0x00000000000009d8      0x488 build/stm32f3xx_hal_msp.o
                                        0xabb (size before relaxing)
 .debug_str     0x0000000000000e60      0x182 build/stm32f3xx_hal_gpio.o
                                        0x893 (size before relaxing)
 .debug_str     0x0000000000000fe2      0x1b2 build/main.o
                                        0xe83 (size before relaxing)
 .debug_str     0x0000000000001194       0x3d build/dwt_stm32_delay.o
                                        0x6db (size before relaxing)
 .debug_str     0x00000000000011d1       0xd7 build/stm32f3xx_it.o
                                        0x750 (size before relaxing)
 .debug_str     0x00000000000012a8      0x3bc build/stm32f3xx_hal_cortex.o
                                        0xf9c (size before relaxing)
 .debug_str     0x0000000000001664       0x57 build/system_stm32f3xx.o
                                        0x6e1 (size before relaxing)
 .debug_str     0x00000000000016bb      0x1b2 build/stm32f3xx_hal.o
                                        0xd27 (size before relaxing)
 .debug_str     0x000000000000186d      0x10c /home/saicharan/arm/lib/gcc/arm-none-eabi/6.3.0/../../../../arm-none-eabi/lib/libc_s.a(lib_a-init.o)
                                        0x1b0 (size before relaxing)

.debug_frame    0x0000000000000000      0x838
 .debug_frame   0x0000000000000000      0x174 build/stm32f3xx_hal_rcc.o
 .debug_frame   0x0000000000000174       0x2c build/stm32f3xx_hal_msp.o
 .debug_frame   0x00000000000001a0      0x120 build/stm32f3xx_hal_gpio.o
 .debug_frame   0x00000000000002c0       0xec build/main.o
 .debug_frame   0x00000000000003ac       0x20 build/dwt_stm32_delay.o
 .debug_frame   0x00000000000003cc       0xc8 build/stm32f3xx_it.o
 .debug_frame   0x0000000000000494      0x1a0 build/stm32f3xx_hal_cortex.o
 .debug_frame   0x0000000000000634       0x30 build/system_stm32f3xx.o
 .debug_frame   0x0000000000000664      0x1a8 build/stm32f3xx_hal.o
 .debug_frame   0x000000000000080c       0x2c /home/saicharan/arm/lib/gcc/arm-none-eabi/6.3.0/../../../../arm-none-eabi/lib/libc_s.a(lib_a-init.o)

Cross Reference Table

Symbol                                            File
ADC1_2_IRQHandler                                 build/startup_stm32f303xc.o
ADC3_IRQHandler                                   build/startup_stm32f303xc.o
ADC4_IRQHandler                                   build/startup_stm32f303xc.o
AHBPrescTable                                     build/system_stm32f3xx.o
                                                  build/stm32f3xx_hal_rcc.o
APBPrescTable                                     build/system_stm32f3xx.o
                                                  build/stm32f3xx_hal_rcc.o
BusFault_Handler                                  build/stm32f3xx_it.o
CAN_RX1_IRQHandler                                build/startup_stm32f303xc.o
CAN_SCE_IRQHandler                                build/startup_stm32f303xc.o
COMP1_2_3_IRQHandler                              build/startup_stm32f303xc.o
COMP4_5_6_IRQHandler                              build/startup_stm32f303xc.o
COMP7_IRQHandler                                  build/startup_stm32f303xc.o
DMA1_Channel1_IRQHandler                          build/startup_stm32f303xc.o
DMA1_Channel2_IRQHandler                          build/startup_stm32f303xc.o
DMA1_Channel3_IRQHandler                          build/startup_stm32f303xc.o
DMA1_Channel4_IRQHandler                          build/startup_stm32f303xc.o
DMA1_Channel5_IRQHandler                          build/startup_stm32f303xc.o
DMA1_Channel6_IRQHandler                          build/startup_stm32f303xc.o
DMA1_Channel7_IRQHandler                          build/startup_stm32f303xc.o
DMA2_Channel1_IRQHandler                          build/startup_stm32f303xc.o
DMA2_Channel2_IRQHandler                          build/startup_stm32f303xc.o
DMA2_Channel3_IRQHandler                          build/startup_stm32f303xc.o
DMA2_Channel4_IRQHandler                          build/startup_stm32f303xc.o
DMA2_Channel5_IRQHandler                          build/startup_stm32f303xc.o
DWT_Delay_Init                                    build/dwt_stm32_delay.o
                                                  build/main.o
DebugMon_Handler                                  build/stm32f3xx_it.o
Default_Handler                                   build/startup_stm32f303xc.o
EXTI0_IRQHandler                                  build/stm32f3xx_it.o
EXTI15_10_IRQHandler                              build/startup_stm32f303xc.o
EXTI1_IRQHandler                                  build/startup_stm32f303xc.o
EXTI2_TSC_IRQHandler                              build/startup_stm32f303xc.o
EXTI3_IRQHandler                                  build/startup_stm32f303xc.o
EXTI4_IRQHandler                                  build/startup_stm32f303xc.o
EXTI9_5_IRQHandler                                build/startup_stm32f303xc.o
FLASH_IRQHandler                                  build/startup_stm32f303xc.o
FLASH_PageErase                                   build/stm32f3xx_hal_flash_ex.o
                                                  build/stm32f3xx_hal_flash.o
FLASH_WaitForLastOperation                        build/stm32f3xx_hal_flash.o
                                                  build/stm32f3xx_hal_flash_ex.o
FPU_IRQHandler                                    build/startup_stm32f303xc.o
HAL_DBGMCU_DisableDBGSleepMode                    build/stm32f3xx_hal.o
HAL_DBGMCU_DisableDBGStandbyMode                  build/stm32f3xx_hal.o
HAL_DBGMCU_DisableDBGStopMode                     build/stm32f3xx_hal.o
HAL_DBGMCU_EnableDBGSleepMode                     build/stm32f3xx_hal.o
HAL_DBGMCU_EnableDBGStandbyMode                   build/stm32f3xx_hal.o
HAL_DBGMCU_EnableDBGStopMode                      build/stm32f3xx_hal.o
HAL_DMA_Abort                                     build/stm32f3xx_hal_dma.o
HAL_DMA_Abort_IT                                  build/stm32f3xx_hal_dma.o
                                                  build/stm32f3xx_hal_i2c.o
HAL_DMA_DeInit                                    build/stm32f3xx_hal_dma.o
HAL_DMA_GetError                                  build/stm32f3xx_hal_dma.o
HAL_DMA_GetState                                  build/stm32f3xx_hal_dma.o
HAL_DMA_IRQHandler                                build/stm32f3xx_hal_dma.o
HAL_DMA_Init                                      build/stm32f3xx_hal_dma.o
HAL_DMA_PollForTransfer                           build/stm32f3xx_hal_dma.o
HAL_DMA_RegisterCallback                          build/stm32f3xx_hal_dma.o
HAL_DMA_Start                                     build/stm32f3xx_hal_dma.o
HAL_DMA_Start_IT                                  build/stm32f3xx_hal_dma.o
                                                  build/stm32f3xx_hal_i2c.o
HAL_DMA_UnRegisterCallback                        build/stm32f3xx_hal_dma.o
HAL_DeInit                                        build/stm32f3xx_hal.o
HAL_Delay                                         build/stm32f3xx_hal.o
                                                  build/main.o
HAL_FLASHEx_Erase                                 build/stm32f3xx_hal_flash_ex.o
HAL_FLASHEx_Erase_IT                              build/stm32f3xx_hal_flash_ex.o
HAL_FLASHEx_OBErase                               build/stm32f3xx_hal_flash_ex.o
HAL_FLASHEx_OBGetConfig                           build/stm32f3xx_hal_flash_ex.o
HAL_FLASHEx_OBGetUserData                         build/stm32f3xx_hal_flash_ex.o
HAL_FLASHEx_OBProgram                             build/stm32f3xx_hal_flash_ex.o
HAL_FLASH_EndOfOperationCallback                  build/stm32f3xx_hal_flash.o
HAL_FLASH_GetError                                build/stm32f3xx_hal_flash.o
HAL_FLASH_IRQHandler                              build/stm32f3xx_hal_flash.o
HAL_FLASH_Lock                                    build/stm32f3xx_hal_flash.o
HAL_FLASH_OB_Launch                               build/stm32f3xx_hal_flash.o
HAL_FLASH_OB_Lock                                 build/stm32f3xx_hal_flash.o
HAL_FLASH_OB_Unlock                               build/stm32f3xx_hal_flash.o
HAL_FLASH_OperationErrorCallback                  build/stm32f3xx_hal_flash.o
HAL_FLASH_Program                                 build/stm32f3xx_hal_flash.o
HAL_FLASH_Program_IT                              build/stm32f3xx_hal_flash.o
HAL_FLASH_Unlock                                  build/stm32f3xx_hal_flash.o
HAL_GPIO_DeInit                                   build/stm32f3xx_hal_gpio.o
HAL_GPIO_EXTI_Callback                            build/stm32f3xx_hal_gpio.o
HAL_GPIO_EXTI_IRQHandler                          build/stm32f3xx_hal_gpio.o
                                                  build/stm32f3xx_it.o
HAL_GPIO_Init                                     build/stm32f3xx_hal_gpio.o
                                                  build/main.o
                                                  build/stm32f3xx_hal_rcc.o
HAL_GPIO_LockPin                                  build/stm32f3xx_hal_gpio.o
HAL_GPIO_ReadPin                                  build/stm32f3xx_hal_gpio.o
HAL_GPIO_TogglePin                                build/stm32f3xx_hal_gpio.o
                                                  build/main.o
HAL_GPIO_WritePin                                 build/stm32f3xx_hal_gpio.o
                                                  build/stm32f3xx_it.o
                                                  build/main.o
HAL_GetDEVID                                      build/stm32f3xx_hal.o
HAL_GetHalVersion                                 build/stm32f3xx_hal.o
HAL_GetREVID                                      build/stm32f3xx_hal.o
HAL_GetTick                                       build/stm32f3xx_hal.o
                                                  build/stm32f3xx_hal_i2c.o
                                                  build/stm32f3xx_hal_rcc_ex.o
                                                  build/stm32f3xx_hal_rcc.o
                                                  build/stm32f3xx_hal_dma.o
                                                  build/stm32f3xx_hal_flash.o
HAL_GetUIDw0                                      build/stm32f3xx_hal.o
HAL_GetUIDw1                                      build/stm32f3xx_hal.o
HAL_GetUIDw2                                      build/stm32f3xx_hal.o
HAL_I2CEx_ConfigAnalogFilter                      build/stm32f3xx_hal_i2c_ex.o
HAL_I2CEx_ConfigDigitalFilter                     build/stm32f3xx_hal_i2c_ex.o
HAL_I2CEx_DisableFastModePlus                     build/stm32f3xx_hal_i2c_ex.o
HAL_I2CEx_DisableWakeUp                           build/stm32f3xx_hal_i2c_ex.o
HAL_I2CEx_EnableFastModePlus                      build/stm32f3xx_hal_i2c_ex.o
HAL_I2CEx_EnableWakeUp                            build/stm32f3xx_hal_i2c_ex.o
HAL_I2C_AbortCpltCallback                         build/stm32f3xx_hal_i2c.o
HAL_I2C_AddrCallback                              build/stm32f3xx_hal_i2c.o
HAL_I2C_DeInit                                    build/stm32f3xx_hal_i2c.o
HAL_I2C_DisableListen_IT                          build/stm32f3xx_hal_i2c.o
HAL_I2C_ER_IRQHandler                             build/stm32f3xx_hal_i2c.o
HAL_I2C_EV_IRQHandler                             build/stm32f3xx_hal_i2c.o
HAL_I2C_EnableListen_IT                           build/stm32f3xx_hal_i2c.o
HAL_I2C_ErrorCallback                             build/stm32f3xx_hal_i2c.o
HAL_I2C_GetError                                  build/stm32f3xx_hal_i2c.o
HAL_I2C_GetMode                                   build/stm32f3xx_hal_i2c.o
HAL_I2C_GetState                                  build/stm32f3xx_hal_i2c.o
HAL_I2C_Init                                      build/stm32f3xx_hal_i2c.o
HAL_I2C_IsDeviceReady                             build/stm32f3xx_hal_i2c.o
HAL_I2C_ListenCpltCallback                        build/stm32f3xx_hal_i2c.o
HAL_I2C_MasterRxCpltCallback                      build/stm32f3xx_hal_i2c.o
HAL_I2C_MasterTxCpltCallback                      build/stm32f3xx_hal_i2c.o
HAL_I2C_Master_Abort_IT                           build/stm32f3xx_hal_i2c.o
HAL_I2C_Master_Receive                            build/stm32f3xx_hal_i2c.o
HAL_I2C_Master_Receive_DMA                        build/stm32f3xx_hal_i2c.o
HAL_I2C_Master_Receive_IT                         build/stm32f3xx_hal_i2c.o
HAL_I2C_Master_Sequential_Receive_IT              build/stm32f3xx_hal_i2c.o
HAL_I2C_Master_Sequential_Transmit_IT             build/stm32f3xx_hal_i2c.o
HAL_I2C_Master_Transmit                           build/stm32f3xx_hal_i2c.o
HAL_I2C_Master_Transmit_DMA                       build/stm32f3xx_hal_i2c.o
HAL_I2C_Master_Transmit_IT                        build/stm32f3xx_hal_i2c.o
HAL_I2C_MemRxCpltCallback                         build/stm32f3xx_hal_i2c.o
HAL_I2C_MemTxCpltCallback                         build/stm32f3xx_hal_i2c.o
HAL_I2C_Mem_Read                                  build/stm32f3xx_hal_i2c.o
HAL_I2C_Mem_Read_DMA                              build/stm32f3xx_hal_i2c.o
HAL_I2C_Mem_Read_IT                               build/stm32f3xx_hal_i2c.o
HAL_I2C_Mem_Write                                 build/stm32f3xx_hal_i2c.o
HAL_I2C_Mem_Write_DMA                             build/stm32f3xx_hal_i2c.o
HAL_I2C_Mem_Write_IT                              build/stm32f3xx_hal_i2c.o
HAL_I2C_MspDeInit                                 build/stm32f3xx_hal_i2c.o
HAL_I2C_MspInit                                   build/stm32f3xx_hal_i2c.o
HAL_I2C_SlaveRxCpltCallback                       build/stm32f3xx_hal_i2c.o
HAL_I2C_SlaveTxCpltCallback                       build/stm32f3xx_hal_i2c.o
HAL_I2C_Slave_Receive                             build/stm32f3xx_hal_i2c.o
HAL_I2C_Slave_Receive_DMA                         build/stm32f3xx_hal_i2c.o
HAL_I2C_Slave_Receive_IT                          build/stm32f3xx_hal_i2c.o
HAL_I2C_Slave_Sequential_Receive_IT               build/stm32f3xx_hal_i2c.o
HAL_I2C_Slave_Sequential_Transmit_IT              build/stm32f3xx_hal_i2c.o
HAL_I2C_Slave_Transmit                            build/stm32f3xx_hal_i2c.o
HAL_I2C_Slave_Transmit_DMA                        build/stm32f3xx_hal_i2c.o
HAL_I2C_Slave_Transmit_IT                         build/stm32f3xx_hal_i2c.o
HAL_IncTick                                       build/stm32f3xx_hal.o
                                                  build/stm32f3xx_it.o
HAL_Init                                          build/stm32f3xx_hal.o
                                                  build/main.o
HAL_InitTick                                      build/stm32f3xx_hal.o
                                                  build/stm32f3xx_hal_rcc.o
HAL_MPU_ConfigRegion                              build/stm32f3xx_hal_cortex.o
HAL_MPU_Disable                                   build/stm32f3xx_hal_cortex.o
HAL_MPU_Enable                                    build/stm32f3xx_hal_cortex.o
HAL_MspDeInit                                     build/stm32f3xx_hal.o
HAL_MspInit                                       build/stm32f3xx_hal_msp.o
HAL_NVIC_ClearPendingIRQ                          build/stm32f3xx_hal_cortex.o
HAL_NVIC_DisableIRQ                               build/stm32f3xx_hal_cortex.o
HAL_NVIC_EnableIRQ                                build/stm32f3xx_hal_cortex.o
                                                  build/main.o
HAL_NVIC_GetActive                                build/stm32f3xx_hal_cortex.o
HAL_NVIC_GetPendingIRQ                            build/stm32f3xx_hal_cortex.o
HAL_NVIC_GetPriority                              build/stm32f3xx_hal_cortex.o
HAL_NVIC_GetPriorityGrouping                      build/stm32f3xx_hal_cortex.o
HAL_NVIC_SetPendingIRQ                            build/stm32f3xx_hal_cortex.o
HAL_NVIC_SetPriority                              build/stm32f3xx_hal_cortex.o
                                                  build/stm32f3xx_hal.o
                                                  build/main.o
                                                  build/stm32f3xx_hal_msp.o
HAL_NVIC_SetPriorityGrouping                      build/stm32f3xx_hal_cortex.o
                                                  build/stm32f3xx_hal.o
                                                  build/stm32f3xx_hal_msp.o
HAL_NVIC_SystemReset                              build/stm32f3xx_hal_cortex.o
HAL_PWR_ConfigPVD                                 build/stm32f3xx_hal_pwr_ex.o
HAL_PWR_DeInit                                    build/stm32f3xx_hal_pwr.o
HAL_PWR_DisableBkUpAccess                         build/stm32f3xx_hal_pwr.o
HAL_PWR_DisablePVD                                build/stm32f3xx_hal_pwr_ex.o
HAL_PWR_DisableSEVOnPend                          build/stm32f3xx_hal_pwr.o
HAL_PWR_DisableSleepOnExit                        build/stm32f3xx_hal_pwr.o
HAL_PWR_DisableWakeUpPin                          build/stm32f3xx_hal_pwr.o
HAL_PWR_EnableBkUpAccess                          build/stm32f3xx_hal_pwr.o
HAL_PWR_EnablePVD                                 build/stm32f3xx_hal_pwr_ex.o
HAL_PWR_EnableSEVOnPend                           build/stm32f3xx_hal_pwr.o
HAL_PWR_EnableSleepOnExit                         build/stm32f3xx_hal_pwr.o
HAL_PWR_EnableWakeUpPin                           build/stm32f3xx_hal_pwr.o
HAL_PWR_EnterSLEEPMode                            build/stm32f3xx_hal_pwr.o
HAL_PWR_EnterSTANDBYMode                          build/stm32f3xx_hal_pwr.o
HAL_PWR_EnterSTOPMode                             build/stm32f3xx_hal_pwr.o
HAL_PWR_PVDCallback                               build/stm32f3xx_hal_pwr_ex.o
HAL_PWR_PVD_IRQHandler                            build/stm32f3xx_hal_pwr_ex.o
HAL_RCCEx_GetPeriphCLKConfig                      build/stm32f3xx_hal_rcc_ex.o
HAL_RCCEx_GetPeriphCLKFreq                        build/stm32f3xx_hal_rcc_ex.o
HAL_RCCEx_PeriphCLKConfig                         build/stm32f3xx_hal_rcc_ex.o
HAL_RCC_CSSCallback                               build/stm32f3xx_hal_rcc.o
HAL_RCC_ClockConfig                               build/stm32f3xx_hal_rcc.o
                                                  build/main.o
HAL_RCC_DeInit                                    build/stm32f3xx_hal_rcc.o
HAL_RCC_DisableCSS                                build/stm32f3xx_hal_rcc.o
HAL_RCC_EnableCSS                                 build/stm32f3xx_hal_rcc.o
HAL_RCC_GetClockConfig                            build/stm32f3xx_hal_rcc.o
HAL_RCC_GetHCLKFreq                               build/stm32f3xx_hal_rcc.o
                                                  build/main.o
HAL_RCC_GetOscConfig                              build/stm32f3xx_hal_rcc.o
HAL_RCC_GetPCLK1Freq                              build/stm32f3xx_hal_rcc.o
                                                  build/stm32f3xx_hal_rcc_ex.o
HAL_RCC_GetPCLK2Freq                              build/stm32f3xx_hal_rcc.o
                                                  build/stm32f3xx_hal_rcc_ex.o
HAL_RCC_GetSysClockFreq                           build/stm32f3xx_hal_rcc.o
                                                  build/stm32f3xx_hal_rcc_ex.o
HAL_RCC_MCOConfig                                 build/stm32f3xx_hal_rcc.o
HAL_RCC_NMI_IRQHandler                            build/stm32f3xx_hal_rcc.o
HAL_RCC_OscConfig                                 build/stm32f3xx_hal_rcc.o
                                                  build/main.o
HAL_ResumeTick                                    build/stm32f3xx_hal.o
HAL_SYSTICK_CLKSourceConfig                       build/stm32f3xx_hal_cortex.o
                                                  build/main.o
HAL_SYSTICK_Callback                              build/stm32f3xx_hal_cortex.o
HAL_SYSTICK_Config                                build/stm32f3xx_hal_cortex.o
                                                  build/stm32f3xx_hal.o
                                                  build/main.o
HAL_SYSTICK_IRQHandler                            build/stm32f3xx_hal_cortex.o
                                                  build/stm32f3xx_it.o
HAL_SuspendTick                                   build/stm32f3xx_hal.o
HardFault_Handler                                 build/stm32f3xx_it.o
I2C1_ER_IRQHandler                                build/startup_stm32f303xc.o
I2C1_EV_IRQHandler                                build/startup_stm32f303xc.o
I2C2_ER_IRQHandler                                build/startup_stm32f303xc.o
I2C2_EV_IRQHandler                                build/startup_stm32f303xc.o
MemManage_Handler                                 build/stm32f3xx_it.o
NMI_Handler                                       build/stm32f3xx_it.o
PVD_IRQHandler                                    build/startup_stm32f303xc.o
PendSV_Handler                                    build/stm32f3xx_it.o
RCC_IRQHandler                                    build/startup_stm32f303xc.o
RTC_Alarm_IRQHandler                              build/startup_stm32f303xc.o
RTC_WKUP_IRQHandler                               build/startup_stm32f303xc.o
Reset_Handler                                     build/startup_stm32f303xc.o
SPI1_IRQHandler                                   build/startup_stm32f303xc.o
SPI2_IRQHandler                                   build/startup_stm32f303xc.o
SPI3_IRQHandler                                   build/startup_stm32f303xc.o
SVC_Handler                                       build/stm32f3xx_it.o
SysTick_Handler                                   build/stm32f3xx_it.o
SystemClock_Config                                build/main.o
SystemCoreClock                                   build/system_stm32f3xx.o
                                                  build/stm32f3xx_hal.o
                                                  build/stm32f3xx_hal_rcc_ex.o
                                                  build/stm32f3xx_hal_rcc.o
SystemCoreClockUpdate                             build/system_stm32f3xx.o
SystemInit                                        build/system_stm32f3xx.o
                                                  build/startup_stm32f303xc.o
TAMP_STAMP_IRQHandler                             build/startup_stm32f303xc.o
TIM1_BRK_TIM15_IRQHandler                         build/startup_stm32f303xc.o
TIM1_CC_IRQHandler                                build/startup_stm32f303xc.o
TIM1_TRG_COM_TIM17_IRQHandler                     build/startup_stm32f303xc.o
TIM1_UP_TIM16_IRQHandler                          build/startup_stm32f303xc.o
TIM2_IRQHandler                                   build/startup_stm32f303xc.o
TIM3_IRQHandler                                   build/startup_stm32f303xc.o
TIM4_IRQHandler                                   build/startup_stm32f303xc.o
TIM6_DAC_IRQHandler                               build/startup_stm32f303xc.o
TIM7_IRQHandler                                   build/startup_stm32f303xc.o
TIM8_BRK_IRQHandler                               build/startup_stm32f303xc.o
TIM8_CC_IRQHandler                                build/startup_stm32f303xc.o
TIM8_TRG_COM_IRQHandler                           build/startup_stm32f303xc.o
TIM8_UP_IRQHandler                                build/startup_stm32f303xc.o
UART4_IRQHandler                                  build/startup_stm32f303xc.o
UART5_IRQHandler                                  build/startup_stm32f303xc.o
USART1_IRQHandler                                 build/startup_stm32f303xc.o
USART2_IRQHandler                                 build/startup_stm32f303xc.o
USART3_IRQHandler                                 build/startup_stm32f303xc.o
USBWakeUp_IRQHandler                              build/startup_stm32f303xc.o
USBWakeUp_RMP_IRQHandler                          build/startup_stm32f303xc.o
USB_HP_CAN_TX_IRQHandler                          build/startup_stm32f303xc.o
USB_HP_IRQHandler                                 build/startup_stm32f303xc.o
USB_LP_CAN_RX0_IRQHandler                         build/startup_stm32f303xc.o
USB_LP_IRQHandler                                 build/startup_stm32f303xc.o
UsageFault_Handler                                build/stm32f3xx_it.o
WWDG_IRQHandler                                   build/startup_stm32f303xc.o
_Error_Handler                                    build/main.o
_ITM_deregisterTMCloneTable                       /home/saicharan/arm/lib/gcc/arm-none-eabi/6.3.0/crtbegin.o
_ITM_registerTMCloneTable                         /home/saicharan/arm/lib/gcc/arm-none-eabi/6.3.0/crtbegin.o
_Jv_RegisterClasses                               /home/saicharan/arm/lib/gcc/arm-none-eabi/6.3.0/crtbegin.o
__TMC_END__                                       /home/saicharan/arm/lib/gcc/arm-none-eabi/6.3.0/crtend.o
                                                  /home/saicharan/arm/lib/gcc/arm-none-eabi/6.3.0/crtbegin.o
__bss_end__                                       /home/saicharan/arm/lib/gcc/arm-none-eabi/6.3.0/../../../../arm-none-eabi/lib/crt0.o
__bss_start__                                     /home/saicharan/arm/lib/gcc/arm-none-eabi/6.3.0/../../../../arm-none-eabi/lib/crt0.o
__call_exitprocs                                  /home/saicharan/arm/lib/gcc/arm-none-eabi/6.3.0/../../../../arm-none-eabi/lib/libc_s.a(lib_a-exit.o)
__deregister_frame_info                           /home/saicharan/arm/lib/gcc/arm-none-eabi/6.3.0/crtbegin.o
__dso_handle                                      /home/saicharan/arm/lib/gcc/arm-none-eabi/6.3.0/crtbegin.o
__init_array_end                                  /home/saicharan/arm/lib/gcc/arm-none-eabi/6.3.0/../../../../arm-none-eabi/lib/libc_s.a(lib_a-init.o)
__init_array_start                                /home/saicharan/arm/lib/gcc/arm-none-eabi/6.3.0/../../../../arm-none-eabi/lib/libc_s.a(lib_a-init.o)
__libc_fini_array                                 /home/saicharan/arm/lib/gcc/arm-none-eabi/6.3.0/../../../../arm-none-eabi/lib/crt0.o
__libc_init_array                                 /home/saicharan/arm/lib/gcc/arm-none-eabi/6.3.0/../../../../arm-none-eabi/lib/libc_s.a(lib_a-init.o)
                                                  build/startup_stm32f303xc.o
                                                  /home/saicharan/arm/lib/gcc/arm-none-eabi/6.3.0/../../../../arm-none-eabi/lib/crt0.o
__preinit_array_end                               /home/saicharan/arm/lib/gcc/arm-none-eabi/6.3.0/../../../../arm-none-eabi/lib/libc_s.a(lib_a-init.o)
__preinit_array_start                             /home/saicharan/arm/lib/gcc/arm-none-eabi/6.3.0/../../../../arm-none-eabi/lib/libc_s.a(lib_a-init.o)
__register_frame_info                             /home/saicharan/arm/lib/gcc/arm-none-eabi/6.3.0/crtbegin.o
__sf_fake_stderr                                  /home/saicharan/arm/lib/gcc/arm-none-eabi/6.3.0/../../../../arm-none-eabi/lib/libc_s.a(lib_a-impure.o)
__sf_fake_stdin                                   /home/saicharan/arm/lib/gcc/arm-none-eabi/6.3.0/../../../../arm-none-eabi/lib/libc_s.a(lib_a-impure.o)
__sf_fake_stdout                                  /home/saicharan/arm/lib/gcc/arm-none-eabi/6.3.0/../../../../arm-none-eabi/lib/libc_s.a(lib_a-impure.o)
__stack                                           /home/saicharan/arm/lib/gcc/arm-none-eabi/6.3.0/../../../../arm-none-eabi/lib/crt0.o
_ebss                                             build/startup_stm32f303xc.o
_edata                                            build/startup_stm32f303xc.o
_estack                                           build/startup_stm32f303xc.o
_exit                                             /home/saicharan/arm/lib/gcc/arm-none-eabi/6.3.0/../../../../arm-none-eabi/lib/libnosys.a(_exit.o)
                                                  /home/saicharan/arm/lib/gcc/arm-none-eabi/6.3.0/../../../../arm-none-eabi/lib/libc_s.a(lib_a-exit.o)
_fini                                             /home/saicharan/arm/lib/gcc/arm-none-eabi/6.3.0/crti.o
_global_impure_ptr                                /home/saicharan/arm/lib/gcc/arm-none-eabi/6.3.0/../../../../arm-none-eabi/lib/libc_s.a(lib_a-impure.o)
                                                  /home/saicharan/arm/lib/gcc/arm-none-eabi/6.3.0/../../../../arm-none-eabi/lib/libc_s.a(lib_a-exit.o)
_impure_ptr                                       /home/saicharan/arm/lib/gcc/arm-none-eabi/6.3.0/../../../../arm-none-eabi/lib/libc_s.a(lib_a-impure.o)
_init                                             /home/saicharan/arm/lib/gcc/arm-none-eabi/6.3.0/crti.o
                                                  /home/saicharan/arm/lib/gcc/arm-none-eabi/6.3.0/../../../../arm-none-eabi/lib/libc_s.a(lib_a-init.o)
_mainCRTStartup                                   /home/saicharan/arm/lib/gcc/arm-none-eabi/6.3.0/../../../../arm-none-eabi/lib/crt0.o
_sbss                                             build/startup_stm32f303xc.o
_sdata                                            build/startup_stm32f303xc.o
_sidata                                           build/startup_stm32f303xc.o
_start                                            /home/saicharan/arm/lib/gcc/arm-none-eabi/6.3.0/../../../../arm-none-eabi/lib/crt0.o
aPLLMULFactorTable                                build/stm32f3xx_hal_rcc.o
aPredivFactorTable                                build/stm32f3xx_hal_rcc.o
assert_failed                                     build/main.o
                                                  build/stm32f3xx_hal_pwr_ex.o
                                                  build/stm32f3xx_hal_cortex.o
                                                  build/stm32f3xx_hal_i2c.o
                                                  build/stm32f3xx_hal_gpio.o
                                                  build/stm32f3xx_hal_rcc_ex.o
                                                  build/stm32f3xx_hal_rcc.o
                                                  build/stm32f3xx_hal_flash_ex.o
                                                  build/stm32f3xx_hal_pwr.o
                                                  build/stm32f3xx_hal_dma.o
                                                  build/stm32f3xx_hal_flash.o
                                                  build/stm32f3xx_hal_i2c_ex.o
atexit                                            /home/saicharan/arm/lib/gcc/arm-none-eabi/6.3.0/../../../../arm-none-eabi/lib/crt0.o
exit                                              /home/saicharan/arm/lib/gcc/arm-none-eabi/6.3.0/../../../../arm-none-eabi/lib/libc_s.a(lib_a-exit.o)
                                                  /home/saicharan/arm/lib/gcc/arm-none-eabi/6.3.0/../../../../arm-none-eabi/lib/crt0.o
g_pfnVectors                                      build/startup_stm32f303xc.o
hardware_init_hook                                /home/saicharan/arm/lib/gcc/arm-none-eabi/6.3.0/../../../../arm-none-eabi/lib/crt0.o
interrupt_detected                                build/main.o
                                                  build/stm32f3xx_it.o
main                                              build/main.o
                                                  build/startup_stm32f303xc.o
                                                  /home/saicharan/arm/lib/gcc/arm-none-eabi/6.3.0/../../../../arm-none-eabi/lib/crt0.o
memset                                            /home/saicharan/arm/lib/gcc/arm-none-eabi/6.3.0/../../../../arm-none-eabi/lib/libc_s.a(lib_a-memset.o)
                                                  /home/saicharan/arm/lib/gcc/arm-none-eabi/6.3.0/../../../../arm-none-eabi/lib/crt0.o
pFlash                                            build/stm32f3xx_hal_flash.o
                                                  build/stm32f3xx_hal_flash_ex.o
software_init_hook                                /home/saicharan/arm/lib/gcc/arm-none-eabi/6.3.0/../../../../arm-none-eabi/lib/crt0.o
uwTick                                            build/stm32f3xx_hal.o
