Archive member included to satisfy reference by file (symbol)

/home/saicharan/arm/lib/gcc/arm-none-eabi/6.3.0/../../../../arm-none-eabi/lib/libc_s.a(lib_a-exit.o)
                              /home/saicharan/arm/lib/gcc/arm-none-eabi/6.3.0/../../../../arm-none-eabi/lib/crt0.o (exit)
/home/saicharan/arm/lib/gcc/arm-none-eabi/6.3.0/../../../../arm-none-eabi/lib/libc_s.a(lib_a-impure.o)
                              /home/saicharan/arm/lib/gcc/arm-none-eabi/6.3.0/../../../../arm-none-eabi/lib/libc_s.a(lib_a-exit.o) (_global_impure_ptr)
/home/saicharan/arm/lib/gcc/arm-none-eabi/6.3.0/../../../../arm-none-eabi/lib/libc_s.a(lib_a-init.o)
                              /home/saicharan/arm/lib/gcc/arm-none-eabi/6.3.0/../../../../arm-none-eabi/lib/crt0.o (__libc_init_array)
/home/saicharan/arm/lib/gcc/arm-none-eabi/6.3.0/../../../../arm-none-eabi/lib/libc_s.a(lib_a-memset.o)
                              /home/saicharan/arm/lib/gcc/arm-none-eabi/6.3.0/../../../../arm-none-eabi/lib/crt0.o (memset)
/home/saicharan/arm/lib/gcc/arm-none-eabi/6.3.0/../../../../arm-none-eabi/lib/libnosys.a(_exit.o)
                              /home/saicharan/arm/lib/gcc/arm-none-eabi/6.3.0/../../../../arm-none-eabi/lib/libc_s.a(lib_a-exit.o) (_exit)

Allocating common symbols
Common symbol       size              file

uwTick              0x4               build/stm32f3xx_hal.o
pFlash              0x20              build/stm32f3xx_hal_flash.o

Discarded input sections

 .text          0x0000000000000000        0x0 /home/saicharan/arm/lib/gcc/arm-none-eabi/6.3.0/crti.o
 .data          0x0000000000000000        0x0 /home/saicharan/arm/lib/gcc/arm-none-eabi/6.3.0/crti.o
 .bss           0x0000000000000000        0x0 /home/saicharan/arm/lib/gcc/arm-none-eabi/6.3.0/crti.o
 .data          0x0000000000000000        0x4 /home/saicharan/arm/lib/gcc/arm-none-eabi/6.3.0/crtbegin.o
 .text          0x0000000000000000       0x74 /home/saicharan/arm/lib/gcc/arm-none-eabi/6.3.0/../../../../arm-none-eabi/lib/crt0.o
 .data          0x0000000000000000        0x0 /home/saicharan/arm/lib/gcc/arm-none-eabi/6.3.0/../../../../arm-none-eabi/lib/crt0.o
 .bss           0x0000000000000000        0x0 /home/saicharan/arm/lib/gcc/arm-none-eabi/6.3.0/../../../../arm-none-eabi/lib/crt0.o
 .ARM.extab     0x0000000000000000        0x0 /home/saicharan/arm/lib/gcc/arm-none-eabi/6.3.0/../../../../arm-none-eabi/lib/crt0.o
 .ARM.exidx     0x0000000000000000        0x8 /home/saicharan/arm/lib/gcc/arm-none-eabi/6.3.0/../../../../arm-none-eabi/lib/crt0.o
 .debug_line    0x0000000000000000       0x97 /home/saicharan/arm/lib/gcc/arm-none-eabi/6.3.0/../../../../arm-none-eabi/lib/crt0.o
 .debug_info    0x0000000000000000       0xab /home/saicharan/arm/lib/gcc/arm-none-eabi/6.3.0/../../../../arm-none-eabi/lib/crt0.o
 .debug_abbrev  0x0000000000000000       0x14 /home/saicharan/arm/lib/gcc/arm-none-eabi/6.3.0/../../../../arm-none-eabi/lib/crt0.o
 .debug_aranges
                0x0000000000000000       0x20 /home/saicharan/arm/lib/gcc/arm-none-eabi/6.3.0/../../../../arm-none-eabi/lib/crt0.o
 .ARM.attributes
                0x0000000000000000       0x25 /home/saicharan/arm/lib/gcc/arm-none-eabi/6.3.0/../../../../arm-none-eabi/lib/crt0.o
 .text          0x0000000000000000        0x0 build/stm32f3xx_hal_msp.o
 .data          0x0000000000000000        0x0 build/stm32f3xx_hal_msp.o
 .bss           0x0000000000000000        0x0 build/stm32f3xx_hal_msp.o
 .text          0x0000000000000000        0x0 build/stm32f3xx_it.o
 .data          0x0000000000000000        0x0 build/stm32f3xx_it.o
 .bss           0x0000000000000000        0x0 build/stm32f3xx_it.o
 .text          0x0000000000000000        0x0 build/stm32f3xx_hal_dma.o
 .data          0x0000000000000000        0x0 build/stm32f3xx_hal_dma.o
 .bss           0x0000000000000000        0x0 build/stm32f3xx_hal_dma.o
 .text.DMA_SetConfig
                0x0000000000000000       0x2c build/stm32f3xx_hal_dma.o
 .text.DMA_CalcBaseAndBitshift
                0x0000000000000000       0x4c build/stm32f3xx_hal_dma.o
 .text.HAL_DMA_Init
                0x0000000000000000       0x58 build/stm32f3xx_hal_dma.o
 .text.HAL_DMA_DeInit
                0x0000000000000000       0x42 build/stm32f3xx_hal_dma.o
 .text.HAL_DMA_Start
                0x0000000000000000       0x50 build/stm32f3xx_hal_dma.o
 .text.HAL_DMA_Start_IT
                0x0000000000000000       0x74 build/stm32f3xx_hal_dma.o
 .text.HAL_DMA_Abort
                0x0000000000000000       0x2e build/stm32f3xx_hal_dma.o
 .text.HAL_DMA_Abort_IT
                0x0000000000000000       0x4a build/stm32f3xx_hal_dma.o
 .text.HAL_DMA_PollForTransfer
                0x0000000000000000       0xca build/stm32f3xx_hal_dma.o
 .text.HAL_DMA_IRQHandler
                0x0000000000000000       0xb2 build/stm32f3xx_hal_dma.o
 .text.HAL_DMA_RegisterCallback
                0x0000000000000000       0x4e build/stm32f3xx_hal_dma.o
 .text.HAL_DMA_UnRegisterCallback
                0x0000000000000000       0x5c build/stm32f3xx_hal_dma.o
 .text.HAL_DMA_GetState
                0x0000000000000000        0x6 build/stm32f3xx_hal_dma.o
 .text.HAL_DMA_GetError
                0x0000000000000000        0x4 build/stm32f3xx_hal_dma.o
 .debug_info    0x0000000000000000     0x1191 build/stm32f3xx_hal_dma.o
 .debug_abbrev  0x0000000000000000      0x2e1 build/stm32f3xx_hal_dma.o
 .debug_loc     0x0000000000000000      0x838 build/stm32f3xx_hal_dma.o
 .debug_aranges
                0x0000000000000000       0x88 build/stm32f3xx_hal_dma.o
 .debug_ranges  0x0000000000000000       0x78 build/stm32f3xx_hal_dma.o
 .debug_line    0x0000000000000000      0x494 build/stm32f3xx_hal_dma.o
 .debug_str     0x0000000000000000      0xa6b build/stm32f3xx_hal_dma.o
 .comment       0x0000000000000000       0x12 build/stm32f3xx_hal_dma.o
 .debug_frame   0x0000000000000000      0x190 build/stm32f3xx_hal_dma.o
 .ARM.attributes
                0x0000000000000000       0x39 build/stm32f3xx_hal_dma.o
 .text          0x0000000000000000        0x0 build/system_stm32f3xx.o
 .data          0x0000000000000000        0x0 build/system_stm32f3xx.o
 .bss           0x0000000000000000        0x0 build/system_stm32f3xx.o
 .text.SystemCoreClockUpdate
                0x0000000000000000       0x8c build/system_stm32f3xx.o
 .rodata.APBPrescTable
                0x0000000000000000        0x8 build/system_stm32f3xx.o
 .text          0x0000000000000000        0x0 build/stm32f3xx_hal_pwr.o
 .data          0x0000000000000000        0x0 build/stm32f3xx_hal_pwr.o
 .bss           0x0000000000000000        0x0 build/stm32f3xx_hal_pwr.o
 .text.HAL_PWR_DeInit
                0x0000000000000000       0x18 build/stm32f3xx_hal_pwr.o
 .text.HAL_PWR_EnableBkUpAccess
                0x0000000000000000       0x10 build/stm32f3xx_hal_pwr.o
 .text.HAL_PWR_DisableBkUpAccess
                0x0000000000000000       0x10 build/stm32f3xx_hal_pwr.o
 .text.HAL_PWR_EnableWakeUpPin
                0x0000000000000000       0x10 build/stm32f3xx_hal_pwr.o
 .text.HAL_PWR_DisableWakeUpPin
                0x0000000000000000       0x10 build/stm32f3xx_hal_pwr.o
 .text.HAL_PWR_EnterSLEEPMode
                0x0000000000000000       0x20 build/stm32f3xx_hal_pwr.o
 .text.HAL_PWR_EnterSTOPMode
                0x0000000000000000       0x38 build/stm32f3xx_hal_pwr.o
 .text.HAL_PWR_EnterSTANDBYMode
                0x0000000000000000       0x20 build/stm32f3xx_hal_pwr.o
 .text.HAL_PWR_EnableSleepOnExit
                0x0000000000000000       0x10 build/stm32f3xx_hal_pwr.o
 .text.HAL_PWR_DisableSleepOnExit
                0x0000000000000000       0x10 build/stm32f3xx_hal_pwr.o
 .text.HAL_PWR_EnableSEVOnPend
                0x0000000000000000       0x10 build/stm32f3xx_hal_pwr.o
 .text.HAL_PWR_DisableSEVOnPend
                0x0000000000000000       0x10 build/stm32f3xx_hal_pwr.o
 .debug_info    0x0000000000000000      0xf28 build/stm32f3xx_hal_pwr.o
 .debug_abbrev  0x0000000000000000      0x215 build/stm32f3xx_hal_pwr.o
 .debug_loc     0x0000000000000000       0x8d build/stm32f3xx_hal_pwr.o
 .debug_aranges
                0x0000000000000000       0x78 build/stm32f3xx_hal_pwr.o
 .debug_ranges  0x0000000000000000       0x68 build/stm32f3xx_hal_pwr.o
 .debug_line    0x0000000000000000      0x2dd build/stm32f3xx_hal_pwr.o
 .debug_str     0x0000000000000000      0x82c build/stm32f3xx_hal_pwr.o
 .comment       0x0000000000000000       0x12 build/stm32f3xx_hal_pwr.o
 .debug_frame   0x0000000000000000       0xd0 build/stm32f3xx_hal_pwr.o
 .ARM.attributes
                0x0000000000000000       0x39 build/stm32f3xx_hal_pwr.o
 .text          0x0000000000000000        0x0 build/stm32f3xx_hal_flash_ex.o
 .data          0x0000000000000000        0x0 build/stm32f3xx_hal_flash_ex.o
 .bss           0x0000000000000000        0x0 build/stm32f3xx_hal_flash_ex.o
 .text.FLASH_MassErase
                0x0000000000000000       0x24 build/stm32f3xx_hal_flash_ex.o
 .text.FLASH_OB_GetWRP
                0x0000000000000000        0xc build/stm32f3xx_hal_flash_ex.o
 .text.FLASH_OB_GetRDP
                0x0000000000000000       0x20 build/stm32f3xx_hal_flash_ex.o
 .text.FLASH_OB_RDP_LevelConfig
                0x0000000000000000       0x70 build/stm32f3xx_hal_flash_ex.o
 .text.FLASH_OB_UserConfig
                0x0000000000000000       0x4c build/stm32f3xx_hal_flash_ex.o
 .text.FLASH_OB_ProgramData
                0x0000000000000000       0x48 build/stm32f3xx_hal_flash_ex.o
 .text.FLASH_OB_GetUser
                0x0000000000000000       0x20 build/stm32f3xx_hal_flash_ex.o
 .text.HAL_FLASHEx_OBErase
                0x0000000000000000       0x58 build/stm32f3xx_hal_flash_ex.o
 .text.FLASH_OB_EnableWRP
                0x0000000000000000       0xb8 build/stm32f3xx_hal_flash_ex.o
 .text.FLASH_OB_DisableWRP
                0x0000000000000000       0xc0 build/stm32f3xx_hal_flash_ex.o
 .text.HAL_FLASHEx_OBProgram
                0x0000000000000000       0xa8 build/stm32f3xx_hal_flash_ex.o
 .text.HAL_FLASHEx_OBGetConfig
                0x0000000000000000       0x1c build/stm32f3xx_hal_flash_ex.o
 .text.HAL_FLASHEx_OBGetUserData
                0x0000000000000000       0x40 build/stm32f3xx_hal_flash_ex.o
 .text.FLASH_PageErase
                0x0000000000000000       0x24 build/stm32f3xx_hal_flash_ex.o
 .text.HAL_FLASHEx_Erase
                0x0000000000000000       0xa4 build/stm32f3xx_hal_flash_ex.o
 .text.HAL_FLASHEx_Erase_IT
                0x0000000000000000       0x5c build/stm32f3xx_hal_flash_ex.o
 .debug_info    0x0000000000000000     0x146e build/stm32f3xx_hal_flash_ex.o
 .debug_abbrev  0x0000000000000000      0x383 build/stm32f3xx_hal_flash_ex.o
 .debug_loc     0x0000000000000000      0x987 build/stm32f3xx_hal_flash_ex.o
 .debug_aranges
                0x0000000000000000       0x98 build/stm32f3xx_hal_flash_ex.o
 .debug_ranges  0x0000000000000000       0x88 build/stm32f3xx_hal_flash_ex.o
 .debug_line    0x0000000000000000      0x4ea build/stm32f3xx_hal_flash_ex.o
 .debug_str     0x0000000000000000      0xa8e build/stm32f3xx_hal_flash_ex.o
 .comment       0x0000000000000000       0x12 build/stm32f3xx_hal_flash_ex.o
 .debug_frame   0x0000000000000000      0x1c8 build/stm32f3xx_hal_flash_ex.o
 .ARM.attributes
                0x0000000000000000       0x39 build/stm32f3xx_hal_flash_ex.o
 .text          0x0000000000000000        0x0 build/stm32f3xx_hal_pwr_ex.o
 .data          0x0000000000000000        0x0 build/stm32f3xx_hal_pwr_ex.o
 .bss           0x0000000000000000        0x0 build/stm32f3xx_hal_pwr_ex.o
 .text.HAL_PWR_ConfigPVD
                0x0000000000000000       0x84 build/stm32f3xx_hal_pwr_ex.o
 .text.HAL_PWR_EnablePVD
                0x0000000000000000       0x10 build/stm32f3xx_hal_pwr_ex.o
 .text.HAL_PWR_DisablePVD
                0x0000000000000000       0x10 build/stm32f3xx_hal_pwr_ex.o
 .text.HAL_PWR_PVDCallback
                0x0000000000000000        0x2 build/stm32f3xx_hal_pwr_ex.o
 .text.HAL_PWR_PVD_IRQHandler
                0x0000000000000000       0x20 build/stm32f3xx_hal_pwr_ex.o
 .debug_info    0x0000000000000000      0xc0b build/stm32f3xx_hal_pwr_ex.o
 .debug_abbrev  0x0000000000000000      0x207 build/stm32f3xx_hal_pwr_ex.o
 .debug_loc     0x0000000000000000       0x20 build/stm32f3xx_hal_pwr_ex.o
 .debug_aranges
                0x0000000000000000       0x40 build/stm32f3xx_hal_pwr_ex.o
 .debug_ranges  0x0000000000000000       0x30 build/stm32f3xx_hal_pwr_ex.o
 .debug_line    0x0000000000000000      0x289 build/stm32f3xx_hal_pwr_ex.o
 .debug_str     0x0000000000000000      0x6fa build/stm32f3xx_hal_pwr_ex.o
 .comment       0x0000000000000000       0x12 build/stm32f3xx_hal_pwr_ex.o
 .debug_frame   0x0000000000000000       0x6c build/stm32f3xx_hal_pwr_ex.o
 .ARM.attributes
                0x0000000000000000       0x39 build/stm32f3xx_hal_pwr_ex.o
 .text          0x0000000000000000        0x0 build/stm32f3xx_hal_cortex.o
 .data          0x0000000000000000        0x0 build/stm32f3xx_hal_cortex.o
 .bss           0x0000000000000000        0x0 build/stm32f3xx_hal_cortex.o
 .text.HAL_NVIC_EnableIRQ
                0x0000000000000000       0x18 build/stm32f3xx_hal_cortex.o
 .text.HAL_NVIC_DisableIRQ
                0x0000000000000000       0x1c build/stm32f3xx_hal_cortex.o
 .text.HAL_NVIC_SystemReset
                0x0000000000000000       0x24 build/stm32f3xx_hal_cortex.o
 .text.HAL_MPU_Disable
                0x0000000000000000       0x1c build/stm32f3xx_hal_cortex.o
 .text.HAL_MPU_Enable
                0x0000000000000000       0x1c build/stm32f3xx_hal_cortex.o
 .text.HAL_MPU_ConfigRegion
                0x0000000000000000       0x54 build/stm32f3xx_hal_cortex.o
 .text.HAL_NVIC_GetPriorityGrouping
                0x0000000000000000       0x10 build/stm32f3xx_hal_cortex.o
 .text.HAL_NVIC_GetPriority
                0x0000000000000000       0x5c build/stm32f3xx_hal_cortex.o
 .text.HAL_NVIC_SetPendingIRQ
                0x0000000000000000       0x1c build/stm32f3xx_hal_cortex.o
 .text.HAL_NVIC_GetPendingIRQ
                0x0000000000000000       0x1c build/stm32f3xx_hal_cortex.o
 .text.HAL_NVIC_ClearPendingIRQ
                0x0000000000000000       0x1c build/stm32f3xx_hal_cortex.o
 .text.HAL_NVIC_GetActive
                0x0000000000000000       0x1c build/stm32f3xx_hal_cortex.o
 .text          0x0000000000000000        0x0 build/main.o
 .data          0x0000000000000000        0x0 build/main.o
 .bss           0x0000000000000000        0x0 build/main.o
 .text          0x0000000000000000        0x0 build/stm32f3xx_hal.o
 .data          0x0000000000000000        0x0 build/stm32f3xx_hal.o
 .bss           0x0000000000000000        0x0 build/stm32f3xx_hal.o
 .text.HAL_MspInit
                0x0000000000000000        0x2 build/stm32f3xx_hal.o
 .text.HAL_MspDeInit
                0x0000000000000000        0x2 build/stm32f3xx_hal.o
 .text.HAL_DeInit
                0x0000000000000000       0x24 build/stm32f3xx_hal.o
 .text.HAL_SuspendTick
                0x0000000000000000       0x10 build/stm32f3xx_hal.o
 .text.HAL_ResumeTick
                0x0000000000000000       0x10 build/stm32f3xx_hal.o
 .text.HAL_GetHalVersion
                0x0000000000000000        0x8 build/stm32f3xx_hal.o
 .text.HAL_GetREVID
                0x0000000000000000        0xc build/stm32f3xx_hal.o
 .text.HAL_GetDEVID
                0x0000000000000000       0x10 build/stm32f3xx_hal.o
 .text.HAL_GetUIDw0
                0x0000000000000000        0xc build/stm32f3xx_hal.o
 .text.HAL_GetUIDw1
                0x0000000000000000        0xc build/stm32f3xx_hal.o
 .text.HAL_GetUIDw2
                0x0000000000000000        0xc build/stm32f3xx_hal.o
 .text.HAL_DBGMCU_EnableDBGSleepMode
                0x0000000000000000       0x10 build/stm32f3xx_hal.o
 .text.HAL_DBGMCU_DisableDBGSleepMode
                0x0000000000000000       0x10 build/stm32f3xx_hal.o
 .text.HAL_DBGMCU_EnableDBGStopMode
                0x0000000000000000       0x10 build/stm32f3xx_hal.o
 .text.HAL_DBGMCU_DisableDBGStopMode
                0x0000000000000000       0x10 build/stm32f3xx_hal.o
 .text.HAL_DBGMCU_EnableDBGStandbyMode
                0x0000000000000000       0x10 build/stm32f3xx_hal.o
 .text.HAL_DBGMCU_DisableDBGStandbyMode
                0x0000000000000000       0x10 build/stm32f3xx_hal.o
 .text          0x0000000000000000        0x0 build/stm32f3xx_hal_i2c_ex.o
 .data          0x0000000000000000        0x0 build/stm32f3xx_hal_i2c_ex.o
 .bss           0x0000000000000000        0x0 build/stm32f3xx_hal_i2c_ex.o
 .text.HAL_I2CEx_ConfigAnalogFilter
                0x0000000000000000       0x5c build/stm32f3xx_hal_i2c_ex.o
 .text.HAL_I2CEx_ConfigDigitalFilter
                0x0000000000000000       0x58 build/stm32f3xx_hal_i2c_ex.o
 .text.HAL_I2CEx_EnableWakeUp
                0x0000000000000000       0x54 build/stm32f3xx_hal_i2c_ex.o
 .text.HAL_I2CEx_DisableWakeUp
                0x0000000000000000       0x54 build/stm32f3xx_hal_i2c_ex.o
 .text.HAL_I2CEx_EnableFastModePlus
                0x0000000000000000       0x2c build/stm32f3xx_hal_i2c_ex.o
 .text.HAL_I2CEx_DisableFastModePlus
                0x0000000000000000       0x2c build/stm32f3xx_hal_i2c_ex.o
 .debug_info    0x0000000000000000     0x1238 build/stm32f3xx_hal_i2c_ex.o
 .debug_abbrev  0x0000000000000000      0x22d build/stm32f3xx_hal_i2c_ex.o
 .debug_loc     0x0000000000000000      0x274 build/stm32f3xx_hal_i2c_ex.o
 .debug_aranges
                0x0000000000000000       0x48 build/stm32f3xx_hal_i2c_ex.o
 .debug_ranges  0x0000000000000000       0x38 build/stm32f3xx_hal_i2c_ex.o
 .debug_line    0x0000000000000000      0x398 build/stm32f3xx_hal_i2c_ex.o
 .debug_str     0x0000000000000000      0xc1c build/stm32f3xx_hal_i2c_ex.o
 .comment       0x0000000000000000       0x12 build/stm32f3xx_hal_i2c_ex.o
 .debug_frame   0x0000000000000000       0x80 build/stm32f3xx_hal_i2c_ex.o
 .ARM.attributes
                0x0000000000000000       0x39 build/stm32f3xx_hal_i2c_ex.o
 .text          0x0000000000000000        0x0 build/stm32f3xx_hal_tim_ex.o
 .data          0x0000000000000000        0x0 build/stm32f3xx_hal_tim_ex.o
 .bss           0x0000000000000000        0x0 build/stm32f3xx_hal_tim_ex.o
 .debug_info    0x0000000000000000      0xa07 build/stm32f3xx_hal_tim_ex.o
 .debug_abbrev  0x0000000000000000      0x16b build/stm32f3xx_hal_tim_ex.o
 .debug_aranges
                0x0000000000000000       0x18 build/stm32f3xx_hal_tim_ex.o
 .debug_line    0x0000000000000000      0x190 build/stm32f3xx_hal_tim_ex.o
 .debug_str     0x0000000000000000      0x610 build/stm32f3xx_hal_tim_ex.o
 .comment       0x0000000000000000       0x12 build/stm32f3xx_hal_tim_ex.o
 .ARM.attributes
                0x0000000000000000       0x39 build/stm32f3xx_hal_tim_ex.o
 .text          0x0000000000000000        0x0 build/stm32f3xx_hal_rcc.o
 .data          0x0000000000000000        0x0 build/stm32f3xx_hal_rcc.o
 .bss           0x0000000000000000        0x0 build/stm32f3xx_hal_rcc.o
 .text.HAL_RCC_DeInit
                0x0000000000000000       0x48 build/stm32f3xx_hal_rcc.o
 .text.HAL_RCC_MCOConfig
                0x0000000000000000       0x4c build/stm32f3xx_hal_rcc.o
 .text.HAL_RCC_EnableCSS
                0x0000000000000000       0x1c build/stm32f3xx_hal_rcc.o
 .text.HAL_RCC_DisableCSS
                0x0000000000000000       0x1c build/stm32f3xx_hal_rcc.o
 .text.HAL_RCC_GetPCLK1Freq
                0x0000000000000000       0x2c build/stm32f3xx_hal_rcc.o
 .text.HAL_RCC_GetPCLK2Freq
                0x0000000000000000       0x2c build/stm32f3xx_hal_rcc.o
 .text.HAL_RCC_GetOscConfig
                0x0000000000000000       0xc0 build/stm32f3xx_hal_rcc.o
 .text.HAL_RCC_GetClockConfig
                0x0000000000000000       0x3c build/stm32f3xx_hal_rcc.o
 .text.HAL_RCC_CSSCallback
                0x0000000000000000        0x2 build/stm32f3xx_hal_rcc.o
 .text.HAL_RCC_NMI_IRQHandler
                0x0000000000000000       0x24 build/stm32f3xx_hal_rcc.o
 .text          0x0000000000000000        0x0 build/stm32f3xx_hal_rcc_ex.o
 .data          0x0000000000000000        0x0 build/stm32f3xx_hal_rcc_ex.o
 .bss           0x0000000000000000        0x0 build/stm32f3xx_hal_rcc_ex.o
 .text.RCC_GetPLLCLKFreq
                0x0000000000000000       0x3c build/stm32f3xx_hal_rcc_ex.o
 .text.HAL_RCCEx_PeriphCLKConfig
                0x0000000000000000      0x268 build/stm32f3xx_hal_rcc_ex.o
 .text.HAL_RCCEx_GetPeriphCLKConfig
                0x0000000000000000       0xc0 build/stm32f3xx_hal_rcc_ex.o
 .text.HAL_RCCEx_GetPeriphCLKFreq
                0x0000000000000000      0x3f0 build/stm32f3xx_hal_rcc_ex.o
 .rodata        0x0000000000000000       0x20 build/stm32f3xx_hal_rcc_ex.o
 .debug_info    0x0000000000000000     0x10aa build/stm32f3xx_hal_rcc_ex.o
 .debug_abbrev  0x0000000000000000      0x30d build/stm32f3xx_hal_rcc_ex.o
 .debug_loc     0x0000000000000000      0x899 build/stm32f3xx_hal_rcc_ex.o
 .debug_aranges
                0x0000000000000000       0x38 build/stm32f3xx_hal_rcc_ex.o
 .debug_ranges  0x0000000000000000       0x40 build/stm32f3xx_hal_rcc_ex.o
 .debug_line    0x0000000000000000      0x506 build/stm32f3xx_hal_rcc_ex.o
 .debug_str     0x0000000000000000      0x965 build/stm32f3xx_hal_rcc_ex.o
 .comment       0x0000000000000000       0x12 build/stm32f3xx_hal_rcc_ex.o
 .debug_frame   0x0000000000000000       0x8c build/stm32f3xx_hal_rcc_ex.o
 .ARM.attributes
                0x0000000000000000       0x39 build/stm32f3xx_hal_rcc_ex.o
 .text          0x0000000000000000        0x0 build/stm32f3xx_hal_flash.o
 .data          0x0000000000000000        0x0 build/stm32f3xx_hal_flash.o
 .bss           0x0000000000000000        0x0 build/stm32f3xx_hal_flash.o
 .text.FLASH_Program_HalfWord
                0x0000000000000000       0x1c build/stm32f3xx_hal_flash.o
 .text.FLASH_SetErrorCode
                0x0000000000000000       0x40 build/stm32f3xx_hal_flash.o
 .text.HAL_FLASH_Program_IT
                0x0000000000000000       0x64 build/stm32f3xx_hal_flash.o
 .text.HAL_FLASH_EndOfOperationCallback
                0x0000000000000000        0x2 build/stm32f3xx_hal_flash.o
 .text.HAL_FLASH_OperationErrorCallback
                0x0000000000000000        0x2 build/stm32f3xx_hal_flash.o
 .text.HAL_FLASH_IRQHandler
                0x0000000000000000      0x154 build/stm32f3xx_hal_flash.o
 .text.HAL_FLASH_Unlock
                0x0000000000000000       0x28 build/stm32f3xx_hal_flash.o
 .text.HAL_FLASH_Lock
                0x0000000000000000       0x14 build/stm32f3xx_hal_flash.o
 .text.HAL_FLASH_OB_Unlock
                0x0000000000000000       0x28 build/stm32f3xx_hal_flash.o
 .text.HAL_FLASH_OB_Lock
                0x0000000000000000       0x14 build/stm32f3xx_hal_flash.o
 .text.HAL_FLASH_GetError
                0x0000000000000000        0xc build/stm32f3xx_hal_flash.o
 .text.FLASH_WaitForLastOperation
                0x0000000000000000       0x64 build/stm32f3xx_hal_flash.o
 .text.HAL_FLASH_Program
                0x0000000000000000       0x9c build/stm32f3xx_hal_flash.o
 .text.HAL_FLASH_OB_Launch
                0x0000000000000000       0x1c build/stm32f3xx_hal_flash.o
 .debug_info    0x0000000000000000      0xfd3 build/stm32f3xx_hal_flash.o
 .debug_abbrev  0x0000000000000000      0x2fd build/stm32f3xx_hal_flash.o
 .debug_loc     0x0000000000000000      0x3e0 build/stm32f3xx_hal_flash.o
 .debug_aranges
                0x0000000000000000       0x88 build/stm32f3xx_hal_flash.o
 .debug_ranges  0x0000000000000000       0x78 build/stm32f3xx_hal_flash.o
 .debug_line    0x0000000000000000      0x411 build/stm32f3xx_hal_flash.o
 .debug_str     0x0000000000000000      0x95e build/stm32f3xx_hal_flash.o
 .comment       0x0000000000000000       0x12 build/stm32f3xx_hal_flash.o
 .debug_frame   0x0000000000000000      0x150 build/stm32f3xx_hal_flash.o
 .ARM.attributes
                0x0000000000000000       0x39 build/stm32f3xx_hal_flash.o
 COMMON         0x0000000000000000       0x20 build/stm32f3xx_hal_flash.o
 .text          0x0000000000000000        0x0 build/stm32f3xx_hal_i2c.o
 .data          0x0000000000000000        0x0 build/stm32f3xx_hal_i2c.o
 .bss           0x0000000000000000        0x0 build/stm32f3xx_hal_i2c.o
 .text.I2C_Flush_TXDR
                0x0000000000000000       0x22 build/stm32f3xx_hal_i2c.o
 .text.I2C_DMASlaveTransmitCplt
                0x0000000000000000        0x2 build/stm32f3xx_hal_i2c.o
 .text.I2C_DMASlaveReceiveCplt
                0x0000000000000000        0x2 build/stm32f3xx_hal_i2c.o
 .text.I2C_TransferConfig
                0x0000000000000000       0x2e build/stm32f3xx_hal_i2c.o
 .text.I2C_Enable_IRQ
                0x0000000000000000       0x84 build/stm32f3xx_hal_i2c.o
 .text.I2C_Disable_IRQ
                0x0000000000000000       0x7e build/stm32f3xx_hal_i2c.o
 .text.I2C_IsAcknowledgeFailed
                0x0000000000000000       0x82 build/stm32f3xx_hal_i2c.o
 .text.I2C_WaitOnTXISFlagUntilTimeout
                0x0000000000000000       0x54 build/stm32f3xx_hal_i2c.o
 .text.I2C_WaitOnFlagUntilTimeout
                0x0000000000000000       0x48 build/stm32f3xx_hal_i2c.o
 .text.I2C_RequestMemoryWrite
                0x0000000000000000       0x84 build/stm32f3xx_hal_i2c.o
 .text.I2C_RequestMemoryRead
                0x0000000000000000       0x82 build/stm32f3xx_hal_i2c.o
 .text.I2C_WaitOnSTOPFlagUntilTimeout
                0x0000000000000000       0x4e build/stm32f3xx_hal_i2c.o
 .text.I2C_WaitOnRXNEFlagUntilTimeout
                0x0000000000000000       0x82 build/stm32f3xx_hal_i2c.o
 .text.I2C_DMAMasterTransmitCplt
                0x0000000000000000       0x4e build/stm32f3xx_hal_i2c.o
 .text.I2C_DMAMasterReceiveCplt
                0x0000000000000000       0x4e build/stm32f3xx_hal_i2c.o
 .text.HAL_I2C_MspInit
                0x0000000000000000        0x2 build/stm32f3xx_hal_i2c.o
 .text.HAL_I2C_Init
                0x0000000000000000       0xbc build/stm32f3xx_hal_i2c.o
 .text.HAL_I2C_MspDeInit
                0x0000000000000000        0x2 build/stm32f3xx_hal_i2c.o
 .text.HAL_I2C_DeInit
                0x0000000000000000       0x32 build/stm32f3xx_hal_i2c.o
 .text.HAL_I2C_Master_Transmit
                0x0000000000000000      0x186 build/stm32f3xx_hal_i2c.o
 .text.HAL_I2C_Master_Receive
                0x0000000000000000      0x184 build/stm32f3xx_hal_i2c.o
 .text.HAL_I2C_Slave_Transmit
                0x0000000000000000      0x18e build/stm32f3xx_hal_i2c.o
 .text.HAL_I2C_Slave_Receive
                0x0000000000000000      0x17e build/stm32f3xx_hal_i2c.o
 .text.HAL_I2C_Master_Transmit_IT
                0x0000000000000000       0x98 build/stm32f3xx_hal_i2c.o
 .text.HAL_I2C_Master_Receive_IT
                0x0000000000000000       0x98 build/stm32f3xx_hal_i2c.o
 .text.HAL_I2C_Slave_Transmit_IT
                0x0000000000000000       0x64 build/stm32f3xx_hal_i2c.o
 .text.HAL_I2C_Slave_Receive_IT
                0x0000000000000000       0x64 build/stm32f3xx_hal_i2c.o
 .text.HAL_I2C_Master_Transmit_DMA
                0x0000000000000000      0x10c build/stm32f3xx_hal_i2c.o
 .text.HAL_I2C_Master_Receive_DMA
                0x0000000000000000      0x10c build/stm32f3xx_hal_i2c.o
 .text.HAL_I2C_Slave_Transmit_DMA
                0x0000000000000000       0xa8 build/stm32f3xx_hal_i2c.o
 .text.HAL_I2C_Slave_Receive_DMA
                0x0000000000000000       0xac build/stm32f3xx_hal_i2c.o
 .text.HAL_I2C_Mem_Write
                0x0000000000000000      0x1cc build/stm32f3xx_hal_i2c.o
 .text.HAL_I2C_Mem_Read
                0x0000000000000000      0x1c8 build/stm32f3xx_hal_i2c.o
 .text.HAL_I2C_Mem_Write_IT
                0x0000000000000000      0x100 build/stm32f3xx_hal_i2c.o
 .text.HAL_I2C_Mem_Read_IT
                0x0000000000000000      0x104 build/stm32f3xx_hal_i2c.o
 .text.HAL_I2C_Mem_Write_DMA
                0x0000000000000000      0x15c build/stm32f3xx_hal_i2c.o
 .text.HAL_I2C_Mem_Read_DMA
                0x0000000000000000      0x160 build/stm32f3xx_hal_i2c.o
 .text.HAL_I2C_IsDeviceReady
                0x0000000000000000      0x158 build/stm32f3xx_hal_i2c.o
 .text.HAL_I2C_Master_Sequential_Transmit_IT
                0x0000000000000000       0x8c build/stm32f3xx_hal_i2c.o
 .text.HAL_I2C_Master_Sequential_Receive_IT
                0x0000000000000000       0x8c build/stm32f3xx_hal_i2c.o
 .text.HAL_I2C_Slave_Sequential_Transmit_IT
                0x0000000000000000       0xa0 build/stm32f3xx_hal_i2c.o
 .text.HAL_I2C_Slave_Sequential_Receive_IT
                0x0000000000000000       0xa0 build/stm32f3xx_hal_i2c.o
 .text.HAL_I2C_EnableListen_IT
                0x0000000000000000       0x28 build/stm32f3xx_hal_i2c.o
 .text.HAL_I2C_DisableListen_IT
                0x0000000000000000       0x38 build/stm32f3xx_hal_i2c.o
 .text.HAL_I2C_Master_Abort_IT
                0x0000000000000000       0x64 build/stm32f3xx_hal_i2c.o
 .text.HAL_I2C_EV_IRQHandler
                0x0000000000000000       0x10 build/stm32f3xx_hal_i2c.o
 .text.HAL_I2C_MasterTxCpltCallback
                0x0000000000000000        0x2 build/stm32f3xx_hal_i2c.o
 .text.HAL_I2C_MasterRxCpltCallback
                0x0000000000000000        0x2 build/stm32f3xx_hal_i2c.o
 .text.I2C_ITMasterSequentialCplt
                0x0000000000000000       0x54 build/stm32f3xx_hal_i2c.o
 .text.HAL_I2C_SlaveTxCpltCallback
                0x0000000000000000        0x2 build/stm32f3xx_hal_i2c.o
 .text.HAL_I2C_SlaveRxCpltCallback
                0x0000000000000000        0x2 build/stm32f3xx_hal_i2c.o
 .text.I2C_ITSlaveSequentialCplt
                0x0000000000000000       0x5c build/stm32f3xx_hal_i2c.o
 .text.HAL_I2C_AddrCallback
                0x0000000000000000        0x2 build/stm32f3xx_hal_i2c.o
 .text.I2C_ITAddrCplt
                0x0000000000000000       0x9c build/stm32f3xx_hal_i2c.o
 .text.HAL_I2C_ListenCpltCallback
                0x0000000000000000        0x2 build/stm32f3xx_hal_i2c.o
 .text.I2C_ITListenCplt
                0x0000000000000000       0x64 build/stm32f3xx_hal_i2c.o
 .text.HAL_I2C_MemTxCpltCallback
                0x0000000000000000        0x2 build/stm32f3xx_hal_i2c.o
 .text.HAL_I2C_MemRxCpltCallback
                0x0000000000000000        0x2 build/stm32f3xx_hal_i2c.o
 .text.HAL_I2C_ErrorCallback
                0x0000000000000000        0x2 build/stm32f3xx_hal_i2c.o
 .text.HAL_I2C_AbortCpltCallback
                0x0000000000000000        0x2 build/stm32f3xx_hal_i2c.o
 .text.I2C_ITError
                0x0000000000000000      0x100 build/stm32f3xx_hal_i2c.o
 .text.I2C_ITSlaveCplt
                0x0000000000000000      0x128 build/stm32f3xx_hal_i2c.o
 .text.I2C_Slave_ISR_IT
                0x0000000000000000      0x14e build/stm32f3xx_hal_i2c.o
 .text.I2C_Slave_ISR_DMA
                0x0000000000000000       0x90 build/stm32f3xx_hal_i2c.o
 .text.I2C_ITMasterCplt
                0x0000000000000000       0xe4 build/stm32f3xx_hal_i2c.o
 .text.I2C_Master_ISR_IT
                0x0000000000000000      0x178 build/stm32f3xx_hal_i2c.o
 .text.I2C_Master_ISR_DMA
                0x0000000000000000       0xe4 build/stm32f3xx_hal_i2c.o
 .text.I2C_DMAError
                0x0000000000000000       0x16 build/stm32f3xx_hal_i2c.o
 .text.HAL_I2C_ER_IRQHandler
                0x0000000000000000       0x6c build/stm32f3xx_hal_i2c.o
 .text.I2C_DMAAbort
                0x0000000000000000       0x34 build/stm32f3xx_hal_i2c.o
 .text.HAL_I2C_GetState
                0x0000000000000000        0x6 build/stm32f3xx_hal_i2c.o
 .text.HAL_I2C_GetMode
                0x0000000000000000        0x6 build/stm32f3xx_hal_i2c.o
 .text.HAL_I2C_GetError
                0x0000000000000000        0x4 build/stm32f3xx_hal_i2c.o
 .debug_info    0x0000000000000000     0x3c39 build/stm32f3xx_hal_i2c.o
 .debug_abbrev  0x0000000000000000      0x31e build/stm32f3xx_hal_i2c.o
 .debug_loc     0x0000000000000000     0x4525 build/stm32f3xx_hal_i2c.o
 .debug_aranges
                0x0000000000000000      0x260 build/stm32f3xx_hal_i2c.o
 .debug_ranges  0x0000000000000000      0x250 build/stm32f3xx_hal_i2c.o
 .debug_line    0x0000000000000000     0x13e5 build/stm32f3xx_hal_i2c.o
 .debug_str     0x0000000000000000     0x12bf build/stm32f3xx_hal_i2c.o
 .comment       0x0000000000000000       0x12 build/stm32f3xx_hal_i2c.o
 .debug_frame   0x0000000000000000      0x94c build/stm32f3xx_hal_i2c.o
 .ARM.attributes
                0x0000000000000000       0x39 build/stm32f3xx_hal_i2c.o
 .text          0x0000000000000000        0x0 build/stm32f3xx_hal_tim.o
 .data          0x0000000000000000        0x0 build/stm32f3xx_hal_tim.o
 .bss           0x0000000000000000        0x0 build/stm32f3xx_hal_tim.o
 .debug_info    0x0000000000000000      0xa07 build/stm32f3xx_hal_tim.o
 .debug_abbrev  0x0000000000000000      0x16b build/stm32f3xx_hal_tim.o
 .debug_aranges
                0x0000000000000000       0x18 build/stm32f3xx_hal_tim.o
 .debug_line    0x0000000000000000      0x190 build/stm32f3xx_hal_tim.o
 .debug_str     0x0000000000000000      0x60d build/stm32f3xx_hal_tim.o
 .comment       0x0000000000000000       0x12 build/stm32f3xx_hal_tim.o
 .ARM.attributes
                0x0000000000000000       0x39 build/stm32f3xx_hal_tim.o
 .text          0x0000000000000000        0x0 build/stm32f3xx_hal_gpio.o
 .data          0x0000000000000000        0x0 build/stm32f3xx_hal_gpio.o
 .bss           0x0000000000000000        0x0 build/stm32f3xx_hal_gpio.o
 .text.HAL_GPIO_DeInit
                0x0000000000000000       0xfc build/stm32f3xx_hal_gpio.o
 .text.HAL_GPIO_ReadPin
                0x0000000000000000        0xe build/stm32f3xx_hal_gpio.o
 .text.HAL_GPIO_LockPin
                0x0000000000000000       0x2e build/stm32f3xx_hal_gpio.o
 .text.HAL_GPIO_EXTI_Callback
                0x0000000000000000        0x2 build/stm32f3xx_hal_gpio.o
 .text.HAL_GPIO_EXTI_IRQHandler
                0x0000000000000000       0x1c build/stm32f3xx_hal_gpio.o
 .text          0x0000000000000000       0x14 build/startup_stm32f303xc.o
 .data          0x0000000000000000        0x0 build/startup_stm32f303xc.o
 .bss           0x0000000000000000        0x0 build/startup_stm32f303xc.o
 .text          0x0000000000000000       0x28 /home/saicharan/arm/lib/gcc/arm-none-eabi/6.3.0/../../../../arm-none-eabi/lib/libc_s.a(lib_a-exit.o)
 .data          0x0000000000000000        0x0 /home/saicharan/arm/lib/gcc/arm-none-eabi/6.3.0/../../../../arm-none-eabi/lib/libc_s.a(lib_a-exit.o)
 .bss           0x0000000000000000        0x0 /home/saicharan/arm/lib/gcc/arm-none-eabi/6.3.0/../../../../arm-none-eabi/lib/libc_s.a(lib_a-exit.o)
 .debug_info    0x0000000000000000      0x94a /home/saicharan/arm/lib/gcc/arm-none-eabi/6.3.0/../../../../arm-none-eabi/lib/libc_s.a(lib_a-exit.o)
 .debug_abbrev  0x0000000000000000      0x1c2 /home/saicharan/arm/lib/gcc/arm-none-eabi/6.3.0/../../../../arm-none-eabi/lib/libc_s.a(lib_a-exit.o)
 .debug_loc     0x0000000000000000       0x1e /home/saicharan/arm/lib/gcc/arm-none-eabi/6.3.0/../../../../arm-none-eabi/lib/libc_s.a(lib_a-exit.o)
 .debug_aranges
                0x0000000000000000       0x20 /home/saicharan/arm/lib/gcc/arm-none-eabi/6.3.0/../../../../arm-none-eabi/lib/libc_s.a(lib_a-exit.o)
 .debug_line    0x0000000000000000      0x187 /home/saicharan/arm/lib/gcc/arm-none-eabi/6.3.0/../../../../arm-none-eabi/lib/libc_s.a(lib_a-exit.o)
 .debug_str     0x0000000000000000      0x5a9 /home/saicharan/arm/lib/gcc/arm-none-eabi/6.3.0/../../../../arm-none-eabi/lib/libc_s.a(lib_a-exit.o)
 .comment       0x0000000000000000       0x12 /home/saicharan/arm/lib/gcc/arm-none-eabi/6.3.0/../../../../arm-none-eabi/lib/libc_s.a(lib_a-exit.o)
 .debug_frame   0x0000000000000000       0x28 /home/saicharan/arm/lib/gcc/arm-none-eabi/6.3.0/../../../../arm-none-eabi/lib/libc_s.a(lib_a-exit.o)
 .ARM.attributes
                0x0000000000000000       0x39 /home/saicharan/arm/lib/gcc/arm-none-eabi/6.3.0/../../../../arm-none-eabi/lib/libc_s.a(lib_a-exit.o)
 .text          0x0000000000000000        0x0 /home/saicharan/arm/lib/gcc/arm-none-eabi/6.3.0/../../../../arm-none-eabi/lib/libc_s.a(lib_a-impure.o)
 .data          0x0000000000000000       0x64 /home/saicharan/arm/lib/gcc/arm-none-eabi/6.3.0/../../../../arm-none-eabi/lib/libc_s.a(lib_a-impure.o)
 .bss           0x0000000000000000        0x0 /home/saicharan/arm/lib/gcc/arm-none-eabi/6.3.0/../../../../arm-none-eabi/lib/libc_s.a(lib_a-impure.o)
 .rodata        0x0000000000000000        0x4 /home/saicharan/arm/lib/gcc/arm-none-eabi/6.3.0/../../../../arm-none-eabi/lib/libc_s.a(lib_a-impure.o)
 .rodata.str1.4
                0x0000000000000000        0x2 /home/saicharan/arm/lib/gcc/arm-none-eabi/6.3.0/../../../../arm-none-eabi/lib/libc_s.a(lib_a-impure.o)
 .debug_info    0x0000000000000000      0x89c /home/saicharan/arm/lib/gcc/arm-none-eabi/6.3.0/../../../../arm-none-eabi/lib/libc_s.a(lib_a-impure.o)
 .debug_abbrev  0x0000000000000000      0x151 /home/saicharan/arm/lib/gcc/arm-none-eabi/6.3.0/../../../../arm-none-eabi/lib/libc_s.a(lib_a-impure.o)
 .debug_aranges
                0x0000000000000000       0x18 /home/saicharan/arm/lib/gcc/arm-none-eabi/6.3.0/../../../../arm-none-eabi/lib/libc_s.a(lib_a-impure.o)
 .debug_line    0x0000000000000000      0x11c /home/saicharan/arm/lib/gcc/arm-none-eabi/6.3.0/../../../../arm-none-eabi/lib/libc_s.a(lib_a-impure.o)
 .debug_str     0x0000000000000000      0x55e /home/saicharan/arm/lib/gcc/arm-none-eabi/6.3.0/../../../../arm-none-eabi/lib/libc_s.a(lib_a-impure.o)
 .comment       0x0000000000000000       0x12 /home/saicharan/arm/lib/gcc/arm-none-eabi/6.3.0/../../../../arm-none-eabi/lib/libc_s.a(lib_a-impure.o)
 .ARM.attributes
                0x0000000000000000       0x39 /home/saicharan/arm/lib/gcc/arm-none-eabi/6.3.0/../../../../arm-none-eabi/lib/libc_s.a(lib_a-impure.o)
 .data          0x0000000000000000        0x0 /home/saicharan/arm/lib/gcc/arm-none-eabi/6.3.0/../../../../arm-none-eabi/lib/libc_s.a(lib_a-init.o)
 .bss           0x0000000000000000        0x0 /home/saicharan/arm/lib/gcc/arm-none-eabi/6.3.0/../../../../arm-none-eabi/lib/libc_s.a(lib_a-init.o)
 .text          0x0000000000000000       0x9c /home/saicharan/arm/lib/gcc/arm-none-eabi/6.3.0/../../../../arm-none-eabi/lib/libc_s.a(lib_a-memset.o)
 .data          0x0000000000000000        0x0 /home/saicharan/arm/lib/gcc/arm-none-eabi/6.3.0/../../../../arm-none-eabi/lib/libc_s.a(lib_a-memset.o)
 .bss           0x0000000000000000        0x0 /home/saicharan/arm/lib/gcc/arm-none-eabi/6.3.0/../../../../arm-none-eabi/lib/libc_s.a(lib_a-memset.o)
 .debug_info    0x0000000000000000      0x912 /home/saicharan/arm/lib/gcc/arm-none-eabi/6.3.0/../../../../arm-none-eabi/lib/libc_s.a(lib_a-memset.o)
 .debug_abbrev  0x0000000000000000      0x195 /home/saicharan/arm/lib/gcc/arm-none-eabi/6.3.0/../../../../arm-none-eabi/lib/libc_s.a(lib_a-memset.o)
 .debug_loc     0x0000000000000000      0x1bd /home/saicharan/arm/lib/gcc/arm-none-eabi/6.3.0/../../../../arm-none-eabi/lib/libc_s.a(lib_a-memset.o)
 .debug_aranges
                0x0000000000000000       0x20 /home/saicharan/arm/lib/gcc/arm-none-eabi/6.3.0/../../../../arm-none-eabi/lib/libc_s.a(lib_a-memset.o)
 .debug_line    0x0000000000000000      0x1a8 /home/saicharan/arm/lib/gcc/arm-none-eabi/6.3.0/../../../../arm-none-eabi/lib/libc_s.a(lib_a-memset.o)
 .debug_str     0x0000000000000000      0x575 /home/saicharan/arm/lib/gcc/arm-none-eabi/6.3.0/../../../../arm-none-eabi/lib/libc_s.a(lib_a-memset.o)
 .comment       0x0000000000000000       0x12 /home/saicharan/arm/lib/gcc/arm-none-eabi/6.3.0/../../../../arm-none-eabi/lib/libc_s.a(lib_a-memset.o)
 .debug_frame   0x0000000000000000       0x34 /home/saicharan/arm/lib/gcc/arm-none-eabi/6.3.0/../../../../arm-none-eabi/lib/libc_s.a(lib_a-memset.o)
 .ARM.attributes
                0x0000000000000000       0x39 /home/saicharan/arm/lib/gcc/arm-none-eabi/6.3.0/../../../../arm-none-eabi/lib/libc_s.a(lib_a-memset.o)
 .text          0x0000000000000000        0x4 /home/saicharan/arm/lib/gcc/arm-none-eabi/6.3.0/../../../../arm-none-eabi/lib/libnosys.a(_exit.o)
 .data          0x0000000000000000        0x0 /home/saicharan/arm/lib/gcc/arm-none-eabi/6.3.0/../../../../arm-none-eabi/lib/libnosys.a(_exit.o)
 .bss           0x0000000000000000        0x0 /home/saicharan/arm/lib/gcc/arm-none-eabi/6.3.0/../../../../arm-none-eabi/lib/libnosys.a(_exit.o)
 .debug_info    0x0000000000000000       0x54 /home/saicharan/arm/lib/gcc/arm-none-eabi/6.3.0/../../../../arm-none-eabi/lib/libnosys.a(_exit.o)
 .debug_abbrev  0x0000000000000000       0x56 /home/saicharan/arm/lib/gcc/arm-none-eabi/6.3.0/../../../../arm-none-eabi/lib/libnosys.a(_exit.o)
 .debug_aranges
                0x0000000000000000       0x20 /home/saicharan/arm/lib/gcc/arm-none-eabi/6.3.0/../../../../arm-none-eabi/lib/libnosys.a(_exit.o)
 .debug_line    0x0000000000000000       0x6e /home/saicharan/arm/lib/gcc/arm-none-eabi/6.3.0/../../../../arm-none-eabi/lib/libnosys.a(_exit.o)
 .debug_str     0x0000000000000000       0xa0 /home/saicharan/arm/lib/gcc/arm-none-eabi/6.3.0/../../../../arm-none-eabi/lib/libnosys.a(_exit.o)
 .comment       0x0000000000000000       0x12 /home/saicharan/arm/lib/gcc/arm-none-eabi/6.3.0/../../../../arm-none-eabi/lib/libnosys.a(_exit.o)
 .debug_frame   0x0000000000000000       0x20 /home/saicharan/arm/lib/gcc/arm-none-eabi/6.3.0/../../../../arm-none-eabi/lib/libnosys.a(_exit.o)
 .ARM.attributes
                0x0000000000000000       0x39 /home/saicharan/arm/lib/gcc/arm-none-eabi/6.3.0/../../../../arm-none-eabi/lib/libnosys.a(_exit.o)
 .text          0x0000000000000000        0x0 /home/saicharan/arm/lib/gcc/arm-none-eabi/6.3.0/crtend.o
 .data          0x0000000000000000        0x0 /home/saicharan/arm/lib/gcc/arm-none-eabi/6.3.0/crtend.o
 .bss           0x0000000000000000        0x0 /home/saicharan/arm/lib/gcc/arm-none-eabi/6.3.0/crtend.o
 .eh_frame      0x0000000000000000        0x4 /home/saicharan/arm/lib/gcc/arm-none-eabi/6.3.0/crtend.o
 .jcr           0x0000000000000000        0x4 /home/saicharan/arm/lib/gcc/arm-none-eabi/6.3.0/crtend.o
 .text          0x0000000000000000        0x0 /home/saicharan/arm/lib/gcc/arm-none-eabi/6.3.0/crtn.o
 .data          0x0000000000000000        0x0 /home/saicharan/arm/lib/gcc/arm-none-eabi/6.3.0/crtn.o
 .bss           0x0000000000000000        0x0 /home/saicharan/arm/lib/gcc/arm-none-eabi/6.3.0/crtn.o

Memory Configuration

Name             Origin             Length             Attributes
RAM              0x0000000020000000 0x000000000000a000 xrw
CCMRAM           0x0000000010000000 0x0000000000002000 rw
FLASH            0x0000000008000000 0x0000000000040000 xr
*default*        0x0000000000000000 0xffffffffffffffff

Linker script and memory map

LOAD /home/saicharan/arm/lib/gcc/arm-none-eabi/6.3.0/crti.o
LOAD /home/saicharan/arm/lib/gcc/arm-none-eabi/6.3.0/crtbegin.o
LOAD /home/saicharan/arm/lib/gcc/arm-none-eabi/6.3.0/../../../../arm-none-eabi/lib/crt0.o
LOAD build/stm32f3xx_hal_msp.o
LOAD build/stm32f3xx_it.o
LOAD build/stm32f3xx_hal_dma.o
LOAD build/system_stm32f3xx.o
LOAD build/stm32f3xx_hal_pwr.o
LOAD build/stm32f3xx_hal_flash_ex.o
LOAD build/stm32f3xx_hal_pwr_ex.o
LOAD build/stm32f3xx_hal_cortex.o
LOAD build/main.o
LOAD build/stm32f3xx_hal.o
LOAD build/stm32f3xx_hal_i2c_ex.o
LOAD build/stm32f3xx_hal_tim_ex.o
LOAD build/stm32f3xx_hal_rcc.o
LOAD build/stm32f3xx_hal_rcc_ex.o
LOAD build/stm32f3xx_hal_flash.o
LOAD build/stm32f3xx_hal_i2c.o
LOAD build/stm32f3xx_hal_tim.o
LOAD build/stm32f3xx_hal_gpio.o
LOAD build/startup_stm32f303xc.o
LOAD /home/saicharan/arm/lib/gcc/arm-none-eabi/6.3.0/../../../../arm-none-eabi/lib/libc_s.a
LOAD /home/saicharan/arm/lib/gcc/arm-none-eabi/6.3.0/../../../../arm-none-eabi/lib/libm.a
LOAD /home/saicharan/arm/lib/gcc/arm-none-eabi/6.3.0/../../../../arm-none-eabi/lib/libnosys.a
START GROUP
LOAD /home/saicharan/arm/lib/gcc/arm-none-eabi/6.3.0/libgcc.a
LOAD /home/saicharan/arm/lib/gcc/arm-none-eabi/6.3.0/../../../../arm-none-eabi/lib/libc_s.a
END GROUP
START GROUP
LOAD /home/saicharan/arm/lib/gcc/arm-none-eabi/6.3.0/libgcc.a
LOAD /home/saicharan/arm/lib/gcc/arm-none-eabi/6.3.0/../../../../arm-none-eabi/lib/libc_s.a
END GROUP
LOAD /home/saicharan/arm/lib/gcc/arm-none-eabi/6.3.0/crtend.o
LOAD /home/saicharan/arm/lib/gcc/arm-none-eabi/6.3.0/crtn.o
                0x000000002000a000                _estack = 0x2000a000
                0x0000000000000200                _Min_Heap_Size = 0x200
                0x0000000000000400                _Min_Stack_Size = 0x400

.isr_vector     0x0000000008000000      0x188
                0x0000000008000000                . = ALIGN (0x4)
 *(.isr_vector)
 .isr_vector    0x0000000008000000      0x188 build/startup_stm32f303xc.o
                0x0000000008000000                g_pfnVectors
                0x0000000008000188                . = ALIGN (0x4)

.text           0x0000000008000188      0xec0
                0x0000000008000188                . = ALIGN (0x4)
 *(.text)
 .text          0x0000000008000188       0xa4 /home/saicharan/arm/lib/gcc/arm-none-eabi/6.3.0/crtbegin.o
 .text          0x000000000800022c       0x50 /home/saicharan/arm/lib/gcc/arm-none-eabi/6.3.0/../../../../arm-none-eabi/lib/libc_s.a(lib_a-init.o)
                0x000000000800022c                __libc_init_array
 *(.text*)
 .text.HAL_MspInit
                0x000000000800027c       0x7c build/stm32f3xx_hal_msp.o
                0x000000000800027c                HAL_MspInit
 .text.NMI_Handler
                0x00000000080002f8        0x2 build/stm32f3xx_it.o
                0x00000000080002f8                NMI_Handler
 .text.HardFault_Handler
                0x00000000080002fa        0x2 build/stm32f3xx_it.o
                0x00000000080002fa                HardFault_Handler
 .text.MemManage_Handler
                0x00000000080002fc        0x2 build/stm32f3xx_it.o
                0x00000000080002fc                MemManage_Handler
 .text.BusFault_Handler
                0x00000000080002fe        0x2 build/stm32f3xx_it.o
                0x00000000080002fe                BusFault_Handler
 .text.UsageFault_Handler
                0x0000000008000300        0x2 build/stm32f3xx_it.o
                0x0000000008000300                UsageFault_Handler
 .text.SVC_Handler
                0x0000000008000302        0x2 build/stm32f3xx_it.o
                0x0000000008000302                SVC_Handler
 .text.DebugMon_Handler
                0x0000000008000304        0x2 build/stm32f3xx_it.o
                0x0000000008000304                DebugMon_Handler
 .text.PendSV_Handler
                0x0000000008000306        0x2 build/stm32f3xx_it.o
                0x0000000008000306                PendSV_Handler
 .text.SysTick_Handler
                0x0000000008000308        0xc build/stm32f3xx_it.o
                0x0000000008000308                SysTick_Handler
 .text.SystemInit
                0x0000000008000314       0x68 build/system_stm32f3xx.o
                0x0000000008000314                SystemInit
 .text.HAL_NVIC_SetPriorityGrouping
                0x000000000800037c       0x24 build/stm32f3xx_hal_cortex.o
                0x000000000800037c                HAL_NVIC_SetPriorityGrouping
 .text.HAL_NVIC_SetPriority
                0x00000000080003a0       0x64 build/stm32f3xx_hal_cortex.o
                0x00000000080003a0                HAL_NVIC_SetPriority
 .text.HAL_SYSTICK_Config
                0x0000000008000404       0x2c build/stm32f3xx_hal_cortex.o
                0x0000000008000404                HAL_SYSTICK_Config
 .text.HAL_SYSTICK_CLKSourceConfig
                0x0000000008000430       0x20 build/stm32f3xx_hal_cortex.o
                0x0000000008000430                HAL_SYSTICK_CLKSourceConfig
 .text.HAL_SYSTICK_Callback
                0x0000000008000450        0x2 build/stm32f3xx_hal_cortex.o
                0x0000000008000450                HAL_SYSTICK_Callback
 .text.HAL_SYSTICK_IRQHandler
                0x0000000008000452        0x8 build/stm32f3xx_hal_cortex.o
                0x0000000008000452                HAL_SYSTICK_IRQHandler
 *fill*         0x000000000800045a        0x2 
 .text.MX_GPIO_Init
                0x000000000800045c       0x48 build/main.o
 .text._Error_Handler
                0x00000000080004a4        0x2 build/main.o
                0x00000000080004a4                _Error_Handler
 *fill*         0x00000000080004a6        0x2 
 .text.SystemClock_Config
                0x00000000080004a8       0x74 build/main.o
                0x00000000080004a8                SystemClock_Config
 .text.main     0x000000000800051c       0x20 build/main.o
                0x000000000800051c                main
 .text.HAL_InitTick
                0x000000000800053c       0x2c build/stm32f3xx_hal.o
                0x000000000800053c                HAL_InitTick
 .text.HAL_Init
                0x0000000008000568       0x24 build/stm32f3xx_hal.o
                0x0000000008000568                HAL_Init
 .text.HAL_IncTick
                0x000000000800058c       0x10 build/stm32f3xx_hal.o
                0x000000000800058c                HAL_IncTick
 .text.HAL_GetTick
                0x000000000800059c        0xc build/stm32f3xx_hal.o
                0x000000000800059c                HAL_GetTick
 .text.HAL_Delay
                0x00000000080005a8       0x24 build/stm32f3xx_hal.o
                0x00000000080005a8                HAL_Delay
 .text.HAL_RCC_OscConfig
                0x00000000080005cc      0x60c build/stm32f3xx_hal_rcc.o
                0x00000000080005cc                HAL_RCC_OscConfig
 .text.HAL_RCC_GetSysClockFreq
                0x0000000008000bd8       0x70 build/stm32f3xx_hal_rcc.o
                0x0000000008000bd8                HAL_RCC_GetSysClockFreq
 .text.HAL_RCC_ClockConfig
                0x0000000008000c48      0x1d4 build/stm32f3xx_hal_rcc.o
                0x0000000008000c48                HAL_RCC_ClockConfig
 .text.HAL_RCC_GetHCLKFreq
                0x0000000008000e1c        0xc build/stm32f3xx_hal_rcc.o
                0x0000000008000e1c                HAL_RCC_GetHCLKFreq
 .text.HAL_GPIO_Init
                0x0000000008000e28      0x1a0 build/stm32f3xx_hal_gpio.o
                0x0000000008000e28                HAL_GPIO_Init
 .text.HAL_GPIO_WritePin
                0x0000000008000fc8        0xa build/stm32f3xx_hal_gpio.o
                0x0000000008000fc8                HAL_GPIO_WritePin
 .text.HAL_GPIO_TogglePin
                0x0000000008000fd2        0x8 build/stm32f3xx_hal_gpio.o
                0x0000000008000fd2                HAL_GPIO_TogglePin
 *fill*         0x0000000008000fda        0x2 
 .text.Reset_Handler
                0x0000000008000fdc       0x50 build/startup_stm32f303xc.o
                0x0000000008000fdc                Reset_Handler
 .text.Default_Handler
                0x000000000800102c        0x2 build/startup_stm32f303xc.o
                0x000000000800102c                RTC_Alarm_IRQHandler
                0x000000000800102c                TIM8_TRG_COM_IRQHandler
                0x000000000800102c                TIM8_CC_IRQHandler
                0x000000000800102c                TIM1_CC_IRQHandler
                0x000000000800102c                USB_HP_IRQHandler
                0x000000000800102c                PVD_IRQHandler
                0x000000000800102c                TAMP_STAMP_IRQHandler
                0x000000000800102c                EXTI3_IRQHandler
                0x000000000800102c                USB_HP_CAN_TX_IRQHandler
                0x000000000800102c                EXTI0_IRQHandler
                0x000000000800102c                I2C2_EV_IRQHandler
                0x000000000800102c                FPU_IRQHandler
                0x000000000800102c                TIM1_UP_TIM16_IRQHandler
                0x000000000800102c                ADC1_2_IRQHandler
                0x000000000800102c                SPI1_IRQHandler
                0x000000000800102c                CAN_SCE_IRQHandler
                0x000000000800102c                TIM6_DAC_IRQHandler
                0x000000000800102c                TIM8_UP_IRQHandler
                0x000000000800102c                DMA2_Channel2_IRQHandler
                0x000000000800102c                DMA1_Channel4_IRQHandler
                0x000000000800102c                USART3_IRQHandler
                0x000000000800102c                DMA1_Channel7_IRQHandler
                0x000000000800102c                UART5_IRQHandler
                0x000000000800102c                ADC3_IRQHandler
                0x000000000800102c                TIM4_IRQHandler
                0x000000000800102c                CAN_RX1_IRQHandler
                0x000000000800102c                DMA2_Channel1_IRQHandler
                0x000000000800102c                I2C1_EV_IRQHandler
                0x000000000800102c                DMA1_Channel6_IRQHandler
                0x000000000800102c                UART4_IRQHandler
                0x000000000800102c                DMA2_Channel4_IRQHandler
                0x000000000800102c                TIM3_IRQHandler
                0x000000000800102c                RCC_IRQHandler
                0x000000000800102c                DMA1_Channel1_IRQHandler
                0x000000000800102c                Default_Handler
                0x000000000800102c                USBWakeUp_RMP_IRQHandler
                0x000000000800102c                EXTI15_10_IRQHandler
                0x000000000800102c                TIM7_IRQHandler
                0x000000000800102c                EXTI9_5_IRQHandler
                0x000000000800102c                RTC_WKUP_IRQHandler
                0x000000000800102c                SPI2_IRQHandler
                0x000000000800102c                USB_LP_CAN_RX0_IRQHandler
                0x000000000800102c                DMA2_Channel5_IRQHandler
                0x000000000800102c                DMA1_Channel5_IRQHandler
                0x000000000800102c                USB_LP_IRQHandler
                0x000000000800102c                EXTI4_IRQHandler
                0x000000000800102c                TIM1_TRG_COM_TIM17_IRQHandler
                0x000000000800102c                DMA1_Channel3_IRQHandler
                0x000000000800102c                ADC4_IRQHandler
                0x000000000800102c                WWDG_IRQHandler
                0x000000000800102c                TIM2_IRQHandler
                0x000000000800102c                COMP7_IRQHandler
                0x000000000800102c                COMP1_2_3_IRQHandler
                0x000000000800102c                EXTI1_IRQHandler
                0x000000000800102c                USART2_IRQHandler
                0x000000000800102c                COMP4_5_6_IRQHandler
                0x000000000800102c                I2C2_ER_IRQHandler
                0x000000000800102c                DMA1_Channel2_IRQHandler
                0x000000000800102c                TIM8_BRK_IRQHandler
                0x000000000800102c                FLASH_IRQHandler
                0x000000000800102c                USART1_IRQHandler
                0x000000000800102c                SPI3_IRQHandler
                0x000000000800102c                I2C1_ER_IRQHandler
                0x000000000800102c                USBWakeUp_IRQHandler
                0x000000000800102c                DMA2_Channel3_IRQHandler
                0x000000000800102c                EXTI2_TSC_IRQHandler
                0x000000000800102c                TIM1_BRK_TIM15_IRQHandler
 *(.glue_7)
 .glue_7        0x000000000800102e        0x0 linker stubs
 *(.glue_7t)
 .glue_7t       0x000000000800102e        0x0 linker stubs
 *(.eh_frame)
 *fill*         0x000000000800102e        0x2 
 .eh_frame      0x0000000008001030        0x0 /home/saicharan/arm/lib/gcc/arm-none-eabi/6.3.0/crtbegin.o
 *(.init)
 .init          0x0000000008001030        0x4 /home/saicharan/arm/lib/gcc/arm-none-eabi/6.3.0/crti.o
                0x0000000008001030                _init
 .init          0x0000000008001034        0x8 /home/saicharan/arm/lib/gcc/arm-none-eabi/6.3.0/crtn.o
 *(.fini)
 .fini          0x000000000800103c        0x4 /home/saicharan/arm/lib/gcc/arm-none-eabi/6.3.0/crti.o
                0x000000000800103c                _fini
 .fini          0x0000000008001040        0x8 /home/saicharan/arm/lib/gcc/arm-none-eabi/6.3.0/crtn.o
                0x0000000008001048                . = ALIGN (0x4)
                0x0000000008001048                _etext = .

.vfp11_veneer   0x0000000008001048        0x0
 .vfp11_veneer  0x0000000008001048        0x0 linker stubs

.v4_bx          0x0000000008001048        0x0
 .v4_bx         0x0000000008001048        0x0 linker stubs

.iplt           0x0000000008001048        0x0
 .iplt          0x0000000008001048        0x0 /home/saicharan/arm/lib/gcc/arm-none-eabi/6.3.0/crtbegin.o

.rodata         0x0000000008001048       0x3c
                0x0000000008001048                . = ALIGN (0x4)
 *(.rodata)
 *(.rodata*)
 .rodata.AHBPrescTable
                0x0000000008001048       0x10 build/system_stm32f3xx.o
                0x0000000008001048                AHBPrescTable
 .rodata.SystemClock_Config.str1.4
                0x0000000008001058        0xc build/main.o
                                          0xb (size before relaxing)
 .rodata.aPLLMULFactorTable
                0x0000000008001064       0x10 build/stm32f3xx_hal_rcc.o
                0x0000000008001064                aPLLMULFactorTable
 .rodata.aPredivFactorTable
                0x0000000008001074       0x10 build/stm32f3xx_hal_rcc.o
                0x0000000008001074                aPredivFactorTable
                0x0000000008001084                . = ALIGN (0x4)

.rel.dyn        0x0000000008001084        0x0
 .rel.iplt      0x0000000008001084        0x0 /home/saicharan/arm/lib/gcc/arm-none-eabi/6.3.0/crtbegin.o

.ARM.extab
 *(.ARM.extab* .gnu.linkonce.armextab.*)

.ARM            0x0000000008001084        0x0
                0x0000000008001084                __exidx_start = .
 *(.ARM.exidx*)
                0x0000000008001084                __exidx_end = .

.preinit_array  0x0000000008001084        0x0
                0x0000000008001084                PROVIDE (__preinit_array_start, .)
 *(.preinit_array*)
                0x0000000008001084                PROVIDE (__preinit_array_end, .)

.init_array     0x0000000008001084        0x4
                0x0000000008001084                PROVIDE (__init_array_start, .)
 *(SORT(.init_array.*))
 *(.init_array*)
 .init_array    0x0000000008001084        0x4 /home/saicharan/arm/lib/gcc/arm-none-eabi/6.3.0/crtbegin.o
                0x0000000008001088                PROVIDE (__init_array_end, .)

.fini_array     0x0000000008001088        0x4
                [!provide]                        PROVIDE (__fini_array_start, .)
 *(SORT(.fini_array.*))
 *(.fini_array*)
 .fini_array    0x0000000008001088        0x4 /home/saicharan/arm/lib/gcc/arm-none-eabi/6.3.0/crtbegin.o
                [!provide]                        PROVIDE (__fini_array_end, .)
                0x000000000800108c                _sidata = LOADADDR (.data)

.data           0x0000000020000000        0x4 load address 0x000000000800108c
                0x0000000020000000                . = ALIGN (0x4)
                0x0000000020000000                _sdata = .
 *(.data)
 *(.data*)
 .data.SystemCoreClock
                0x0000000020000000        0x4 build/system_stm32f3xx.o
                0x0000000020000000                SystemCoreClock
                0x0000000020000004                . = ALIGN (0x4)
                0x0000000020000004                _edata = .
                0x0000000008001090                _siccmram = LOADADDR (.ccmram)

.jcr            0x0000000020000004        0x0 load address 0x0000000008001090
 .jcr           0x0000000020000004        0x0 /home/saicharan/arm/lib/gcc/arm-none-eabi/6.3.0/crtbegin.o

.tm_clone_table
                0x0000000020000004        0x0 load address 0x0000000008001090
 .tm_clone_table
                0x0000000020000004        0x0 /home/saicharan/arm/lib/gcc/arm-none-eabi/6.3.0/crtbegin.o
 .tm_clone_table
                0x0000000020000004        0x0 /home/saicharan/arm/lib/gcc/arm-none-eabi/6.3.0/crtend.o

.igot.plt       0x0000000020000004        0x0 load address 0x0000000008001090
 .igot.plt      0x0000000020000004        0x0 /home/saicharan/arm/lib/gcc/arm-none-eabi/6.3.0/crtbegin.o

.ccmram         0x0000000010000000        0x0 load address 0x0000000008001090
                0x0000000010000000                . = ALIGN (0x4)
                0x0000000010000000                _sccmram = .
 *(.ccmram)
 *(.ccmram*)
                0x0000000010000000                . = ALIGN (0x4)
                0x0000000010000000                _eccmram = .
                0x0000000010000000                . = ALIGN (0x4)

.bss            0x0000000020000004       0x20
                0x0000000020000004                _sbss = .
                0x0000000020000004                __bss_start__ = _sbss
 *(.bss)
 .bss           0x0000000020000004       0x1c /home/saicharan/arm/lib/gcc/arm-none-eabi/6.3.0/crtbegin.o
 *(.bss*)
 *(COMMON)
 COMMON         0x0000000020000020        0x4 build/stm32f3xx_hal.o
                0x0000000020000020                uwTick
                0x0000000020000024                . = ALIGN (0x4)
                0x0000000020000024                _ebss = .
                0x0000000020000024                __bss_end__ = _ebss

._user_heap_stack
                0x0000000020000024      0x604
                0x0000000020000028                . = ALIGN (0x8)
 *fill*         0x0000000020000024        0x4 
                [!provide]                        PROVIDE (end, .)
                [!provide]                        PROVIDE (_end, .)
                0x0000000020000228                . = (. + _Min_Heap_Size)
 *fill*         0x0000000020000028      0x200 
                0x0000000020000628                . = (. + _Min_Stack_Size)
 *fill*         0x0000000020000228      0x400 
                0x0000000020000628                . = ALIGN (0x8)

/DISCARD/
 libc.a(*)
 libm.a(*)
 libgcc.a(*)

.ARM.attributes
                0x0000000000000000       0x35
 *(.ARM.attributes)
 .ARM.attributes
                0x0000000000000000       0x27 /home/saicharan/arm/lib/gcc/arm-none-eabi/6.3.0/crti.o
 .ARM.attributes
                0x0000000000000027       0x39 /home/saicharan/arm/lib/gcc/arm-none-eabi/6.3.0/crtbegin.o
 .ARM.attributes
                0x0000000000000060       0x39 build/stm32f3xx_hal_msp.o
 .ARM.attributes
                0x0000000000000099       0x39 build/stm32f3xx_it.o
 .ARM.attributes
                0x00000000000000d2       0x39 build/system_stm32f3xx.o
 .ARM.attributes
                0x000000000000010b       0x39 build/stm32f3xx_hal_cortex.o
 .ARM.attributes
                0x0000000000000144       0x39 build/main.o
 .ARM.attributes
                0x000000000000017d       0x39 build/stm32f3xx_hal.o
 .ARM.attributes
                0x00000000000001b6       0x39 build/stm32f3xx_hal_rcc.o
 .ARM.attributes
                0x00000000000001ef       0x39 build/stm32f3xx_hal_gpio.o
 .ARM.attributes
                0x0000000000000228       0x21 build/startup_stm32f303xc.o
 .ARM.attributes
                0x0000000000000249       0x39 /home/saicharan/arm/lib/gcc/arm-none-eabi/6.3.0/../../../../arm-none-eabi/lib/libc_s.a(lib_a-init.o)
 .ARM.attributes
                0x0000000000000282       0x39 /home/saicharan/arm/lib/gcc/arm-none-eabi/6.3.0/crtend.o
 .ARM.attributes
                0x00000000000002bb       0x27 /home/saicharan/arm/lib/gcc/arm-none-eabi/6.3.0/crtn.o
OUTPUT(build/Test_project.elf elf32-littlearm)

.comment        0x0000000000000000       0x11
 .comment       0x0000000000000000       0x11 /home/saicharan/arm/lib/gcc/arm-none-eabi/6.3.0/crtbegin.o
                                         0x12 (size before relaxing)
 .comment       0x0000000000000011       0x12 build/stm32f3xx_hal_msp.o
 .comment       0x0000000000000011       0x12 build/stm32f3xx_it.o
 .comment       0x0000000000000011       0x12 build/system_stm32f3xx.o
 .comment       0x0000000000000011       0x12 build/stm32f3xx_hal_cortex.o
 .comment       0x0000000000000011       0x12 build/main.o
 .comment       0x0000000000000011       0x12 build/stm32f3xx_hal.o
 .comment       0x0000000000000011       0x12 build/stm32f3xx_hal_rcc.o
 .comment       0x0000000000000011       0x12 build/stm32f3xx_hal_gpio.o
 .comment       0x0000000000000011       0x12 /home/saicharan/arm/lib/gcc/arm-none-eabi/6.3.0/../../../../arm-none-eabi/lib/libc_s.a(lib_a-init.o)
 .comment       0x0000000000000011       0x12 /home/saicharan/arm/lib/gcc/arm-none-eabi/6.3.0/crtend.o

.debug_info     0x0000000000000000     0x9107
 .debug_info    0x0000000000000000      0xdf3 build/stm32f3xx_hal_msp.o
 .debug_info    0x0000000000000df3      0xb04 build/stm32f3xx_it.o
 .debug_info    0x00000000000018f7      0xd51 build/system_stm32f3xx.o
 .debug_info    0x0000000000002648     0x186a build/stm32f3xx_hal_cortex.o
 .debug_info    0x0000000000003eb2     0x11eb build/main.o
 .debug_info    0x000000000000509d     0x1137 build/stm32f3xx_hal.o
 .debug_info    0x00000000000061d4     0x1d38 build/stm32f3xx_hal_rcc.o
 .debug_info    0x0000000000007f0c     0x1041 build/stm32f3xx_hal_gpio.o
 .debug_info    0x0000000000008f4d       0xae build/startup_stm32f303xc.o
 .debug_info    0x0000000000008ffb      0x10c /home/saicharan/arm/lib/gcc/arm-none-eabi/6.3.0/../../../../arm-none-eabi/lib/libc_s.a(lib_a-init.o)

.debug_abbrev   0x0000000000000000     0x154e
 .debug_abbrev  0x0000000000000000      0x20b build/stm32f3xx_hal_msp.o
 .debug_abbrev  0x000000000000020b      0x1c0 build/stm32f3xx_it.o
 .debug_abbrev  0x00000000000003cb      0x1dd build/system_stm32f3xx.o
 .debug_abbrev  0x00000000000005a8      0x3b5 build/stm32f3xx_hal_cortex.o
 .debug_abbrev  0x000000000000095d      0x273 build/main.o
 .debug_abbrev  0x0000000000000bd0      0x2af build/stm32f3xx_hal.o
 .debug_abbrev  0x0000000000000e7f      0x352 build/stm32f3xx_hal_rcc.o
 .debug_abbrev  0x00000000000011d1      0x2b3 build/stm32f3xx_hal_gpio.o
 .debug_abbrev  0x0000000000001484       0x12 build/startup_stm32f303xc.o
 .debug_abbrev  0x0000000000001496       0xb8 /home/saicharan/arm/lib/gcc/arm-none-eabi/6.3.0/../../../../arm-none-eabi/lib/libc_s.a(lib_a-init.o)

.debug_loc      0x0000000000000000     0x17f3
 .debug_loc     0x0000000000000000       0x38 build/stm32f3xx_hal_msp.o
 .debug_loc     0x0000000000000038       0x20 build/stm32f3xx_it.o
 .debug_loc     0x0000000000000058       0xff build/system_stm32f3xx.o
 .debug_loc     0x0000000000000157      0x65e build/stm32f3xx_hal_cortex.o
 .debug_loc     0x00000000000007b5       0x9e build/main.o
 .debug_loc     0x0000000000000853      0x101 build/stm32f3xx_hal.o
 .debug_loc     0x0000000000000954      0xa04 build/stm32f3xx_hal_rcc.o
 .debug_loc     0x0000000000001358      0x3ed build/stm32f3xx_hal_gpio.o
 .debug_loc     0x0000000000001745       0xae /home/saicharan/arm/lib/gcc/arm-none-eabi/6.3.0/../../../../arm-none-eabi/lib/libc_s.a(lib_a-init.o)

.debug_aranges  0x0000000000000000      0x378
 .debug_aranges
                0x0000000000000000       0x20 build/stm32f3xx_hal_msp.o
 .debug_aranges
                0x0000000000000020       0x60 build/stm32f3xx_it.o
 .debug_aranges
                0x0000000000000080       0x28 build/system_stm32f3xx.o
 .debug_aranges
                0x00000000000000a8       0xa8 build/stm32f3xx_hal_cortex.o
 .debug_aranges
                0x0000000000000150       0x38 build/main.o
 .debug_aranges
                0x0000000000000188       0xc8 build/stm32f3xx_hal.o
 .debug_aranges
                0x0000000000000250       0x88 build/stm32f3xx_hal_rcc.o
 .debug_aranges
                0x00000000000002d8       0x58 build/stm32f3xx_hal_gpio.o
 .debug_aranges
                0x0000000000000330       0x28 build/startup_stm32f303xc.o
 .debug_aranges
                0x0000000000000358       0x20 /home/saicharan/arm/lib/gcc/arm-none-eabi/6.3.0/../../../../arm-none-eabi/lib/libc_s.a(lib_a-init.o)

.debug_ranges   0x0000000000000000      0x350
 .debug_ranges  0x0000000000000000       0x10 build/stm32f3xx_hal_msp.o
 .debug_ranges  0x0000000000000010       0x50 build/stm32f3xx_it.o
 .debug_ranges  0x0000000000000060       0x18 build/system_stm32f3xx.o
 .debug_ranges  0x0000000000000078       0xf8 build/stm32f3xx_hal_cortex.o
 .debug_ranges  0x0000000000000170       0x28 build/main.o
 .debug_ranges  0x0000000000000198       0xb8 build/stm32f3xx_hal.o
 .debug_ranges  0x0000000000000250       0x98 build/stm32f3xx_hal_rcc.o
 .debug_ranges  0x00000000000002e8       0x48 build/stm32f3xx_hal_gpio.o
 .debug_ranges  0x0000000000000330       0x20 build/startup_stm32f303xc.o

.debug_line     0x0000000000000000     0x1d3d
 .debug_line    0x0000000000000000      0x210 build/stm32f3xx_hal_msp.o
 .debug_line    0x0000000000000210      0x286 build/stm32f3xx_it.o
 .debug_line    0x0000000000000496      0x1ff build/system_stm32f3xx.o
 .debug_line    0x0000000000000695      0x42f build/stm32f3xx_hal_cortex.o
 .debug_line    0x0000000000000ac4      0x2b2 build/main.o
 .debug_line    0x0000000000000d76      0x3b5 build/stm32f3xx_hal.o
 .debug_line    0x000000000000112b      0x71e build/stm32f3xx_hal_rcc.o
 .debug_line    0x0000000000001849      0x394 build/stm32f3xx_hal_gpio.o
 .debug_line    0x0000000000001bdd       0x74 build/startup_stm32f303xc.o
 .debug_line    0x0000000000001c51       0xec /home/saicharan/arm/lib/gcc/arm-none-eabi/6.3.0/../../../../arm-none-eabi/lib/libc_s.a(lib_a-init.o)

.debug_str      0x0000000000000000     0x1822
 .debug_str     0x0000000000000000      0xa4f build/stm32f3xx_hal_msp.o
                                        0xaba (size before relaxing)
 .debug_str     0x0000000000000a4f       0xc6 build/stm32f3xx_it.o
                                        0x69e (size before relaxing)
 .debug_str     0x0000000000000b15       0xb5 build/system_stm32f3xx.o
                                        0x6e0 (size before relaxing)
 .debug_str     0x0000000000000bca      0x3b9 build/stm32f3xx_hal_cortex.o
                                        0xf79 (size before relaxing)
 .debug_str     0x0000000000000f83      0x289 build/main.o
                                        0xd44 (size before relaxing)
 .debug_str     0x000000000000120c      0x20b build/stm32f3xx_hal.o
                                        0xd26 (size before relaxing)
 .debug_str     0x0000000000001417      0x1c8 build/stm32f3xx_hal_rcc.o
                                        0xa63 (size before relaxing)
 .debug_str     0x00000000000015df      0x137 build/stm32f3xx_hal_gpio.o
                                        0x884 (size before relaxing)
 .debug_str     0x0000000000001716      0x10c /home/saicharan/arm/lib/gcc/arm-none-eabi/6.3.0/../../../../arm-none-eabi/lib/libc_s.a(lib_a-init.o)
                                        0x1b0 (size before relaxing)

.debug_frame    0x0000000000000000      0x6f8
 .debug_frame   0x0000000000000000       0x2c build/stm32f3xx_hal_msp.o
 .debug_frame   0x000000000000002c       0xac build/stm32f3xx_it.o
 .debug_frame   0x00000000000000d8       0x30 build/system_stm32f3xx.o
 .debug_frame   0x0000000000000108      0x16c build/stm32f3xx_hal_cortex.o
 .debug_frame   0x0000000000000274       0x78 build/main.o
 .debug_frame   0x00000000000002ec      0x1a8 build/stm32f3xx_hal.o
 .debug_frame   0x0000000000000494      0x154 build/stm32f3xx_hal_rcc.o
 .debug_frame   0x00000000000005e8       0xe4 build/stm32f3xx_hal_gpio.o
 .debug_frame   0x00000000000006cc       0x2c /home/saicharan/arm/lib/gcc/arm-none-eabi/6.3.0/../../../../arm-none-eabi/lib/libc_s.a(lib_a-init.o)

Cross Reference Table

Symbol                                            File
ADC1_2_IRQHandler                                 build/startup_stm32f303xc.o
ADC3_IRQHandler                                   build/startup_stm32f303xc.o
ADC4_IRQHandler                                   build/startup_stm32f303xc.o
AHBPrescTable                                     build/system_stm32f3xx.o
                                                  build/stm32f3xx_hal_rcc.o
APBPrescTable                                     build/system_stm32f3xx.o
                                                  build/stm32f3xx_hal_rcc.o
BusFault_Handler                                  build/stm32f3xx_it.o
CAN_RX1_IRQHandler                                build/startup_stm32f303xc.o
CAN_SCE_IRQHandler                                build/startup_stm32f303xc.o
COMP1_2_3_IRQHandler                              build/startup_stm32f303xc.o
COMP4_5_6_IRQHandler                              build/startup_stm32f303xc.o
COMP7_IRQHandler                                  build/startup_stm32f303xc.o
DMA1_Channel1_IRQHandler                          build/startup_stm32f303xc.o
DMA1_Channel2_IRQHandler                          build/startup_stm32f303xc.o
DMA1_Channel3_IRQHandler                          build/startup_stm32f303xc.o
DMA1_Channel4_IRQHandler                          build/startup_stm32f303xc.o
DMA1_Channel5_IRQHandler                          build/startup_stm32f303xc.o
DMA1_Channel6_IRQHandler                          build/startup_stm32f303xc.o
DMA1_Channel7_IRQHandler                          build/startup_stm32f303xc.o
DMA2_Channel1_IRQHandler                          build/startup_stm32f303xc.o
DMA2_Channel2_IRQHandler                          build/startup_stm32f303xc.o
DMA2_Channel3_IRQHandler                          build/startup_stm32f303xc.o
DMA2_Channel4_IRQHandler                          build/startup_stm32f303xc.o
DMA2_Channel5_IRQHandler                          build/startup_stm32f303xc.o
DebugMon_Handler                                  build/stm32f3xx_it.o
Default_Handler                                   build/startup_stm32f303xc.o
EXTI0_IRQHandler                                  build/startup_stm32f303xc.o
EXTI15_10_IRQHandler                              build/startup_stm32f303xc.o
EXTI1_IRQHandler                                  build/startup_stm32f303xc.o
EXTI2_TSC_IRQHandler                              build/startup_stm32f303xc.o
EXTI3_IRQHandler                                  build/startup_stm32f303xc.o
EXTI4_IRQHandler                                  build/startup_stm32f303xc.o
EXTI9_5_IRQHandler                                build/startup_stm32f303xc.o
FLASH_IRQHandler                                  build/startup_stm32f303xc.o
FLASH_PageErase                                   build/stm32f3xx_hal_flash_ex.o
                                                  build/stm32f3xx_hal_flash.o
FLASH_WaitForLastOperation                        build/stm32f3xx_hal_flash.o
                                                  build/stm32f3xx_hal_flash_ex.o
FPU_IRQHandler                                    build/startup_stm32f303xc.o
HAL_DBGMCU_DisableDBGSleepMode                    build/stm32f3xx_hal.o
HAL_DBGMCU_DisableDBGStandbyMode                  build/stm32f3xx_hal.o
HAL_DBGMCU_DisableDBGStopMode                     build/stm32f3xx_hal.o
HAL_DBGMCU_EnableDBGSleepMode                     build/stm32f3xx_hal.o
HAL_DBGMCU_EnableDBGStandbyMode                   build/stm32f3xx_hal.o
HAL_DBGMCU_EnableDBGStopMode                      build/stm32f3xx_hal.o
HAL_DMA_Abort                                     build/stm32f3xx_hal_dma.o
HAL_DMA_Abort_IT                                  build/stm32f3xx_hal_dma.o
                                                  build/stm32f3xx_hal_i2c.o
HAL_DMA_DeInit                                    build/stm32f3xx_hal_dma.o
HAL_DMA_GetError                                  build/stm32f3xx_hal_dma.o
HAL_DMA_GetState                                  build/stm32f3xx_hal_dma.o
HAL_DMA_IRQHandler                                build/stm32f3xx_hal_dma.o
HAL_DMA_Init                                      build/stm32f3xx_hal_dma.o
HAL_DMA_PollForTransfer                           build/stm32f3xx_hal_dma.o
HAL_DMA_RegisterCallback                          build/stm32f3xx_hal_dma.o
HAL_DMA_Start                                     build/stm32f3xx_hal_dma.o
HAL_DMA_Start_IT                                  build/stm32f3xx_hal_dma.o
                                                  build/stm32f3xx_hal_i2c.o
HAL_DMA_UnRegisterCallback                        build/stm32f3xx_hal_dma.o
HAL_DeInit                                        build/stm32f3xx_hal.o
HAL_Delay                                         build/stm32f3xx_hal.o
                                                  build/main.o
HAL_FLASHEx_Erase                                 build/stm32f3xx_hal_flash_ex.o
HAL_FLASHEx_Erase_IT                              build/stm32f3xx_hal_flash_ex.o
HAL_FLASHEx_OBErase                               build/stm32f3xx_hal_flash_ex.o
HAL_FLASHEx_OBGetConfig                           build/stm32f3xx_hal_flash_ex.o
HAL_FLASHEx_OBGetUserData                         build/stm32f3xx_hal_flash_ex.o
HAL_FLASHEx_OBProgram                             build/stm32f3xx_hal_flash_ex.o
HAL_FLASH_EndOfOperationCallback                  build/stm32f3xx_hal_flash.o
HAL_FLASH_GetError                                build/stm32f3xx_hal_flash.o
HAL_FLASH_IRQHandler                              build/stm32f3xx_hal_flash.o
HAL_FLASH_Lock                                    build/stm32f3xx_hal_flash.o
HAL_FLASH_OB_Launch                               build/stm32f3xx_hal_flash.o
HAL_FLASH_OB_Lock                                 build/stm32f3xx_hal_flash.o
HAL_FLASH_OB_Unlock                               build/stm32f3xx_hal_flash.o
HAL_FLASH_OperationErrorCallback                  build/stm32f3xx_hal_flash.o
HAL_FLASH_Program                                 build/stm32f3xx_hal_flash.o
HAL_FLASH_Program_IT                              build/stm32f3xx_hal_flash.o
HAL_FLASH_Unlock                                  build/stm32f3xx_hal_flash.o
HAL_GPIO_DeInit                                   build/stm32f3xx_hal_gpio.o
HAL_GPIO_EXTI_Callback                            build/stm32f3xx_hal_gpio.o
HAL_GPIO_EXTI_IRQHandler                          build/stm32f3xx_hal_gpio.o
HAL_GPIO_Init                                     build/stm32f3xx_hal_gpio.o
                                                  build/stm32f3xx_hal_rcc.o
                                                  build/main.o
HAL_GPIO_LockPin                                  build/stm32f3xx_hal_gpio.o
HAL_GPIO_ReadPin                                  build/stm32f3xx_hal_gpio.o
HAL_GPIO_TogglePin                                build/stm32f3xx_hal_gpio.o
                                                  build/main.o
HAL_GPIO_WritePin                                 build/stm32f3xx_hal_gpio.o
                                                  build/main.o
HAL_GetDEVID                                      build/stm32f3xx_hal.o
HAL_GetHalVersion                                 build/stm32f3xx_hal.o
HAL_GetREVID                                      build/stm32f3xx_hal.o
HAL_GetTick                                       build/stm32f3xx_hal.o
                                                  build/stm32f3xx_hal_i2c.o
                                                  build/stm32f3xx_hal_flash.o
                                                  build/stm32f3xx_hal_rcc_ex.o
                                                  build/stm32f3xx_hal_rcc.o
                                                  build/stm32f3xx_hal_dma.o
HAL_GetUIDw0                                      build/stm32f3xx_hal.o
HAL_GetUIDw1                                      build/stm32f3xx_hal.o
HAL_GetUIDw2                                      build/stm32f3xx_hal.o
HAL_I2CEx_ConfigAnalogFilter                      build/stm32f3xx_hal_i2c_ex.o
HAL_I2CEx_ConfigDigitalFilter                     build/stm32f3xx_hal_i2c_ex.o
HAL_I2CEx_DisableFastModePlus                     build/stm32f3xx_hal_i2c_ex.o
HAL_I2CEx_DisableWakeUp                           build/stm32f3xx_hal_i2c_ex.o
HAL_I2CEx_EnableFastModePlus                      build/stm32f3xx_hal_i2c_ex.o
HAL_I2CEx_EnableWakeUp                            build/stm32f3xx_hal_i2c_ex.o
HAL_I2C_AbortCpltCallback                         build/stm32f3xx_hal_i2c.o
HAL_I2C_AddrCallback                              build/stm32f3xx_hal_i2c.o
HAL_I2C_DeInit                                    build/stm32f3xx_hal_i2c.o
HAL_I2C_DisableListen_IT                          build/stm32f3xx_hal_i2c.o
HAL_I2C_ER_IRQHandler                             build/stm32f3xx_hal_i2c.o
HAL_I2C_EV_IRQHandler                             build/stm32f3xx_hal_i2c.o
HAL_I2C_EnableListen_IT                           build/stm32f3xx_hal_i2c.o
HAL_I2C_ErrorCallback                             build/stm32f3xx_hal_i2c.o
HAL_I2C_GetError                                  build/stm32f3xx_hal_i2c.o
HAL_I2C_GetMode                                   build/stm32f3xx_hal_i2c.o
HAL_I2C_GetState                                  build/stm32f3xx_hal_i2c.o
HAL_I2C_Init                                      build/stm32f3xx_hal_i2c.o
HAL_I2C_IsDeviceReady                             build/stm32f3xx_hal_i2c.o
HAL_I2C_ListenCpltCallback                        build/stm32f3xx_hal_i2c.o
HAL_I2C_MasterRxCpltCallback                      build/stm32f3xx_hal_i2c.o
HAL_I2C_MasterTxCpltCallback                      build/stm32f3xx_hal_i2c.o
HAL_I2C_Master_Abort_IT                           build/stm32f3xx_hal_i2c.o
HAL_I2C_Master_Receive                            build/stm32f3xx_hal_i2c.o
HAL_I2C_Master_Receive_DMA                        build/stm32f3xx_hal_i2c.o
HAL_I2C_Master_Receive_IT                         build/stm32f3xx_hal_i2c.o
HAL_I2C_Master_Sequential_Receive_IT              build/stm32f3xx_hal_i2c.o
HAL_I2C_Master_Sequential_Transmit_IT             build/stm32f3xx_hal_i2c.o
HAL_I2C_Master_Transmit                           build/stm32f3xx_hal_i2c.o
HAL_I2C_Master_Transmit_DMA                       build/stm32f3xx_hal_i2c.o
HAL_I2C_Master_Transmit_IT                        build/stm32f3xx_hal_i2c.o
HAL_I2C_MemRxCpltCallback                         build/stm32f3xx_hal_i2c.o
HAL_I2C_MemTxCpltCallback                         build/stm32f3xx_hal_i2c.o
HAL_I2C_Mem_Read                                  build/stm32f3xx_hal_i2c.o
HAL_I2C_Mem_Read_DMA                              build/stm32f3xx_hal_i2c.o
HAL_I2C_Mem_Read_IT                               build/stm32f3xx_hal_i2c.o
HAL_I2C_Mem_Write                                 build/stm32f3xx_hal_i2c.o
HAL_I2C_Mem_Write_DMA                             build/stm32f3xx_hal_i2c.o
HAL_I2C_Mem_Write_IT                              build/stm32f3xx_hal_i2c.o
HAL_I2C_MspDeInit                                 build/stm32f3xx_hal_i2c.o
HAL_I2C_MspInit                                   build/stm32f3xx_hal_i2c.o
HAL_I2C_SlaveRxCpltCallback                       build/stm32f3xx_hal_i2c.o
HAL_I2C_SlaveTxCpltCallback                       build/stm32f3xx_hal_i2c.o
HAL_I2C_Slave_Receive                             build/stm32f3xx_hal_i2c.o
HAL_I2C_Slave_Receive_DMA                         build/stm32f3xx_hal_i2c.o
HAL_I2C_Slave_Receive_IT                          build/stm32f3xx_hal_i2c.o
HAL_I2C_Slave_Sequential_Receive_IT               build/stm32f3xx_hal_i2c.o
HAL_I2C_Slave_Sequential_Transmit_IT              build/stm32f3xx_hal_i2c.o
HAL_I2C_Slave_Transmit                            build/stm32f3xx_hal_i2c.o
HAL_I2C_Slave_Transmit_DMA                        build/stm32f3xx_hal_i2c.o
HAL_I2C_Slave_Transmit_IT                         build/stm32f3xx_hal_i2c.o
HAL_IncTick                                       build/stm32f3xx_hal.o
                                                  build/stm32f3xx_it.o
HAL_Init                                          build/stm32f3xx_hal.o
                                                  build/main.o
HAL_InitTick                                      build/stm32f3xx_hal.o
                                                  build/stm32f3xx_hal_rcc.o
HAL_MPU_ConfigRegion                              build/stm32f3xx_hal_cortex.o
HAL_MPU_Disable                                   build/stm32f3xx_hal_cortex.o
HAL_MPU_Enable                                    build/stm32f3xx_hal_cortex.o
HAL_MspDeInit                                     build/stm32f3xx_hal.o
HAL_MspInit                                       build/stm32f3xx_hal_msp.o
HAL_NVIC_ClearPendingIRQ                          build/stm32f3xx_hal_cortex.o
HAL_NVIC_DisableIRQ                               build/stm32f3xx_hal_cortex.o
HAL_NVIC_EnableIRQ                                build/stm32f3xx_hal_cortex.o
HAL_NVIC_GetActive                                build/stm32f3xx_hal_cortex.o
HAL_NVIC_GetPendingIRQ                            build/stm32f3xx_hal_cortex.o
HAL_NVIC_GetPriority                              build/stm32f3xx_hal_cortex.o
HAL_NVIC_GetPriorityGrouping                      build/stm32f3xx_hal_cortex.o
HAL_NVIC_SetPendingIRQ                            build/stm32f3xx_hal_cortex.o
HAL_NVIC_SetPriority                              build/stm32f3xx_hal_cortex.o
                                                  build/stm32f3xx_hal.o
                                                  build/main.o
                                                  build/stm32f3xx_hal_msp.o
HAL_NVIC_SetPriorityGrouping                      build/stm32f3xx_hal_cortex.o
                                                  build/stm32f3xx_hal.o
                                                  build/stm32f3xx_hal_msp.o
HAL_NVIC_SystemReset                              build/stm32f3xx_hal_cortex.o
HAL_PWR_ConfigPVD                                 build/stm32f3xx_hal_pwr_ex.o
HAL_PWR_DeInit                                    build/stm32f3xx_hal_pwr.o
HAL_PWR_DisableBkUpAccess                         build/stm32f3xx_hal_pwr.o
HAL_PWR_DisablePVD                                build/stm32f3xx_hal_pwr_ex.o
HAL_PWR_DisableSEVOnPend                          build/stm32f3xx_hal_pwr.o
HAL_PWR_DisableSleepOnExit                        build/stm32f3xx_hal_pwr.o
HAL_PWR_DisableWakeUpPin                          build/stm32f3xx_hal_pwr.o
HAL_PWR_EnableBkUpAccess                          build/stm32f3xx_hal_pwr.o
HAL_PWR_EnablePVD                                 build/stm32f3xx_hal_pwr_ex.o
HAL_PWR_EnableSEVOnPend                           build/stm32f3xx_hal_pwr.o
HAL_PWR_EnableSleepOnExit                         build/stm32f3xx_hal_pwr.o
HAL_PWR_EnableWakeUpPin                           build/stm32f3xx_hal_pwr.o
HAL_PWR_EnterSLEEPMode                            build/stm32f3xx_hal_pwr.o
HAL_PWR_EnterSTANDBYMode                          build/stm32f3xx_hal_pwr.o
HAL_PWR_EnterSTOPMode                             build/stm32f3xx_hal_pwr.o
HAL_PWR_PVDCallback                               build/stm32f3xx_hal_pwr_ex.o
HAL_PWR_PVD_IRQHandler                            build/stm32f3xx_hal_pwr_ex.o
HAL_RCCEx_GetPeriphCLKConfig                      build/stm32f3xx_hal_rcc_ex.o
HAL_RCCEx_GetPeriphCLKFreq                        build/stm32f3xx_hal_rcc_ex.o
HAL_RCCEx_PeriphCLKConfig                         build/stm32f3xx_hal_rcc_ex.o
HAL_RCC_CSSCallback                               build/stm32f3xx_hal_rcc.o
HAL_RCC_ClockConfig                               build/stm32f3xx_hal_rcc.o
                                                  build/main.o
HAL_RCC_DeInit                                    build/stm32f3xx_hal_rcc.o
HAL_RCC_DisableCSS                                build/stm32f3xx_hal_rcc.o
HAL_RCC_EnableCSS                                 build/stm32f3xx_hal_rcc.o
HAL_RCC_GetClockConfig                            build/stm32f3xx_hal_rcc.o
HAL_RCC_GetHCLKFreq                               build/stm32f3xx_hal_rcc.o
                                                  build/main.o
HAL_RCC_GetOscConfig                              build/stm32f3xx_hal_rcc.o
HAL_RCC_GetPCLK1Freq                              build/stm32f3xx_hal_rcc.o
                                                  build/stm32f3xx_hal_rcc_ex.o
HAL_RCC_GetPCLK2Freq                              build/stm32f3xx_hal_rcc.o
                                                  build/stm32f3xx_hal_rcc_ex.o
HAL_RCC_GetSysClockFreq                           build/stm32f3xx_hal_rcc.o
                                                  build/stm32f3xx_hal_rcc_ex.o
HAL_RCC_MCOConfig                                 build/stm32f3xx_hal_rcc.o
HAL_RCC_NMI_IRQHandler                            build/stm32f3xx_hal_rcc.o
HAL_RCC_OscConfig                                 build/stm32f3xx_hal_rcc.o
                                                  build/main.o
HAL_ResumeTick                                    build/stm32f3xx_hal.o
HAL_SYSTICK_CLKSourceConfig                       build/stm32f3xx_hal_cortex.o
                                                  build/main.o
HAL_SYSTICK_Callback                              build/stm32f3xx_hal_cortex.o
HAL_SYSTICK_Config                                build/stm32f3xx_hal_cortex.o
                                                  build/stm32f3xx_hal.o
                                                  build/main.o
HAL_SYSTICK_IRQHandler                            build/stm32f3xx_hal_cortex.o
                                                  build/stm32f3xx_it.o
HAL_SuspendTick                                   build/stm32f3xx_hal.o
HardFault_Handler                                 build/stm32f3xx_it.o
I2C1_ER_IRQHandler                                build/startup_stm32f303xc.o
I2C1_EV_IRQHandler                                build/startup_stm32f303xc.o
I2C2_ER_IRQHandler                                build/startup_stm32f303xc.o
I2C2_EV_IRQHandler                                build/startup_stm32f303xc.o
MemManage_Handler                                 build/stm32f3xx_it.o
NMI_Handler                                       build/stm32f3xx_it.o
PVD_IRQHandler                                    build/startup_stm32f303xc.o
PendSV_Handler                                    build/stm32f3xx_it.o
RCC_IRQHandler                                    build/startup_stm32f303xc.o
RTC_Alarm_IRQHandler                              build/startup_stm32f303xc.o
RTC_WKUP_IRQHandler                               build/startup_stm32f303xc.o
Reset_Handler                                     build/startup_stm32f303xc.o
SPI1_IRQHandler                                   build/startup_stm32f303xc.o
SPI2_IRQHandler                                   build/startup_stm32f303xc.o
SPI3_IRQHandler                                   build/startup_stm32f303xc.o
SVC_Handler                                       build/stm32f3xx_it.o
SysTick_Handler                                   build/stm32f3xx_it.o
SystemClock_Config                                build/main.o
SystemCoreClock                                   build/system_stm32f3xx.o
                                                  build/stm32f3xx_hal_rcc_ex.o
                                                  build/stm32f3xx_hal_rcc.o
                                                  build/stm32f3xx_hal.o
SystemCoreClockUpdate                             build/system_stm32f3xx.o
SystemInit                                        build/system_stm32f3xx.o
                                                  build/startup_stm32f303xc.o
TAMP_STAMP_IRQHandler                             build/startup_stm32f303xc.o
TIM1_BRK_TIM15_IRQHandler                         build/startup_stm32f303xc.o
TIM1_CC_IRQHandler                                build/startup_stm32f303xc.o
TIM1_TRG_COM_TIM17_IRQHandler                     build/startup_stm32f303xc.o
TIM1_UP_TIM16_IRQHandler                          build/startup_stm32f303xc.o
TIM2_IRQHandler                                   build/startup_stm32f303xc.o
TIM3_IRQHandler                                   build/startup_stm32f303xc.o
TIM4_IRQHandler                                   build/startup_stm32f303xc.o
TIM6_DAC_IRQHandler                               build/startup_stm32f303xc.o
TIM7_IRQHandler                                   build/startup_stm32f303xc.o
TIM8_BRK_IRQHandler                               build/startup_stm32f303xc.o
TIM8_CC_IRQHandler                                build/startup_stm32f303xc.o
TIM8_TRG_COM_IRQHandler                           build/startup_stm32f303xc.o
TIM8_UP_IRQHandler                                build/startup_stm32f303xc.o
UART4_IRQHandler                                  build/startup_stm32f303xc.o
UART5_IRQHandler                                  build/startup_stm32f303xc.o
USART1_IRQHandler                                 build/startup_stm32f303xc.o
USART2_IRQHandler                                 build/startup_stm32f303xc.o
USART3_IRQHandler                                 build/startup_stm32f303xc.o
USBWakeUp_IRQHandler                              build/startup_stm32f303xc.o
USBWakeUp_RMP_IRQHandler                          build/startup_stm32f303xc.o
USB_HP_CAN_TX_IRQHandler                          build/startup_stm32f303xc.o
USB_HP_IRQHandler                                 build/startup_stm32f303xc.o
USB_LP_CAN_RX0_IRQHandler                         build/startup_stm32f303xc.o
USB_LP_IRQHandler                                 build/startup_stm32f303xc.o
UsageFault_Handler                                build/stm32f3xx_it.o
WWDG_IRQHandler                                   build/startup_stm32f303xc.o
_Error_Handler                                    build/main.o
_ITM_deregisterTMCloneTable                       /home/saicharan/arm/lib/gcc/arm-none-eabi/6.3.0/crtbegin.o
_ITM_registerTMCloneTable                         /home/saicharan/arm/lib/gcc/arm-none-eabi/6.3.0/crtbegin.o
_Jv_RegisterClasses                               /home/saicharan/arm/lib/gcc/arm-none-eabi/6.3.0/crtbegin.o
__TMC_END__                                       /home/saicharan/arm/lib/gcc/arm-none-eabi/6.3.0/crtend.o
                                                  /home/saicharan/arm/lib/gcc/arm-none-eabi/6.3.0/crtbegin.o
__bss_end__                                       /home/saicharan/arm/lib/gcc/arm-none-eabi/6.3.0/../../../../arm-none-eabi/lib/crt0.o
__bss_start__                                     /home/saicharan/arm/lib/gcc/arm-none-eabi/6.3.0/../../../../arm-none-eabi/lib/crt0.o
__call_exitprocs                                  /home/saicharan/arm/lib/gcc/arm-none-eabi/6.3.0/../../../../arm-none-eabi/lib/libc_s.a(lib_a-exit.o)
__deregister_frame_info                           /home/saicharan/arm/lib/gcc/arm-none-eabi/6.3.0/crtbegin.o
__dso_handle                                      /home/saicharan/arm/lib/gcc/arm-none-eabi/6.3.0/crtbegin.o
__init_array_end                                  /home/saicharan/arm/lib/gcc/arm-none-eabi/6.3.0/../../../../arm-none-eabi/lib/libc_s.a(lib_a-init.o)
__init_array_start                                /home/saicharan/arm/lib/gcc/arm-none-eabi/6.3.0/../../../../arm-none-eabi/lib/libc_s.a(lib_a-init.o)
__libc_fini_array                                 /home/saicharan/arm/lib/gcc/arm-none-eabi/6.3.0/../../../../arm-none-eabi/lib/crt0.o
__libc_init_array                                 /home/saicharan/arm/lib/gcc/arm-none-eabi/6.3.0/../../../../arm-none-eabi/lib/libc_s.a(lib_a-init.o)
                                                  build/startup_stm32f303xc.o
                                                  /home/saicharan/arm/lib/gcc/arm-none-eabi/6.3.0/../../../../arm-none-eabi/lib/crt0.o
__preinit_array_end                               /home/saicharan/arm/lib/gcc/arm-none-eabi/6.3.0/../../../../arm-none-eabi/lib/libc_s.a(lib_a-init.o)
__preinit_array_start                             /home/saicharan/arm/lib/gcc/arm-none-eabi/6.3.0/../../../../arm-none-eabi/lib/libc_s.a(lib_a-init.o)
__register_frame_info                             /home/saicharan/arm/lib/gcc/arm-none-eabi/6.3.0/crtbegin.o
__sf_fake_stderr                                  /home/saicharan/arm/lib/gcc/arm-none-eabi/6.3.0/../../../../arm-none-eabi/lib/libc_s.a(lib_a-impure.o)
__sf_fake_stdin                                   /home/saicharan/arm/lib/gcc/arm-none-eabi/6.3.0/../../../../arm-none-eabi/lib/libc_s.a(lib_a-impure.o)
__sf_fake_stdout                                  /home/saicharan/arm/lib/gcc/arm-none-eabi/6.3.0/../../../../arm-none-eabi/lib/libc_s.a(lib_a-impure.o)
__stack                                           /home/saicharan/arm/lib/gcc/arm-none-eabi/6.3.0/../../../../arm-none-eabi/lib/crt0.o
_ebss                                             build/startup_stm32f303xc.o
_edata                                            build/startup_stm32f303xc.o
_estack                                           build/startup_stm32f303xc.o
_exit                                             /home/saicharan/arm/lib/gcc/arm-none-eabi/6.3.0/../../../../arm-none-eabi/lib/libnosys.a(_exit.o)
                                                  /home/saicharan/arm/lib/gcc/arm-none-eabi/6.3.0/../../../../arm-none-eabi/lib/libc_s.a(lib_a-exit.o)
_fini                                             /home/saicharan/arm/lib/gcc/arm-none-eabi/6.3.0/crti.o
_global_impure_ptr                                /home/saicharan/arm/lib/gcc/arm-none-eabi/6.3.0/../../../../arm-none-eabi/lib/libc_s.a(lib_a-impure.o)
                                                  /home/saicharan/arm/lib/gcc/arm-none-eabi/6.3.0/../../../../arm-none-eabi/lib/libc_s.a(lib_a-exit.o)
_impure_ptr                                       /home/saicharan/arm/lib/gcc/arm-none-eabi/6.3.0/../../../../arm-none-eabi/lib/libc_s.a(lib_a-impure.o)
_init                                             /home/saicharan/arm/lib/gcc/arm-none-eabi/6.3.0/crti.o
                                                  /home/saicharan/arm/lib/gcc/arm-none-eabi/6.3.0/../../../../arm-none-eabi/lib/libc_s.a(lib_a-init.o)
_mainCRTStartup                                   /home/saicharan/arm/lib/gcc/arm-none-eabi/6.3.0/../../../../arm-none-eabi/lib/crt0.o
_sbss                                             build/startup_stm32f303xc.o
_sdata                                            build/startup_stm32f303xc.o
_sidata                                           build/startup_stm32f303xc.o
_start                                            /home/saicharan/arm/lib/gcc/arm-none-eabi/6.3.0/../../../../arm-none-eabi/lib/crt0.o
aPLLMULFactorTable                                build/stm32f3xx_hal_rcc.o
aPredivFactorTable                                build/stm32f3xx_hal_rcc.o
atexit                                            /home/saicharan/arm/lib/gcc/arm-none-eabi/6.3.0/../../../../arm-none-eabi/lib/crt0.o
exit                                              /home/saicharan/arm/lib/gcc/arm-none-eabi/6.3.0/../../../../arm-none-eabi/lib/libc_s.a(lib_a-exit.o)
                                                  /home/saicharan/arm/lib/gcc/arm-none-eabi/6.3.0/../../../../arm-none-eabi/lib/crt0.o
g_pfnVectors                                      build/startup_stm32f303xc.o
hardware_init_hook                                /home/saicharan/arm/lib/gcc/arm-none-eabi/6.3.0/../../../../arm-none-eabi/lib/crt0.o
main                                              build/main.o
                                                  build/startup_stm32f303xc.o
                                                  /home/saicharan/arm/lib/gcc/arm-none-eabi/6.3.0/../../../../arm-none-eabi/lib/crt0.o
memset                                            /home/saicharan/arm/lib/gcc/arm-none-eabi/6.3.0/../../../../arm-none-eabi/lib/libc_s.a(lib_a-memset.o)
                                                  /home/saicharan/arm/lib/gcc/arm-none-eabi/6.3.0/../../../../arm-none-eabi/lib/crt0.o
pFlash                                            build/stm32f3xx_hal_flash.o
                                                  build/stm32f3xx_hal_flash_ex.o
software_init_hook                                /home/saicharan/arm/lib/gcc/arm-none-eabi/6.3.0/../../../../arm-none-eabi/lib/crt0.o
uwTick                                            build/stm32f3xx_hal.o
