Archive member included to satisfy reference by file (symbol)

/home/saicharan/arm/lib/gcc/arm-none-eabi/6.3.0/../../../../arm-none-eabi/lib/libc_s.a(lib_a-exit.o)
                              /home/saicharan/arm/lib/gcc/arm-none-eabi/6.3.0/../../../../arm-none-eabi/lib/crt0.o (exit)
/home/saicharan/arm/lib/gcc/arm-none-eabi/6.3.0/../../../../arm-none-eabi/lib/libc_s.a(lib_a-impure.o)
                              /home/saicharan/arm/lib/gcc/arm-none-eabi/6.3.0/../../../../arm-none-eabi/lib/libc_s.a(lib_a-exit.o) (_global_impure_ptr)
/home/saicharan/arm/lib/gcc/arm-none-eabi/6.3.0/../../../../arm-none-eabi/lib/libc_s.a(lib_a-init.o)
                              /home/saicharan/arm/lib/gcc/arm-none-eabi/6.3.0/../../../../arm-none-eabi/lib/crt0.o (__libc_init_array)
/home/saicharan/arm/lib/gcc/arm-none-eabi/6.3.0/../../../../arm-none-eabi/lib/libc_s.a(lib_a-memset.o)
                              /home/saicharan/arm/lib/gcc/arm-none-eabi/6.3.0/../../../../arm-none-eabi/lib/crt0.o (memset)
/home/saicharan/arm/lib/gcc/arm-none-eabi/6.3.0/../../../../arm-none-eabi/lib/libnosys.a(_exit.o)
                              /home/saicharan/arm/lib/gcc/arm-none-eabi/6.3.0/../../../../arm-none-eabi/lib/libc_s.a(lib_a-exit.o) (_exit)

Allocating common symbols
Common symbol       size              file

uwTick              0x4               build/stm32f3xx_hal.o
pFlash              0x20              build/stm32f3xx_hal_flash.o

Discarded input sections

 .text          0x0000000000000000        0x0 /home/saicharan/arm/lib/gcc/arm-none-eabi/6.3.0/crti.o
 .data          0x0000000000000000        0x0 /home/saicharan/arm/lib/gcc/arm-none-eabi/6.3.0/crti.o
 .bss           0x0000000000000000        0x0 /home/saicharan/arm/lib/gcc/arm-none-eabi/6.3.0/crti.o
 .data          0x0000000000000000        0x4 /home/saicharan/arm/lib/gcc/arm-none-eabi/6.3.0/crtbegin.o
 .text          0x0000000000000000       0x74 /home/saicharan/arm/lib/gcc/arm-none-eabi/6.3.0/../../../../arm-none-eabi/lib/crt0.o
 .data          0x0000000000000000        0x0 /home/saicharan/arm/lib/gcc/arm-none-eabi/6.3.0/../../../../arm-none-eabi/lib/crt0.o
 .bss           0x0000000000000000        0x0 /home/saicharan/arm/lib/gcc/arm-none-eabi/6.3.0/../../../../arm-none-eabi/lib/crt0.o
 .ARM.extab     0x0000000000000000        0x0 /home/saicharan/arm/lib/gcc/arm-none-eabi/6.3.0/../../../../arm-none-eabi/lib/crt0.o
 .ARM.exidx     0x0000000000000000        0x8 /home/saicharan/arm/lib/gcc/arm-none-eabi/6.3.0/../../../../arm-none-eabi/lib/crt0.o
 .debug_line    0x0000000000000000       0x97 /home/saicharan/arm/lib/gcc/arm-none-eabi/6.3.0/../../../../arm-none-eabi/lib/crt0.o
 .debug_info    0x0000000000000000       0xab /home/saicharan/arm/lib/gcc/arm-none-eabi/6.3.0/../../../../arm-none-eabi/lib/crt0.o
 .debug_abbrev  0x0000000000000000       0x14 /home/saicharan/arm/lib/gcc/arm-none-eabi/6.3.0/../../../../arm-none-eabi/lib/crt0.o
 .debug_aranges
                0x0000000000000000       0x20 /home/saicharan/arm/lib/gcc/arm-none-eabi/6.3.0/../../../../arm-none-eabi/lib/crt0.o
 .ARM.attributes
                0x0000000000000000       0x25 /home/saicharan/arm/lib/gcc/arm-none-eabi/6.3.0/../../../../arm-none-eabi/lib/crt0.o
 .text          0x0000000000000000        0x0 build/stm32f3xx_hal_rcc.o
 .data          0x0000000000000000        0x0 build/stm32f3xx_hal_rcc.o
 .bss           0x0000000000000000        0x0 build/stm32f3xx_hal_rcc.o
 .text.HAL_RCC_DeInit
                0x0000000000000000       0x48 build/stm32f3xx_hal_rcc.o
 .text.HAL_RCC_MCOConfig
                0x0000000000000000       0xa0 build/stm32f3xx_hal_rcc.o
 .text.HAL_RCC_EnableCSS
                0x0000000000000000       0x1c build/stm32f3xx_hal_rcc.o
 .text.HAL_RCC_DisableCSS
                0x0000000000000000       0x1c build/stm32f3xx_hal_rcc.o
 .text.HAL_RCC_GetPCLK1Freq
                0x0000000000000000       0x2c build/stm32f3xx_hal_rcc.o
 .text.HAL_RCC_GetPCLK2Freq
                0x0000000000000000       0x2c build/stm32f3xx_hal_rcc.o
 .text.HAL_RCC_GetOscConfig
                0x0000000000000000       0xd8 build/stm32f3xx_hal_rcc.o
 .text.HAL_RCC_GetClockConfig
                0x0000000000000000       0x64 build/stm32f3xx_hal_rcc.o
 .text.HAL_RCC_CSSCallback
                0x0000000000000000        0x2 build/stm32f3xx_hal_rcc.o
 .text.HAL_RCC_NMI_IRQHandler
                0x0000000000000000       0x24 build/stm32f3xx_hal_rcc.o
 .text          0x0000000000000000        0x0 build/stm32f3xx_hal_flash_ex.o
 .data          0x0000000000000000        0x0 build/stm32f3xx_hal_flash_ex.o
 .bss           0x0000000000000000        0x0 build/stm32f3xx_hal_flash_ex.o
 .text.FLASH_MassErase
                0x0000000000000000       0x24 build/stm32f3xx_hal_flash_ex.o
 .text.FLASH_OB_GetWRP
                0x0000000000000000        0xc build/stm32f3xx_hal_flash_ex.o
 .text.FLASH_OB_GetRDP
                0x0000000000000000       0x20 build/stm32f3xx_hal_flash_ex.o
 .text.FLASH_OB_RDP_LevelConfig
[...]
Memory Configuration

Name             Origin             Length             Attributes
RAM              0x0000000020000000 0x000000000000a000 xrw
CCMRAM           0x0000000010000000 0x0000000000002000 rw
FLASH            0x0000000008000000 0x0000000000040000 xr
*default*        0x0000000000000000 0xffffffffffffffff

Linker script and memory map

LOAD /home/saicharan/arm/lib/gcc/arm-none-eabi/6.3.0/crti.o
LOAD /home/saicharan/arm/lib/gcc/arm-none-eabi/6.3.0/crtbegin.o
LOAD /home/saicharan/arm/lib/gcc/arm-none-eabi/6.3.0/../../../../arm-none-eabi/lib/crt0.o
LOAD build/stm32f3xx_hal_rcc.o
LOAD build/stm32f3xx_hal_flash_ex.o
LOAD build/stm32f3xx_hal_dma.o
LOAD build/stm32f3xx_hal_gpio.o
LOAD build/stm32f3xx_hal_tim.o
LOAD build/stm32f3xx_hal_rcc_ex.o
LOAD build/stm32f3xx_hal_pwr.o
LOAD build/stm32f3xx_hal_i2c_ex.o
LOAD build/stm32f3xx_hal_flash.o
LOAD build/stm32f3xx_it.o
LOAD build/stm32f3xx_hal_cortex.o
LOAD build/stm32f3xx_hal.o
LOAD build/stm32f3xx_hal_pwr_ex.o
LOAD build/stm32f3xx_hal_msp.o
LOAD build/stm32f3xx_hal_i2c.o
LOAD build/stm32f3xx_hal_tim_ex.o
LOAD build/system_stm32f3xx.o
LOAD build/main.o
LOAD build/startup_stm32f303xc.o
LOAD /home/saicharan/arm/lib/gcc/arm-none-eabi/6.3.0/../../../../arm-none-eabi/lib/libc_s.a
LOAD /home/saicharan/arm/lib/gcc/arm-none-eabi/6.3.0/../../../../arm-none-eabi/lib/libm.a
LOAD /home/saicharan/arm/lib/gcc/arm-none-eabi/6.3.0/../../../../arm-none-eabi/lib/libnosys.a
START GROUP
LOAD /home/saicharan/arm/lib/gcc/arm-none-eabi/6.3.0/libgcc.a
LOAD /home/saicharan/arm/lib/gcc/arm-none-eabi/6.3.0/../../../../arm-none-eabi/lib/libc_s.a
END GROUP
START GROUP
LOAD /home/saicharan/arm/lib/gcc/arm-none-eabi/6.3.0/libgcc.a
LOAD /home/saicharan/arm/lib/gcc/arm-none-eabi/6.3.0/../../../../arm-none-eabi/lib/libc_s.a
END GROUP
LOAD /home/saicharan/arm/lib/gcc/arm-none-eabi/6.3.0/crtend.o
LOAD /home/saicharan/arm/lib/gcc/arm-none-eabi/6.3.0/crtn.o
                0x000000002000a000                _estack = 0x2000a000
                0x0000000000000200                _Min_Heap_Size = 0x200
                0x0000000000000400                _Min_Stack_Size = 0x400

.isr_vector     0x0000000008000000      0x188
                0x0000000008000000                . = ALIGN (0x4)
 *(.isr_vector)
 .isr_vector    0x0000000008000000      0x188 build/startup_stm32f303xc.o
                0x0000000008000000                g_pfnVectors
                0x0000000008000188                . = ALIGN (0x4)

.text           0x0000000008000188     0x1288
                0x0000000008000188                . = ALIGN (0x4)
 *(.text)
 .text          0x0000000008000188       0xa4 /home/saicharan/arm/lib/gcc/arm-none-eabi/6.3.0/crtbegin.o
 .text          0x000000000800022c       0x50 /home/saicharan/arm/lib/gcc/arm-none-eabi/6.3.0/../../../../arm-none-eabi/lib/libc_s.a(lib_a-init.o)
                0x000000000800022c                __libc_init_array
 *(.text*)
 .text.HAL_RCC_OscConfig
                0x000000000800027c      0x730 build/stm32f3xx_hal_rcc.o
                0x000000000800027c                HAL_RCC_OscConfig
 .text.HAL_RCC_GetSysClockFreq
                0x00000000080009ac       0x70 build/stm32f3xx_hal_rcc.o
                0x00000000080009ac                HAL_RCC_GetSysClockFreq
 .text.HAL_RCC_ClockConfig
                0x0000000008000a1c      0x298 build/stm32f3xx_hal_rcc.o
                0x0000000008000a1c                HAL_RCC_ClockConfig
 .text.HAL_RCC_GetHCLKFreq
                0x0000000008000cb4        0xc build/stm32f3xx_hal_rcc.o
                0x0000000008000cb4                HAL_RCC_GetHCLKFreq
 .text.HAL_GPIO_Init
                0x0000000008000cc0      0x2c0 build/stm32f3xx_hal_gpio.o
                0x0000000008000cc0                HAL_GPIO_Init
 .text.HAL_GPIO_WritePin
                0x0000000008000f80       0x34 build/stm32f3xx_hal_gpio.o
                0x0000000008000f80                HAL_GPIO_WritePin
 .text.HAL_GPIO_TogglePin
                0x0000000008000fb4       0x20 build/stm32f3xx_hal_gpio.o
                0x0000000008000fb4                HAL_GPIO_TogglePin
 .text.NMI_Handler
                0x0000000008000fd4        0x2 build/stm32f3xx_it.o
                0x0000000008000fd4                NMI_Handler
 .text.HardFault_Handler
                0x0000000008000fd6        0x2 build/stm32f3xx_it.o
                0x0000000008000fd6                HardFault_Handler
 .text.MemManage_Handler
                0x0000000008000fd8        0x2 build/stm32f3xx_it.o
                0x0000000008000fd8                MemManage_Handler
 .text.BusFault_Handler
                0x0000000008000fda        0x2 build/stm32f3xx_it.o
                0x0000000008000fda                BusFault_Handler
 .text.UsageFault_Handler
                0x0000000008000fdc        0x2 build/stm32f3xx_it.o
                0x0000000008000fdc                UsageFault_Handler
 .text.SVC_Handler
                0x0000000008000fde        0x2 build/stm32f3xx_it.o
                0x0000000008000fde                SVC_Handler
 .text.DebugMon_Handler
                0x0000000008000fe0        0x2 build/stm32f3xx_it.o
                0x0000000008000fe0                DebugMon_Handler
 .text.PendSV_Handler
                0x0000000008000fe2        0x2 build/stm32f3xx_it.o
                0x0000000008000fe2                PendSV_Handler
 .text.SysTick_Handler
                0x0000000008000fe4        0xc build/stm32f3xx_it.o
                0x0000000008000fe4                SysTick_Handler
 .text.HAL_NVIC_SetPriorityGrouping
                0x0000000008000ff0       0x3c build/stm32f3xx_hal_cortex.o
                0x0000000008000ff0                HAL_NVIC_SetPriorityGrouping
 .text.HAL_NVIC_SetPriority
                0x000000000800102c       0x88 build/stm32f3xx_hal_cortex.o
                0x000000000800102c                HAL_NVIC_SetPriority
 .text.HAL_SYSTICK_Config
                0x00000000080010b4       0x2c build/stm32f3xx_hal_cortex.o
                0x00000000080010b4                HAL_SYSTICK_Config
 .text.HAL_SYSTICK_CLKSourceConfig
                0x00000000080010e0       0x3c build/stm32f3xx_hal_cortex.o
                0x00000000080010e0                HAL_SYSTICK_CLKSourceConfig
 .text.HAL_SYSTICK_Callback
                0x000000000800111c        0x2 build/stm32f3xx_hal_cortex.o
                0x000000000800111c                HAL_SYSTICK_Callback
 .text.HAL_SYSTICK_IRQHandler
                0x000000000800111e        0x8 build/stm32f3xx_hal_cortex.o
                0x000000000800111e                HAL_SYSTICK_IRQHandler
 *fill*         0x0000000008001126        0x2 
 .text.HAL_InitTick
                0x0000000008001128       0x2c build/stm32f3xx_hal.o
                0x0000000008001128                HAL_InitTick
 .text.HAL_Init
                0x0000000008001154       0x24 build/stm32f3xx_hal.o
                0x0000000008001154                HAL_Init
 .text.HAL_IncTick
                0x0000000008001178       0x10 build/stm32f3xx_hal.o
                0x0000000008001178                HAL_IncTick
 .text.HAL_GetTick
                0x0000000008001188        0xc build/stm32f3xx_hal.o
                0x0000000008001188                HAL_GetTick
 .text.HAL_Delay
                0x0000000008001194       0x24 build/stm32f3xx_hal.o
                0x0000000008001194                HAL_Delay
 .text.HAL_MspInit
                0x00000000080011b8       0x7c build/stm32f3xx_hal_msp.o
                0x00000000080011b8                HAL_MspInit
 .text.SystemInit
                0x0000000008001234       0x68 build/system_stm32f3xx.o
                0x0000000008001234                SystemInit
 .text.MX_GPIO_Init
                0x000000000800129c       0x4c build/main.o
 .text._Error_Handler
                0x00000000080012e8        0x2 build/main.o
                0x00000000080012e8                _Error_Handler
 *fill*         0x00000000080012ea        0x2 
 .text.SystemClock_Config
                0x00000000080012ec       0x80 build/main.o
                0x00000000080012ec                SystemClock_Config
 .text.main     0x000000000800136c       0x34 build/main.o
                0x000000000800136c                main
 .text.assert_failed
                0x00000000080013a0        0x2 build/main.o
                0x00000000080013a0                assert_failed
 *fill*         0x00000000080013a2        0x2 
 .text.Reset_Handler
                0x00000000080013a4       0x50 build/startup_stm32f303xc.o
                0x00000000080013a4                Reset_Handler
 .text.Default_Handler
                0x00000000080013f4        0x2 build/startup_stm32f303xc.o
                0x00000000080013f4                RTC_Alarm_IRQHandler
                0x00000000080013f4                TIM8_TRG_COM_IRQHandler
                0x00000000080013f4                TIM8_CC_IRQHandler
                0x00000000080013f4                TIM1_CC_IRQHandler
                0x00000000080013f4                USB_HP_IRQHandler
                0x00000000080013f4                PVD_IRQHandler
                0x00000000080013f4                TAMP_STAMP_IRQHandler
                0x00000000080013f4                EXTI3_IRQHandler
                0x00000000080013f4                USB_HP_CAN_TX_IRQHandler
                0x00000000080013f4                EXTI0_IRQHandler
                0x00000000080013f4                I2C2_EV_IRQHandler
                0x00000000080013f4                FPU_IRQHandler
                0x00000000080013f4                TIM1_UP_TIM16_IRQHandler
                0x00000000080013f4                ADC1_2_IRQHandler
                0x00000000080013f4                SPI1_IRQHandler
                0x00000000080013f4                CAN_SCE_IRQHandler
                0x00000000080013f4                TIM6_DAC_IRQHandler
                0x00000000080013f4                TIM8_UP_IRQHandler
                0x00000000080013f4                DMA2_Channel2_IRQHandler
                0x00000000080013f4                DMA1_Channel4_IRQHandler
                0x00000000080013f4                USART3_IRQHandler
                0x00000000080013f4                DMA1_Channel7_IRQHandler
                0x00000000080013f4                UART5_IRQHandler
                0x00000000080013f4                ADC3_IRQHandler
                0x00000000080013f4                TIM4_IRQHandler
                0x00000000080013f4                CAN_RX1_IRQHandler
                0x00000000080013f4                DMA2_Channel1_IRQHandler
                0x00000000080013f4                I2C1_EV_IRQHandler
                0x00000000080013f4                DMA1_Channel6_IRQHandler
                0x00000000080013f4                UART4_IRQHandler
                0x00000000080013f4                DMA2_Channel4_IRQHandler
                0x00000000080013f4                TIM3_IRQHandler
                0x00000000080013f4                RCC_IRQHandler
                0x00000000080013f4                DMA1_Channel1_IRQHandler
                0x00000000080013f4                Default_Handler
                0x00000000080013f4                USBWakeUp_RMP_IRQHandler
                0x00000000080013f4                EXTI15_10_IRQHandler
                0x00000000080013f4                TIM7_IRQHandler
                0x00000000080013f4                EXTI9_5_IRQHandler
                0x00000000080013f4                RTC_WKUP_IRQHandler
                0x00000000080013f4                SPI2_IRQHandler
                0x00000000080013f4                USB_LP_CAN_RX0_IRQHandler
                0x00000000080013f4                DMA2_Channel5_IRQHandler
                0x00000000080013f4                DMA1_Channel5_IRQHandler
                0x00000000080013f4                USB_LP_IRQHandler
                0x00000000080013f4                EXTI4_IRQHandler
                0x00000000080013f4                TIM1_TRG_COM_TIM17_IRQHandler
                0x00000000080013f4                DMA1_Channel3_IRQHandler
                0x00000000080013f4                ADC4_IRQHandler
                0x00000000080013f4                WWDG_IRQHandler
                0x00000000080013f4                TIM2_IRQHandler
                0x00000000080013f4                COMP7_IRQHandler
                0x00000000080013f4                COMP1_2_3_IRQHandler
                0x00000000080013f4                EXTI1_IRQHandler
                0x00000000080013f4                USART2_IRQHandler
                0x00000000080013f4                COMP4_5_6_IRQHandler
                0x00000000080013f4                I2C2_ER_IRQHandler
                0x00000000080013f4                DMA1_Channel2_IRQHandler
                0x00000000080013f4                TIM8_BRK_IRQHandler
                0x00000000080013f4                FLASH_IRQHandler
                0x00000000080013f4                USART1_IRQHandler
                0x00000000080013f4                SPI3_IRQHandler
                0x00000000080013f4                I2C1_ER_IRQHandler
                0x00000000080013f4                USBWakeUp_IRQHandler
                0x00000000080013f4                DMA2_Channel3_IRQHandler
                0x00000000080013f4                EXTI2_TSC_IRQHandler
                0x00000000080013f4                TIM1_BRK_TIM15_IRQHandler
 *(.glue_7)
 .glue_7        0x00000000080013f6        0x0 linker stubs
 *(.glue_7t)
 .glue_7t       0x00000000080013f6        0x0 linker stubs
 *(.eh_frame)
 *fill*         0x00000000080013f6        0x2 
 .eh_frame      0x00000000080013f8        0x0 /home/saicharan/arm/lib/gcc/arm-none-eabi/6.3.0/crtbegin.o
 *(.init)
 .init          0x00000000080013f8        0x4 /home/saicharan/arm/lib/gcc/arm-none-eabi/6.3.0/crti.o
                0x00000000080013f8                _init
 .init          0x00000000080013fc        0x8 /home/saicharan/arm/lib/gcc/arm-none-eabi/6.3.0/crtn.o
 *(.fini)
 .fini          0x0000000008001404        0x4 /home/saicharan/arm/lib/gcc/arm-none-eabi/6.3.0/crti.o
                0x0000000008001404                _fini
 .fini          0x0000000008001408        0x8 /home/saicharan/arm/lib/gcc/arm-none-eabi/6.3.0/crtn.o
                0x0000000008001410                . = ALIGN (0x4)
                0x0000000008001410                _etext = .

.vfp11_veneer   0x0000000008001410        0x0
 .vfp11_veneer  0x0000000008001410        0x0 linker stubs

.v4_bx          0x0000000008001410        0x0
 .v4_bx         0x0000000008001410        0x0 linker stubs

.iplt           0x0000000008001410        0x0
 .iplt          0x0000000008001410        0x0 /home/saicharan/arm/lib/gcc/arm-none-eabi/6.3.0/crtbegin.o

.rodata         0x0000000008001410       0xe4
                0x0000000008001410                . = ALIGN (0x4)
 *(.rodata)
 *(.rodata*)
 .rodata.HAL_RCC_OscConfig.str1.4
                0x0000000008001410       0x35 build/stm32f3xx_hal_rcc.o
 *fill*         0x0000000008001445        0x3 
 .rodata.aPLLMULFactorTable
                0x0000000008001448       0x10 build/stm32f3xx_hal_rcc.o
                0x0000000008001448                aPLLMULFactorTable
 .rodata.aPredivFactorTable
                0x0000000008001458       0x10 build/stm32f3xx_hal_rcc.o
                0x0000000008001458                aPredivFactorTable
 .rodata.HAL_GPIO_Init.str1.4
                0x0000000008001468       0x36 build/stm32f3xx_hal_gpio.o
 *fill*         0x000000000800149e        0x2 
 .rodata.HAL_NVIC_SetPriorityGrouping.str1.4
                0x00000000080014a0       0x38 build/stm32f3xx_hal_cortex.o
 .rodata.AHBPrescTable
                0x00000000080014d8       0x10 build/system_stm32f3xx.o
                0x00000000080014d8                AHBPrescTable
 .rodata.SystemClock_Config.str1.4
                0x00000000080014e8        0xc build/main.o
                                          0xb (size before relaxing)
                0x00000000080014f4                . = ALIGN (0x4)

.rel.dyn        0x00000000080014f4        0x0
 .rel.iplt      0x00000000080014f4        0x0 /home/saicharan/arm/lib/gcc/arm-none-eabi/6.3.0/crtbegin.o

.ARM.extab
 *(.ARM.extab* .gnu.linkonce.armextab.*)

.ARM            0x00000000080014f4        0x0
                0x00000000080014f4                __exidx_start = .
 *(.ARM.exidx*)
                0x00000000080014f4                __exidx_end = .

.preinit_array  0x00000000080014f4        0x0
                0x00000000080014f4                PROVIDE (__preinit_array_start, .)
 *(.preinit_array*)
                0x00000000080014f4                PROVIDE (__preinit_array_end, .)

.init_array     0x00000000080014f4        0x4
                0x00000000080014f4                PROVIDE (__init_array_start, .)
 *(SORT(.init_array.*))
 *(.init_array*)
 .init_array    0x00000000080014f4        0x4 /home/saicharan/arm/lib/gcc/arm-none-eabi/6.3.0/crtbegin.o
                0x00000000080014f8                PROVIDE (__init_array_end, .)

.fini_array     0x00000000080014f8        0x4
                [!provide]                        PROVIDE (__fini_array_start, .)
 *(SORT(.fini_array.*))
 *(.fini_array*)
 .fini_array    0x00000000080014f8        0x4 /home/saicharan/arm/lib/gcc/arm-none-eabi/6.3.0/crtbegin.o
                [!provide]                        PROVIDE (__fini_array_end, .)
                0x00000000080014fc                _sidata = LOADADDR (.data)

.data           0x0000000020000000        0x4 load address 0x00000000080014fc
                0x0000000020000000                . = ALIGN (0x4)
                0x0000000020000000                _sdata = .
 *(.data)
 *(.data*)
 .data.SystemCoreClock
                0x0000000020000000        0x4 build/system_stm32f3xx.o
                0x0000000020000000                SystemCoreClock
                0x0000000020000004                . = ALIGN (0x4)
                0x0000000020000004                _edata = .
                0x0000000008001500                _siccmram = LOADADDR (.ccmram)

.jcr            0x0000000020000004        0x0 load address 0x0000000008001500
 .jcr           0x0000000020000004        0x0 /home/saicharan/arm/lib/gcc/arm-none-eabi/6.3.0/crtbegin.o

.tm_clone_table
                0x0000000020000004        0x0 load address 0x0000000008001500
 .tm_clone_table
                0x0000000020000004        0x0 /home/saicharan/arm/lib/gcc/arm-none-eabi/6.3.0/crtbegin.o
 .tm_clone_table
                0x0000000020000004        0x0 /home/saicharan/arm/lib/gcc/arm-none-eabi/6.3.0/crtend.o

.igot.plt       0x0000000020000004        0x0 load address 0x0000000008001500
 .igot.plt      0x0000000020000004        0x0 /home/saicharan/arm/lib/gcc/arm-none-eabi/6.3.0/crtbegin.o

.ccmram         0x0000000010000000        0x0 load address 0x0000000008001500
                0x0000000010000000                . = ALIGN (0x4)
                0x0000000010000000                _sccmram = .
 *(.ccmram)
 *(.ccmram*)
                0x0000000010000000                . = ALIGN (0x4)
                0x0000000010000000                _eccmram = .
                0x0000000010000000                . = ALIGN (0x4)

.bss            0x0000000020000004       0x20
                0x0000000020000004                _sbss = .
                0x0000000020000004                __bss_start__ = _sbss
 *(.bss)
 .bss           0x0000000020000004       0x1c /home/saicharan/arm/lib/gcc/arm-none-eabi/6.3.0/crtbegin.o
 *(.bss*)
 *(COMMON)
 COMMON         0x0000000020000020        0x4 build/stm32f3xx_hal.o
                0x0000000020000020                uwTick
                0x0000000020000024                . = ALIGN (0x4)
                0x0000000020000024                _ebss = .
                0x0000000020000024                __bss_end__ = _ebss

._user_heap_stack
                0x0000000020000024      0x604
                0x0000000020000028                . = ALIGN (0x8)
 *fill*         0x0000000020000024        0x4 
                [!provide]                        PROVIDE (end, .)
                [!provide]                        PROVIDE (_end, .)
                0x0000000020000228                . = (. + _Min_Heap_Size)
 *fill*         0x0000000020000028      0x200 
                0x0000000020000628                . = (. + _Min_Stack_Size)
 *fill*         0x0000000020000228      0x400 
                0x0000000020000628                . = ALIGN (0x8)

/DISCARD/
 libc.a(*)
 libm.a(*)
 libgcc.a(*)

.ARM.attributes
                0x0000000000000000       0x35
 *(.ARM.attributes)
 .ARM.attributes
                0x0000000000000000       0x27 /home/saicharan/arm/lib/gcc/arm-none-eabi/6.3.0/crti.o
 .ARM.attributes
                0x0000000000000027       0x39 /home/saicharan/arm/lib/gcc/arm-none-eabi/6.3.0/crtbegin.o
 .ARM.attributes
                0x0000000000000060       0x39 build/stm32f3xx_hal_rcc.o
 .ARM.attributes
                0x0000000000000099       0x39 build/stm32f3xx_hal_gpio.o
 .ARM.attributes
                0x00000000000000d2       0x39 build/stm32f3xx_it.o
 .ARM.attributes
                0x000000000000010b       0x39 build/stm32f3xx_hal_cortex.o
 .ARM.attributes
                0x0000000000000144       0x39 build/stm32f3xx_hal.o
 .ARM.attributes
                0x000000000000017d       0x39 build/stm32f3xx_hal_msp.o
 .ARM.attributes
                0x00000000000001b6       0x39 build/system_stm32f3xx.o
 .ARM.attributes
                0x00000000000001ef       0x39 build/main.o
 .ARM.attributes
                0x0000000000000228       0x21 build/startup_stm32f303xc.o
 .ARM.attributes
                0x0000000000000249       0x39 /home/saicharan/arm/lib/gcc/arm-none-eabi/6.3.0/../../../../arm-none-eabi/lib/libc_s.a(lib_a-init.o)
 .ARM.attributes
                0x0000000000000282       0x39 /home/saicharan/arm/lib/gcc/arm-none-eabi/6.3.0/crtend.o
 .ARM.attributes
                0x00000000000002bb       0x27 /home/saicharan/arm/lib/gcc/arm-none-eabi/6.3.0/crtn.o
OUTPUT(build/Blink_LEDs.elf elf32-littlearm)

.comment        0x0000000000000000       0x11
 .comment       0x0000000000000000       0x11 /home/saicharan/arm/lib/gcc/arm-none-eabi/6.3.0/crtbegin.o
                                         0x12 (size before relaxing)
 .comment       0x0000000000000011       0x12 build/stm32f3xx_hal_rcc.o
 .comment       0x0000000000000011       0x12 build/stm32f3xx_hal_gpio.o
 .comment       0x0000000000000011       0x12 build/stm32f3xx_it.o
 .comment       0x0000000000000011       0x12 build/stm32f3xx_hal_cortex.o
 .comment       0x0000000000000011       0x12 build/stm32f3xx_hal.o
 .comment       0x0000000000000011       0x12 build/stm32f3xx_hal_msp.o
 .comment       0x0000000000000011       0x12 build/system_stm32f3xx.o
 .comment       0x0000000000000011       0x12 build/main.o
 .comment       0x0000000000000011       0x12 /home/saicharan/arm/lib/gcc/arm-none-eabi/6.3.0/../../../../arm-none-eabi/lib/libc_s.a(lib_a-init.o)
 .comment       0x0000000000000011       0x12 /home/saicharan/arm/lib/gcc/arm-none-eabi/6.3.0/crtend.o

.debug_info     0x0000000000000000     0x9802
 .debug_info    0x0000000000000000     0x1ffc build/stm32f3xx_hal_rcc.o
 .debug_info    0x0000000000001ffc     0x120d build/stm32f3xx_hal_gpio.o
 .debug_info    0x0000000000003209      0xb04 build/stm32f3xx_it.o
 .debug_info    0x0000000000003d0d     0x1a8e build/stm32f3xx_hal_cortex.o
 .debug_info    0x000000000000579b     0x1137 build/stm32f3xx_hal.o
 .debug_info    0x00000000000068d2      0xdf3 build/stm32f3xx_hal_msp.o
 .debug_info    0x00000000000076c5      0xd51 build/system_stm32f3xx.o
 .debug_info    0x0000000000008416     0x1246 build/main.o
 .debug_info    0x000000000000965c       0x9a build/startup_stm32f303xc.o
 .debug_info    0x00000000000096f6      0x10c /home/saicharan/arm/lib/gcc/arm-none-eabi/6.3.0/../../../../arm-none-eabi/lib/libc_s.a(lib_a-init.o)

.debug_abbrev   0x0000000000000000     0x154a
 .debug_abbrev  0x0000000000000000      0x350 build/stm32f3xx_hal_rcc.o
 .debug_abbrev  0x0000000000000350      0x2cf build/stm32f3xx_hal_gpio.o
 .debug_abbrev  0x000000000000061f      0x1c0 build/stm32f3xx_it.o
 .debug_abbrev  0x00000000000007df      0x397 build/stm32f3xx_hal_cortex.o
 .debug_abbrev  0x0000000000000b76      0x2af build/stm32f3xx_hal.o
 .debug_abbrev  0x0000000000000e25      0x20b build/stm32f3xx_hal_msp.o
 .debug_abbrev  0x0000000000001030      0x1dd build/system_stm32f3xx.o
 .debug_abbrev  0x000000000000120d      0x273 build/main.o
 .debug_abbrev  0x0000000000001480       0x12 build/startup_stm32f303xc.o
 .debug_abbrev  0x0000000000001492       0xb8 /home/saicharan/arm/lib/gcc/arm-none-eabi/6.3.0/../../../../arm-none-eabi/lib/libc_s.a(lib_a-init.o)

.debug_loc      0x0000000000000000     0x1caa
 .debug_loc     0x0000000000000000      0xad6 build/stm32f3xx_hal_rcc.o
 .debug_loc     0x0000000000000ad6      0x600 build/stm32f3xx_hal_gpio.o
 .debug_loc     0x00000000000010d6       0x20 build/stm32f3xx_it.o
 .debug_loc     0x00000000000010f6      0x830 build/stm32f3xx_hal_cortex.o
 .debug_loc     0x0000000000001926      0x101 build/stm32f3xx_hal.o
 .debug_loc     0x0000000000001a27       0x38 build/stm32f3xx_hal_msp.o
 .debug_loc     0x0000000000001a5f       0xff build/system_stm32f3xx.o
 .debug_loc     0x0000000000001b5e       0x9e build/main.o
 .debug_loc     0x0000000000001bfc       0xae /home/saicharan/arm/lib/gcc/arm-none-eabi/6.3.0/../../../../arm-none-eabi/lib/libc_s.a(lib_a-init.o)

.debug_aranges  0x0000000000000000      0x380
 .debug_aranges
                0x0000000000000000       0x88 build/stm32f3xx_hal_rcc.o
 .debug_aranges
                0x0000000000000088       0x58 build/stm32f3xx_hal_gpio.o
 .debug_aranges
                0x00000000000000e0       0x60 build/stm32f3xx_it.o
 .debug_aranges
                0x0000000000000140       0xa8 build/stm32f3xx_hal_cortex.o
 .debug_aranges
                0x00000000000001e8       0xc8 build/stm32f3xx_hal.o
 .debug_aranges
                0x00000000000002b0       0x20 build/stm32f3xx_hal_msp.o
 .debug_aranges
                0x00000000000002d0       0x28 build/system_stm32f3xx.o
 .debug_aranges
                0x00000000000002f8       0x40 build/main.o
 .debug_aranges
                0x0000000000000338       0x28 build/startup_stm32f303xc.o
 .debug_aranges
                0x0000000000000360       0x20 /home/saicharan/arm/lib/gcc/arm-none-eabi/6.3.0/../../../../arm-none-eabi/lib/libc_s.a(lib_a-init.o)

.debug_ranges   0x0000000000000000      0x358
 .debug_ranges  0x0000000000000000       0x98 build/stm32f3xx_hal_rcc.o
 .debug_ranges  0x0000000000000098       0x48 build/stm32f3xx_hal_gpio.o
 .debug_ranges  0x00000000000000e0       0x50 build/stm32f3xx_it.o
 .debug_ranges  0x0000000000000130       0xf8 build/stm32f3xx_hal_cortex.o
 .debug_ranges  0x0000000000000228       0xb8 build/stm32f3xx_hal.o
 .debug_ranges  0x00000000000002e0       0x10 build/stm32f3xx_hal_msp.o
 .debug_ranges  0x00000000000002f0       0x18 build/system_stm32f3xx.o
 .debug_ranges  0x0000000000000308       0x30 build/main.o
 .debug_ranges  0x0000000000000338       0x20 build/startup_stm32f303xc.o

.debug_line     0x0000000000000000     0x20bb
 .debug_line    0x0000000000000000      0x8a9 build/stm32f3xx_hal_rcc.o
 .debug_line    0x00000000000008a9      0x4c0 build/stm32f3xx_hal_gpio.o
 .debug_line    0x0000000000000d69      0x286 build/stm32f3xx_it.o
 .debug_line    0x0000000000000fef      0x4df build/stm32f3xx_hal_cortex.o
 .debug_line    0x00000000000014ce      0x3b5 build/stm32f3xx_hal.o
 .debug_line    0x0000000000001883      0x210 build/stm32f3xx_hal_msp.o
 .debug_line    0x0000000000001a93      0x1ff build/system_stm32f3xx.o
 .debug_line    0x0000000000001c92      0x2c9 build/main.o
 .debug_line    0x0000000000001f5b       0x74 build/startup_stm32f303xc.o
 .debug_line    0x0000000000001fcf       0xec /home/saicharan/arm/lib/gcc/arm-none-eabi/6.3.0/../../../../arm-none-eabi/lib/libc_s.a(lib_a-init.o)

.debug_str      0x0000000000000000     0x181c
 .debug_str     0x0000000000000000      0x9c3 build/stm32f3xx_hal_rcc.o
                                        0xa5d (size before relaxing)
 .debug_str     0x00000000000009c3      0x182 build/stm32f3xx_hal_gpio.o
                                        0x87e (size before relaxing)
 .debug_str     0x0000000000000b45       0xc6 build/stm32f3xx_it.o
                                        0x68a (size before relaxing)
 .debug_str     0x0000000000000c0b      0x871 build/stm32f3xx_hal_cortex.o
                                        0xf87 (size before relaxing)
 .debug_str     0x000000000000147c      0x1d1 build/stm32f3xx_hal.o
                                        0xd12 (size before relaxing)
 .debug_str     0x000000000000164d       0x18 build/stm32f3xx_hal_msp.o
                                        0xaa6 (size before relaxing)
 .debug_str     0x0000000000001665       0x57 build/system_stm32f3xx.o
                                        0x6cc (size before relaxing)
 .debug_str     0x00000000000016bc       0x54 build/main.o
                                        0xd3e (size before relaxing)
 .debug_str     0x0000000000001710      0x10c /home/saicharan/arm/lib/gcc/arm-none-eabi/6.3.0/../../../../arm-none-eabi/lib/libc_s.a(lib_a-init.o)
                                        0x1b0 (size before relaxing)

.debug_frame    0x0000000000000000      0x79c
 .debug_frame   0x0000000000000000      0x174 build/stm32f3xx_hal_rcc.o
 .debug_frame   0x0000000000000174      0x120 build/stm32f3xx_hal_gpio.o
 .debug_frame   0x0000000000000294       0xac build/stm32f3xx_it.o
 .debug_frame   0x0000000000000340      0x1a0 build/stm32f3xx_hal_cortex.o
 .debug_frame   0x00000000000004e0      0x1a8 build/stm32f3xx_hal.o
 .debug_frame   0x0000000000000688       0x2c build/stm32f3xx_hal_msp.o
 .debug_frame   0x00000000000006b4       0x30 build/system_stm32f3xx.o
 .debug_frame   0x00000000000006e4       0x8c build/main.o
 .debug_frame   0x0000000000000770       0x2c /home/saicharan/arm/lib/gcc/arm-none-eabi/6.3.0/../../../../arm-none-eabi/lib/libc_s.a(lib_a-init.o)

Cross Reference Table

Symbol                                            File
ADC1_2_IRQHandler                                 build/startup_stm32f303xc.o
ADC3_IRQHandler                                   build/startup_stm32f303xc.o
ADC4_IRQHandler                                   build/startup_stm32f303xc.o
AHBPrescTable                                     build/system_stm32f3xx.o
                                                  build/stm32f3xx_hal_rcc.o
APBPrescTable                                     build/system_stm32f3xx.o
                                                  build/stm32f3xx_hal_rcc.o
BusFault_Handler                                  build/stm32f3xx_it.o
CAN_RX1_IRQHandler                                build/startup_stm32f303xc.o
CAN_SCE_IRQHandler                                build/startup_stm32f303xc.o
COMP1_2_3_IRQHandler                              build/startup_stm32f303xc.o
COMP4_5_6_IRQHandler                              build/startup_stm32f303xc.o
COMP7_IRQHandler                                  build/startup_stm32f303xc.o
DMA1_Channel1_IRQHandler                          build/startup_stm32f303xc.o
DMA1_Channel2_IRQHandler                          build/startup_stm32f303xc.o
DMA1_Channel3_IRQHandler                          build/startup_stm32f303xc.o
DMA1_Channel4_IRQHandler                          build/startup_stm32f303xc.o
DMA1_Channel5_IRQHandler                          build/startup_stm32f303xc.o
DMA1_Channel6_IRQHandler                          build/startup_stm32f303xc.o
DMA1_Channel7_IRQHandler                          build/startup_stm32f303xc.o
DMA2_Channel1_IRQHandler                          build/startup_stm32f303xc.o
DMA2_Channel2_IRQHandler                          build/startup_stm32f303xc.o
DMA2_Channel3_IRQHandler                          build/startup_stm32f303xc.o
DMA2_Channel4_IRQHandler                          build/startup_stm32f303xc.o
DMA2_Channel5_IRQHandler                          build/startup_stm32f303xc.o
DebugMon_Handler                                  build/stm32f3xx_it.o
Default_Handler                                   build/startup_stm32f303xc.o
EXTI0_IRQHandler                                  build/startup_stm32f303xc.o
EXTI15_10_IRQHandler                              build/startup_stm32f303xc.o
EXTI1_IRQHandler                                  build/startup_stm32f303xc.o
EXTI2_TSC_IRQHandler                              build/startup_stm32f303xc.o
EXTI3_IRQHandler                                  build/startup_stm32f303xc.o
EXTI4_IRQHandler                                  build/startup_stm32f303xc.o
EXTI9_5_IRQHandler                                build/startup_stm32f303xc.o
FLASH_IRQHandler                                  build/startup_stm32f303xc.o
FLASH_PageErase                                   build/stm32f3xx_hal_flash_ex.o
                                                  build/stm32f3xx_hal_flash.o
FLASH_WaitForLastOperation                        build/stm32f3xx_hal_flash.o
                                                  build/stm32f3xx_hal_flash_ex.o
FPU_IRQHandler                                    build/startup_stm32f303xc.o
HAL_DBGMCU_DisableDBGSleepMode                    build/stm32f3xx_hal.o
HAL_DBGMCU_DisableDBGStandbyMode                  build/stm32f3xx_hal.o
HAL_DBGMCU_DisableDBGStopMode                     build/stm32f3xx_hal.o
HAL_DBGMCU_EnableDBGSleepMode                     build/stm32f3xx_hal.o
HAL_DBGMCU_EnableDBGStandbyMode                   build/stm32f3xx_hal.o
HAL_DBGMCU_EnableDBGStopMode                      build/stm32f3xx_hal.o
HAL_DMA_Abort                                     build/stm32f3xx_hal_dma.o
HAL_DMA_Abort_IT                                  build/stm32f3xx_hal_dma.o
                                                  build/stm32f3xx_hal_i2c.o
HAL_DMA_DeInit                                    build/stm32f3xx_hal_dma.o
HAL_DMA_GetError                                  build/stm32f3xx_hal_dma.o
HAL_DMA_GetState                                  build/stm32f3xx_hal_dma.o
HAL_DMA_IRQHandler                                build/stm32f3xx_hal_dma.o
HAL_DMA_Init                                      build/stm32f3xx_hal_dma.o
HAL_DMA_PollForTransfer                           build/stm32f3xx_hal_dma.o
HAL_DMA_RegisterCallback                          build/stm32f3xx_hal_dma.o
HAL_DMA_Start                                     build/stm32f3xx_hal_dma.o
HAL_DMA_Start_IT                                  build/stm32f3xx_hal_dma.o
                                                  build/stm32f3xx_hal_i2c.o
HAL_DMA_UnRegisterCallback                        build/stm32f3xx_hal_dma.o
HAL_DeInit                                        build/stm32f3xx_hal.o
HAL_Delay                                         build/stm32f3xx_hal.o
                                                  build/main.o
HAL_FLASHEx_Erase                                 build/stm32f3xx_hal_flash_ex.o
HAL_FLASHEx_Erase_IT                              build/stm32f3xx_hal_flash_ex.o
HAL_FLASHEx_OBErase                               build/stm32f3xx_hal_flash_ex.o
HAL_FLASHEx_OBGetConfig                           build/stm32f3xx_hal_flash_ex.o
HAL_FLASHEx_OBGetUserData                         build/stm32f3xx_hal_flash_ex.o
HAL_FLASHEx_OBProgram                             build/stm32f3xx_hal_flash_ex.o
HAL_FLASH_EndOfOperationCallback                  build/stm32f3xx_hal_flash.o
HAL_FLASH_GetError                                build/stm32f3xx_hal_flash.o
HAL_FLASH_IRQHandler                              build/stm32f3xx_hal_flash.o
HAL_FLASH_Lock                                    build/stm32f3xx_hal_flash.o
HAL_FLASH_OB_Launch                               build/stm32f3xx_hal_flash.o
HAL_FLASH_OB_Lock                                 build/stm32f3xx_hal_flash.o
HAL_FLASH_OB_Unlock                               build/stm32f3xx_hal_flash.o
HAL_FLASH_OperationErrorCallback                  build/stm32f3xx_hal_flash.o
HAL_FLASH_Program                                 build/stm32f3xx_hal_flash.o
HAL_FLASH_Program_IT                              build/stm32f3xx_hal_flash.o
HAL_FLASH_Unlock                                  build/stm32f3xx_hal_flash.o
HAL_GPIO_DeInit                                   build/stm32f3xx_hal_gpio.o
HAL_GPIO_EXTI_Callback                            build/stm32f3xx_hal_gpio.o
HAL_GPIO_EXTI_IRQHandler                          build/stm32f3xx_hal_gpio.o
HAL_GPIO_Init                                     build/stm32f3xx_hal_gpio.o
                                                  build/main.o
                                                  build/stm32f3xx_hal_rcc.o
HAL_GPIO_LockPin                                  build/stm32f3xx_hal_gpio.o
HAL_GPIO_ReadPin                                  build/stm32f3xx_hal_gpio.o
HAL_GPIO_TogglePin                                build/stm32f3xx_hal_gpio.o
                                                  build/main.o
HAL_GPIO_WritePin                                 build/stm32f3xx_hal_gpio.o
                                                  build/main.o
HAL_GetDEVID                                      build/stm32f3xx_hal.o
HAL_GetHalVersion                                 build/stm32f3xx_hal.o
HAL_GetREVID                                      build/stm32f3xx_hal.o
HAL_GetTick                                       build/stm32f3xx_hal.o
                                                  build/stm32f3xx_hal_i2c.o
                                                  build/stm32f3xx_hal_flash.o
                                                  build/stm32f3xx_hal_rcc_ex.o
                                                  build/stm32f3xx_hal_dma.o
                                                  build/stm32f3xx_hal_rcc.o
HAL_GetUIDw0                                      build/stm32f3xx_hal.o
HAL_GetUIDw1                                      build/stm32f3xx_hal.o
HAL_GetUIDw2                                      build/stm32f3xx_hal.o
HAL_I2CEx_ConfigAnalogFilter                      build/stm32f3xx_hal_i2c_ex.o
HAL_I2CEx_ConfigDigitalFilter                     build/stm32f3xx_hal_i2c_ex.o
HAL_I2CEx_DisableFastModePlus                     build/stm32f3xx_hal_i2c_ex.o
HAL_I2CEx_DisableWakeUp                           build/stm32f3xx_hal_i2c_ex.o
HAL_I2CEx_EnableFastModePlus                      build/stm32f3xx_hal_i2c_ex.o
HAL_I2CEx_EnableWakeUp                            build/stm32f3xx_hal_i2c_ex.o
HAL_I2C_AbortCpltCallback                         build/stm32f3xx_hal_i2c.o
HAL_I2C_AddrCallback                              build/stm32f3xx_hal_i2c.o
HAL_I2C_DeInit                                    build/stm32f3xx_hal_i2c.o
HAL_I2C_DisableListen_IT                          build/stm32f3xx_hal_i2c.o
HAL_I2C_ER_IRQHandler                             build/stm32f3xx_hal_i2c.o
HAL_I2C_EV_IRQHandler                             build/stm32f3xx_hal_i2c.o
HAL_I2C_EnableListen_IT                           build/stm32f3xx_hal_i2c.o
HAL_I2C_ErrorCallback                             build/stm32f3xx_hal_i2c.o
HAL_I2C_GetError                                  build/stm32f3xx_hal_i2c.o
HAL_I2C_GetMode                                   build/stm32f3xx_hal_i2c.o
HAL_I2C_GetState                                  build/stm32f3xx_hal_i2c.o
HAL_I2C_Init                                      build/stm32f3xx_hal_i2c.o
HAL_I2C_IsDeviceReady                             build/stm32f3xx_hal_i2c.o
HAL_I2C_ListenCpltCallback                        build/stm32f3xx_hal_i2c.o
HAL_I2C_MasterRxCpltCallback                      build/stm32f3xx_hal_i2c.o
HAL_I2C_MasterTxCpltCallback                      build/stm32f3xx_hal_i2c.o
HAL_I2C_Master_Abort_IT                           build/stm32f3xx_hal_i2c.o
HAL_I2C_Master_Receive                            build/stm32f3xx_hal_i2c.o
HAL_I2C_Master_Receive_DMA                        build/stm32f3xx_hal_i2c.o
HAL_I2C_Master_Receive_IT                         build/stm32f3xx_hal_i2c.o
HAL_I2C_Master_Sequential_Receive_IT              build/stm32f3xx_hal_i2c.o
HAL_I2C_Master_Sequential_Transmit_IT             build/stm32f3xx_hal_i2c.o
HAL_I2C_Master_Transmit                           build/stm32f3xx_hal_i2c.o
HAL_I2C_Master_Transmit_DMA                       build/stm32f3xx_hal_i2c.o
HAL_I2C_Master_Transmit_IT                        build/stm32f3xx_hal_i2c.o
HAL_I2C_MemRxCpltCallback                         build/stm32f3xx_hal_i2c.o
HAL_I2C_MemTxCpltCallback                         build/stm32f3xx_hal_i2c.o
HAL_I2C_Mem_Read                                  build/stm32f3xx_hal_i2c.o
HAL_I2C_Mem_Read_DMA                              build/stm32f3xx_hal_i2c.o
HAL_I2C_Mem_Read_IT                               build/stm32f3xx_hal_i2c.o
HAL_I2C_Mem_Write                                 build/stm32f3xx_hal_i2c.o
HAL_I2C_Mem_Write_DMA                             build/stm32f3xx_hal_i2c.o
HAL_I2C_Mem_Write_IT                              build/stm32f3xx_hal_i2c.o
HAL_I2C_MspDeInit                                 build/stm32f3xx_hal_i2c.o
HAL_I2C_MspInit                                   build/stm32f3xx_hal_i2c.o
HAL_I2C_SlaveRxCpltCallback                       build/stm32f3xx_hal_i2c.o
HAL_I2C_SlaveTxCpltCallback                       build/stm32f3xx_hal_i2c.o
HAL_I2C_Slave_Receive                             build/stm32f3xx_hal_i2c.o
HAL_I2C_Slave_Receive_DMA                         build/stm32f3xx_hal_i2c.o
HAL_I2C_Slave_Receive_IT                          build/stm32f3xx_hal_i2c.o
HAL_I2C_Slave_Sequential_Receive_IT               build/stm32f3xx_hal_i2c.o
HAL_I2C_Slave_Sequential_Transmit_IT              build/stm32f3xx_hal_i2c.o
HAL_I2C_Slave_Transmit                            build/stm32f3xx_hal_i2c.o
HAL_I2C_Slave_Transmit_DMA                        build/stm32f3xx_hal_i2c.o
HAL_I2C_Slave_Transmit_IT                         build/stm32f3xx_hal_i2c.o
HAL_IncTick                                       build/stm32f3xx_hal.o
                                                  build/stm32f3xx_it.o
HAL_Init                                          build/stm32f3xx_hal.o
                                                  build/main.o
HAL_InitTick                                      build/stm32f3xx_hal.o
                                                  build/stm32f3xx_hal_rcc.o
HAL_MPU_ConfigRegion                              build/stm32f3xx_hal_cortex.o
HAL_MPU_Disable                                   build/stm32f3xx_hal_cortex.o
HAL_MPU_Enable                                    build/stm32f3xx_hal_cortex.o
HAL_MspDeInit                                     build/stm32f3xx_hal.o
HAL_MspInit                                       build/stm32f3xx_hal_msp.o
                                                  build/stm32f3xx_hal.o
HAL_NVIC_ClearPendingIRQ                          build/stm32f3xx_hal_cortex.o
HAL_NVIC_DisableIRQ                               build/stm32f3xx_hal_cortex.o
HAL_NVIC_EnableIRQ                                build/stm32f3xx_hal_cortex.o
HAL_NVIC_GetActive                                build/stm32f3xx_hal_cortex.o
HAL_NVIC_GetPendingIRQ                            build/stm32f3xx_hal_cortex.o
HAL_NVIC_GetPriority                              build/stm32f3xx_hal_cortex.o
HAL_NVIC_GetPriorityGrouping                      build/stm32f3xx_hal_cortex.o
HAL_NVIC_SetPendingIRQ                            build/stm32f3xx_hal_cortex.o
HAL_NVIC_SetPriority                              build/stm32f3xx_hal_cortex.o
                                                  build/main.o
                                                  build/stm32f3xx_hal_msp.o
                                                  build/stm32f3xx_hal.o
HAL_NVIC_SetPriorityGrouping                      build/stm32f3xx_hal_cortex.o
                                                  build/stm32f3xx_hal_msp.o
                                                  build/stm32f3xx_hal.o
HAL_NVIC_SystemReset                              build/stm32f3xx_hal_cortex.o
HAL_PWR_ConfigPVD                                 build/stm32f3xx_hal_pwr_ex.o
HAL_PWR_DeInit                                    build/stm32f3xx_hal_pwr.o
HAL_PWR_DisableBkUpAccess                         build/stm32f3xx_hal_pwr.o
HAL_PWR_DisablePVD                                build/stm32f3xx_hal_pwr_ex.o
HAL_PWR_DisableSEVOnPend                          build/stm32f3xx_hal_pwr.o
HAL_PWR_DisableSleepOnExit                        build/stm32f3xx_hal_pwr.o
HAL_PWR_DisableWakeUpPin                          build/stm32f3xx_hal_pwr.o
HAL_PWR_EnableBkUpAccess                          build/stm32f3xx_hal_pwr.o
HAL_PWR_EnablePVD                                 build/stm32f3xx_hal_pwr_ex.o
HAL_PWR_EnableSEVOnPend                           build/stm32f3xx_hal_pwr.o
HAL_PWR_EnableSleepOnExit                         build/stm32f3xx_hal_pwr.o
HAL_PWR_EnableWakeUpPin                           build/stm32f3xx_hal_pwr.o
HAL_PWR_EnterSLEEPMode                            build/stm32f3xx_hal_pwr.o
HAL_PWR_EnterSTANDBYMode                          build/stm32f3xx_hal_pwr.o
HAL_PWR_EnterSTOPMode                             build/stm32f3xx_hal_pwr.o
HAL_PWR_PVDCallback                               build/stm32f3xx_hal_pwr_ex.o
HAL_PWR_PVD_IRQHandler                            build/stm32f3xx_hal_pwr_ex.o
HAL_RCCEx_GetPeriphCLKConfig                      build/stm32f3xx_hal_rcc_ex.o
HAL_RCCEx_GetPeriphCLKFreq                        build/stm32f3xx_hal_rcc_ex.o
HAL_RCCEx_PeriphCLKConfig                         build/stm32f3xx_hal_rcc_ex.o
HAL_RCC_CSSCallback                               build/stm32f3xx_hal_rcc.o
HAL_RCC_ClockConfig                               build/stm32f3xx_hal_rcc.o
                                                  build/main.o
HAL_RCC_DeInit                                    build/stm32f3xx_hal_rcc.o
HAL_RCC_DisableCSS                                build/stm32f3xx_hal_rcc.o
HAL_RCC_EnableCSS                                 build/stm32f3xx_hal_rcc.o
HAL_RCC_GetClockConfig                            build/stm32f3xx_hal_rcc.o
HAL_RCC_GetHCLKFreq                               build/stm32f3xx_hal_rcc.o
                                                  build/main.o
HAL_RCC_GetOscConfig                              build/stm32f3xx_hal_rcc.o
HAL_RCC_GetPCLK1Freq                              build/stm32f3xx_hal_rcc.o
                                                  build/stm32f3xx_hal_rcc_ex.o
HAL_RCC_GetPCLK2Freq                              build/stm32f3xx_hal_rcc.o
                                                  build/stm32f3xx_hal_rcc_ex.o
HAL_RCC_GetSysClockFreq                           build/stm32f3xx_hal_rcc.o
                                                  build/stm32f3xx_hal_rcc_ex.o
HAL_RCC_MCOConfig                                 build/stm32f3xx_hal_rcc.o
HAL_RCC_NMI_IRQHandler                            build/stm32f3xx_hal_rcc.o
HAL_RCC_OscConfig                                 build/stm32f3xx_hal_rcc.o
                                                  build/main.o
HAL_ResumeTick                                    build/stm32f3xx_hal.o
HAL_SYSTICK_CLKSourceConfig                       build/stm32f3xx_hal_cortex.o
                                                  build/main.o
HAL_SYSTICK_Callback                              build/stm32f3xx_hal_cortex.o
HAL_SYSTICK_Config                                build/stm32f3xx_hal_cortex.o
                                                  build/main.o
                                                  build/stm32f3xx_hal.o
HAL_SYSTICK_IRQHandler                            build/stm32f3xx_hal_cortex.o
                                                  build/stm32f3xx_it.o
HAL_SuspendTick                                   build/stm32f3xx_hal.o
HardFault_Handler                                 build/stm32f3xx_it.o
I2C1_ER_IRQHandler                                build/startup_stm32f303xc.o
I2C1_EV_IRQHandler                                build/startup_stm32f303xc.o
I2C2_ER_IRQHandler                                build/startup_stm32f303xc.o
I2C2_EV_IRQHandler                                build/startup_stm32f303xc.o
MemManage_Handler                                 build/stm32f3xx_it.o
NMI_Handler                                       build/stm32f3xx_it.o
PVD_IRQHandler                                    build/startup_stm32f303xc.o
PendSV_Handler                                    build/stm32f3xx_it.o
RCC_IRQHandler                                    build/startup_stm32f303xc.o
RTC_Alarm_IRQHandler                              build/startup_stm32f303xc.o
RTC_WKUP_IRQHandler                               build/startup_stm32f303xc.o
Reset_Handler                                     build/startup_stm32f303xc.o
SPI1_IRQHandler                                   build/startup_stm32f303xc.o
SPI2_IRQHandler                                   build/startup_stm32f303xc.o
SPI3_IRQHandler                                   build/startup_stm32f303xc.o
SVC_Handler                                       build/stm32f3xx_it.o
SysTick_Handler                                   build/stm32f3xx_it.o
SystemClock_Config                                build/main.o
SystemCoreClock                                   build/system_stm32f3xx.o
                                                  build/stm32f3xx_hal.o
                                                  build/stm32f3xx_hal_rcc_ex.o
                                                  build/stm32f3xx_hal_rcc.o
SystemCoreClockUpdate                             build/system_stm32f3xx.o
SystemInit                                        build/system_stm32f3xx.o
                                                  build/startup_stm32f303xc.o
TAMP_STAMP_IRQHandler                             build/startup_stm32f303xc.o
TIM1_BRK_TIM15_IRQHandler                         build/startup_stm32f303xc.o
TIM1_CC_IRQHandler                                build/startup_stm32f303xc.o
TIM1_TRG_COM_TIM17_IRQHandler                     build/startup_stm32f303xc.o
TIM1_UP_TIM16_IRQHandler                          build/startup_stm32f303xc.o
TIM2_IRQHandler                                   build/startup_stm32f303xc.o
TIM3_IRQHandler                                   build/startup_stm32f303xc.o
TIM4_IRQHandler                                   build/startup_stm32f303xc.o
TIM6_DAC_IRQHandler                               build/startup_stm32f303xc.o
TIM7_IRQHandler                                   build/startup_stm32f303xc.o
TIM8_BRK_IRQHandler                               build/startup_stm32f303xc.o
TIM8_CC_IRQHandler                                build/startup_stm32f303xc.o
TIM8_TRG_COM_IRQHandler                           build/startup_stm32f303xc.o
TIM8_UP_IRQHandler                                build/startup_stm32f303xc.o
UART4_IRQHandler                                  build/startup_stm32f303xc.o
UART5_IRQHandler                                  build/startup_stm32f303xc.o
USART1_IRQHandler                                 build/startup_stm32f303xc.o
USART2_IRQHandler                                 build/startup_stm32f303xc.o
USART3_IRQHandler                                 build/startup_stm32f303xc.o
USBWakeUp_IRQHandler                              build/startup_stm32f303xc.o
USBWakeUp_RMP_IRQHandler                          build/startup_stm32f303xc.o
USB_HP_CAN_TX_IRQHandler                          build/startup_stm32f303xc.o
USB_HP_IRQHandler                                 build/startup_stm32f303xc.o
USB_LP_CAN_RX0_IRQHandler                         build/startup_stm32f303xc.o
USB_LP_IRQHandler                                 build/startup_stm32f303xc.o
UsageFault_Handler                                build/stm32f3xx_it.o
WWDG_IRQHandler                                   build/startup_stm32f303xc.o
_Error_Handler                                    build/main.o
_ITM_deregisterTMCloneTable                       /home/saicharan/arm/lib/gcc/arm-none-eabi/6.3.0/crtbegin.o
_ITM_registerTMCloneTable                         /home/saicharan/arm/lib/gcc/arm-none-eabi/6.3.0/crtbegin.o
_Jv_RegisterClasses                               /home/saicharan/arm/lib/gcc/arm-none-eabi/6.3.0/crtbegin.o
__TMC_END__                                       /home/saicharan/arm/lib/gcc/arm-none-eabi/6.3.0/crtend.o
                                                  /home/saicharan/arm/lib/gcc/arm-none-eabi/6.3.0/crtbegin.o
__bss_end__                                       /home/saicharan/arm/lib/gcc/arm-none-eabi/6.3.0/../../../../arm-none-eabi/lib/crt0.o
__bss_start__                                     /home/saicharan/arm/lib/gcc/arm-none-eabi/6.3.0/../../../../arm-none-eabi/lib/crt0.o
__call_exitprocs                                  /home/saicharan/arm/lib/gcc/arm-none-eabi/6.3.0/../../../../arm-none-eabi/lib/libc_s.a(lib_a-exit.o)
__deregister_frame_info                           /home/saicharan/arm/lib/gcc/arm-none-eabi/6.3.0/crtbegin.o
__dso_handle                                      /home/saicharan/arm/lib/gcc/arm-none-eabi/6.3.0/crtbegin.o
__init_array_end                                  /home/saicharan/arm/lib/gcc/arm-none-eabi/6.3.0/../../../../arm-none-eabi/lib/libc_s.a(lib_a-init.o)
__init_array_start                                /home/saicharan/arm/lib/gcc/arm-none-eabi/6.3.0/../../../../arm-none-eabi/lib/libc_s.a(lib_a-init.o)
__libc_fini_array                                 /home/saicharan/arm/lib/gcc/arm-none-eabi/6.3.0/../../../../arm-none-eabi/lib/crt0.o
__libc_init_array                                 /home/saicharan/arm/lib/gcc/arm-none-eabi/6.3.0/../../../../arm-none-eabi/lib/libc_s.a(lib_a-init.o)
                                                  build/startup_stm32f303xc.o
                                                  /home/saicharan/arm/lib/gcc/arm-none-eabi/6.3.0/../../../../arm-none-eabi/lib/crt0.o
__preinit_array_end                               /home/saicharan/arm/lib/gcc/arm-none-eabi/6.3.0/../../../../arm-none-eabi/lib/libc_s.a(lib_a-init.o)
__preinit_array_start                             /home/saicharan/arm/lib/gcc/arm-none-eabi/6.3.0/../../../../arm-none-eabi/lib/libc_s.a(lib_a-init.o)
__register_frame_info                             /home/saicharan/arm/lib/gcc/arm-none-eabi/6.3.0/crtbegin.o
__sf_fake_stderr                                  /home/saicharan/arm/lib/gcc/arm-none-eabi/6.3.0/../../../../arm-none-eabi/lib/libc_s.a(lib_a-impure.o)
__sf_fake_stdin                                   /home/saicharan/arm/lib/gcc/arm-none-eabi/6.3.0/../../../../arm-none-eabi/lib/libc_s.a(lib_a-impure.o)
__sf_fake_stdout                                  /home/saicharan/arm/lib/gcc/arm-none-eabi/6.3.0/../../../../arm-none-eabi/lib/libc_s.a(lib_a-impure.o)
__stack                                           /home/saicharan/arm/lib/gcc/arm-none-eabi/6.3.0/../../../../arm-none-eabi/lib/crt0.o
_ebss                                             build/startup_stm32f303xc.o
_edata                                            build/startup_stm32f303xc.o
_estack                                           build/startup_stm32f303xc.o
_exit                                             /home/saicharan/arm/lib/gcc/arm-none-eabi/6.3.0/../../../../arm-none-eabi/lib/libnosys.a(_exit.o)
                                                  /home/saicharan/arm/lib/gcc/arm-none-eabi/6.3.0/../../../../arm-none-eabi/lib/libc_s.a(lib_a-exit.o)
_fini                                             /home/saicharan/arm/lib/gcc/arm-none-eabi/6.3.0/crti.o
_global_impure_ptr                                /home/saicharan/arm/lib/gcc/arm-none-eabi/6.3.0/../../../../arm-none-eabi/lib/libc_s.a(lib_a-impure.o)
                                                  /home/saicharan/arm/lib/gcc/arm-none-eabi/6.3.0/../../../../arm-none-eabi/lib/libc_s.a(lib_a-exit.o)
_impure_ptr                                       /home/saicharan/arm/lib/gcc/arm-none-eabi/6.3.0/../../../../arm-none-eabi/lib/libc_s.a(lib_a-impure.o)
_init                                             /home/saicharan/arm/lib/gcc/arm-none-eabi/6.3.0/crti.o
                                                  /home/saicharan/arm/lib/gcc/arm-none-eabi/6.3.0/../../../../arm-none-eabi/lib/libc_s.a(lib_a-init.o)
_mainCRTStartup                                   /home/saicharan/arm/lib/gcc/arm-none-eabi/6.3.0/../../../../arm-none-eabi/lib/crt0.o
_sbss                                             build/startup_stm32f303xc.o
_sdata                                            build/startup_stm32f303xc.o
_sidata                                           build/startup_stm32f303xc.o
_start                                            /home/saicharan/arm/lib/gcc/arm-none-eabi/6.3.0/../../../../arm-none-eabi/lib/crt0.o
aPLLMULFactorTable                                build/stm32f3xx_hal_rcc.o
aPredivFactorTable                                build/stm32f3xx_hal_rcc.o
assert_failed                                     build/main.o
                                                  build/stm32f3xx_hal_i2c.o
                                                  build/stm32f3xx_hal_pwr_ex.o
                                                  build/stm32f3xx_hal_cortex.o
                                                  build/stm32f3xx_hal_flash.o
                                                  build/stm32f3xx_hal_i2c_ex.o
                                                  build/stm32f3xx_hal_pwr.o
                                                  build/stm32f3xx_hal_rcc_ex.o
                                                  build/stm32f3xx_hal_gpio.o
                                                  build/stm32f3xx_hal_dma.o
                                                  build/stm32f3xx_hal_flash_ex.o
                                                  build/stm32f3xx_hal_rcc.o
atexit                                            /home/saicharan/arm/lib/gcc/arm-none-eabi/6.3.0/../../../../arm-none-eabi/lib/crt0.o
exit                                              /home/saicharan/arm/lib/gcc/arm-none-eabi/6.3.0/../../../../arm-none-eabi/lib/libc_s.a(lib_a-exit.o)
                                                  /home/saicharan/arm/lib/gcc/arm-none-eabi/6.3.0/../../../../arm-none-eabi/lib/crt0.o
g_pfnVectors                                      build/startup_stm32f303xc.o
hardware_init_hook                                /home/saicharan/arm/lib/gcc/arm-none-eabi/6.3.0/../../../../arm-none-eabi/lib/crt0.o
main                                              build/main.o
                                                  build/startup_stm32f303xc.o
                                                  /home/saicharan/arm/lib/gcc/arm-none-eabi/6.3.0/../../../../arm-none-eabi/lib/crt0.o
memset                                            /home/saicharan/arm/lib/gcc/arm-none-eabi/6.3.0/../../../../arm-none-eabi/lib/libc_s.a(lib_a-memset.o)
                                                  /home/saicharan/arm/lib/gcc/arm-none-eabi/6.3.0/../../../../arm-none-eabi/lib/crt0.o
pFlash                                            build/stm32f3xx_hal_flash.o
                                                  build/stm32f3xx_hal_flash_ex.o
software_init_hook                                /home/saicharan/arm/lib/gcc/arm-none-eabi/6.3.0/../../../../arm-none-eabi/lib/crt0.o
uwTick                                            build/stm32f3xx_hal.o
